Component: ARM Compiler 5.06 update 5 (build 528) Tool: armlink [4d35e2]

==============================================================================

Section Cross References

    startup_stm32f407xx.o(RESET) refers to startup_stm32f407xx.o(STACK) for __initial_sp
    startup_stm32f407xx.o(RESET) refers to startup_stm32f407xx.o(.text) for Reset_Handler
    startup_stm32f407xx.o(RESET) refers to stm32f4xx_it.o(i.NMI_Handler) for NMI_Handler
    startup_stm32f407xx.o(RESET) refers to stm32f4xx_it.o(i.HardFault_Handler) for HardFault_Handler
    startup_stm32f407xx.o(RESET) refers to stm32f4xx_it.o(i.MemManage_Handler) for MemManage_Handler
    startup_stm32f407xx.o(RESET) refers to stm32f4xx_it.o(i.BusFault_Handler) for BusFault_Handler
    startup_stm32f407xx.o(RESET) refers to stm32f4xx_it.o(i.UsageFault_Handler) for UsageFault_Handler
    startup_stm32f407xx.o(RESET) refers to stm32f4xx_it.o(i.SVC_Handler) for SVC_Handler
    startup_stm32f407xx.o(RESET) refers to stm32f4xx_it.o(i.DebugMon_Handler) for DebugMon_Handler
    startup_stm32f407xx.o(RESET) refers to stm32f4xx_it.o(i.PendSV_Handler) for PendSV_Handler
    startup_stm32f407xx.o(RESET) refers to stm32f4xx_it.o(i.SysTick_Handler) for SysTick_Handler
    startup_stm32f407xx.o(RESET) refers to stm32f4xx_it.o(i.USART1_IRQHandler) for USART1_IRQHandler
    startup_stm32f407xx.o(RESET) refers to stm32f4xx_it.o(i.DMA2_Stream1_IRQHandler) for DMA2_Stream1_IRQHandler
    startup_stm32f407xx.o(RESET) refers to stm32f4xx_it.o(i.USART6_IRQHandler) for USART6_IRQHandler
    startup_stm32f407xx.o(.text) refers to system_stm32f4xx.o(i.SystemInit) for SystemInit
    startup_stm32f407xx.o(.text) refers to entry.o(.ARM.Collect$$$$00000000) for __main
    stm32f4xx_hal.o(i.HAL_DeInit) refers to stm32f4xx_hal.o(i.HAL_MspDeInit) for HAL_MspDeInit
    stm32f4xx_hal.o(i.HAL_Delay) refers to stm32f4xx_hal.o(i.HAL_GetTick) for HAL_GetTick
    stm32f4xx_hal.o(i.HAL_GetTick) refers to stm32f4xx_hal.o(.data) for uwTick
    stm32f4xx_hal.o(i.HAL_IncTick) refers to stm32f4xx_hal.o(.data) for uwTick
    stm32f4xx_hal.o(i.HAL_Init) refers to stm32f4xx_hal_cortex.o(i.HAL_NVIC_SetPriorityGrouping) for HAL_NVIC_SetPriorityGrouping
    stm32f4xx_hal.o(i.HAL_Init) refers to stm32f4xx_hal.o(i.HAL_InitTick) for HAL_InitTick
    stm32f4xx_hal.o(i.HAL_Init) refers to stm32f4xx_hal_msp.o(i.HAL_MspInit) for HAL_MspInit
    stm32f4xx_hal.o(i.HAL_InitTick) refers to stm32f4xx_hal_cortex.o(i.HAL_SYSTICK_Config) for HAL_SYSTICK_Config
    stm32f4xx_hal.o(i.HAL_InitTick) refers to stm32f4xx_hal_cortex.o(i.HAL_NVIC_SetPriority) for HAL_NVIC_SetPriority
    stm32f4xx_hal.o(i.HAL_InitTick) refers to system_stm32f4xx.o(.data) for SystemCoreClock
    stm32f4xx_hal_flash.o(i.FLASH_SetErrorCode) refers to stm32f4xx_hal_flash.o(.bss) for pFlash
    stm32f4xx_hal_flash.o(i.FLASH_WaitForLastOperation) refers to stm32f4xx_hal.o(i.HAL_GetTick) for HAL_GetTick
    stm32f4xx_hal_flash.o(i.FLASH_WaitForLastOperation) refers to stm32f4xx_hal_flash.o(i.FLASH_SetErrorCode) for FLASH_SetErrorCode
    stm32f4xx_hal_flash.o(i.FLASH_WaitForLastOperation) refers to stm32f4xx_hal_flash.o(.bss) for pFlash
    stm32f4xx_hal_flash.o(i.HAL_FLASH_GetError) refers to stm32f4xx_hal_flash.o(.bss) for pFlash
    stm32f4xx_hal_flash.o(i.HAL_FLASH_IRQHandler) refers to stm32f4xx_hal_flash.o(i.FLASH_SetErrorCode) for FLASH_SetErrorCode
    stm32f4xx_hal_flash.o(i.HAL_FLASH_IRQHandler) refers to stm32f4xx_hal_flash.o(i.HAL_FLASH_OperationErrorCallback) for HAL_FLASH_OperationErrorCallback
    stm32f4xx_hal_flash.o(i.HAL_FLASH_IRQHandler) refers to stm32f4xx_hal_flash.o(i.HAL_FLASH_EndOfOperationCallback) for HAL_FLASH_EndOfOperationCallback
    stm32f4xx_hal_flash.o(i.HAL_FLASH_IRQHandler) refers to stm32f4xx_hal_flash_ex.o(i.FLASH_Erase_Sector) for FLASH_Erase_Sector
    stm32f4xx_hal_flash.o(i.HAL_FLASH_IRQHandler) refers to stm32f4xx_hal_flash_ex.o(i.FLASH_FlushCaches) for FLASH_FlushCaches
    stm32f4xx_hal_flash.o(i.HAL_FLASH_IRQHandler) refers to stm32f4xx_hal_flash.o(.bss) for pFlash
    stm32f4xx_hal_flash.o(i.HAL_FLASH_OB_Launch) refers to stm32f4xx_hal_flash.o(i.FLASH_WaitForLastOperation) for FLASH_WaitForLastOperation
    stm32f4xx_hal_flash.o(i.HAL_FLASH_Program) refers to stm32f4xx_hal_flash.o(i.FLASH_WaitForLastOperation) for FLASH_WaitForLastOperation
    stm32f4xx_hal_flash.o(i.HAL_FLASH_Program) refers to stm32f4xx_hal_flash.o(i.FLASH_Program_Byte) for FLASH_Program_Byte
    stm32f4xx_hal_flash.o(i.HAL_FLASH_Program) refers to stm32f4xx_hal_flash.o(i.FLASH_Program_HalfWord) for FLASH_Program_HalfWord
    stm32f4xx_hal_flash.o(i.HAL_FLASH_Program) refers to stm32f4xx_hal_flash.o(i.FLASH_Program_Word) for FLASH_Program_Word
    stm32f4xx_hal_flash.o(i.HAL_FLASH_Program) refers to stm32f4xx_hal_flash.o(i.FLASH_Program_DoubleWord) for FLASH_Program_DoubleWord
    stm32f4xx_hal_flash.o(i.HAL_FLASH_Program) refers to stm32f4xx_hal_flash.o(.bss) for pFlash
[...]
    Removing stm32f4xx_hal_pwr_ex.o(i.HAL_PWREx_EnableFlashPowerDown), (12 bytes).
    Removing stm32f4xx_hal_pwr_ex.o(i.HAL_PWREx_GetVoltageRange), (16 bytes).
    Removing stm32f4xx_hal_adc.o(.rev16_text), (4 bytes).
    Removing stm32f4xx_hal_adc.o(.revsh_text), (4 bytes).
    Removing stm32f4xx_hal_adc.o(.rrx_text), (6 bytes).
    Removing stm32f4xx_hal_adc.o(i.HAL_ADC_AnalogWDGConfig), (136 bytes).
    Removing stm32f4xx_hal_adc.o(i.HAL_ADC_DeInit), (68 bytes).
    Removing stm32f4xx_hal_adc.o(i.HAL_ADC_GetError), (6 bytes).
    Removing stm32f4xx_hal_adc.o(i.HAL_ADC_GetState), (6 bytes).
    Removing stm32f4xx_hal_adc.o(i.HAL_ADC_GetValue), (8 bytes).
    Removing stm32f4xx_hal_adc.o(i.HAL_ADC_IRQHandler), (372 bytes).
    Removing stm32f4xx_hal_adc.o(i.HAL_ADC_LevelOutOfWindowCallback), (2 bytes).
    Removing stm32f4xx_hal_adc.o(i.HAL_ADC_MspDeInit), (2 bytes).
    Removing stm32f4xx_hal_adc.o(i.HAL_ADC_MspInit), (2 bytes).
    Removing stm32f4xx_hal_adc.o(i.HAL_ADC_PollForConversion), (186 bytes).
    Removing stm32f4xx_hal_adc.o(i.HAL_ADC_PollForEvent), (118 bytes).
    Removing stm32f4xx_hal_adc.o(i.HAL_ADC_Start), (256 bytes).
    Removing stm32f4xx_hal_adc.o(i.HAL_ADC_Start_IT), (272 bytes).
    Removing stm32f4xx_hal_adc.o(i.HAL_ADC_Stop), (72 bytes).
    Removing stm32f4xx_hal_adc.o(i.HAL_ADC_Stop_DMA), (108 bytes).
    Removing stm32f4xx_hal_adc.o(i.HAL_ADC_Stop_IT), (88 bytes).
    Removing stm32f4xx_hal_dac_ex.o(.rev16_text), (4 bytes).
    Removing stm32f4xx_hal_dac_ex.o(.revsh_text), (4 bytes).
    Removing stm32f4xx_hal_dac_ex.o(.rrx_text), (6 bytes).
    Removing stm32f4xx_hal_dac_ex.o(i.DAC_DMAConvCpltCh2), (18 bytes).
    Removing stm32f4xx_hal_dac_ex.o(i.DAC_DMAErrorCh2), (26 bytes).
    Removing stm32f4xx_hal_dac_ex.o(i.DAC_DMAHalfConvCpltCh2), (14 bytes).
    Removing stm32f4xx_hal_dac_ex.o(i.HAL_DACEx_ConvCpltCallbackCh2), (2 bytes).
    Removing stm32f4xx_hal_dac_ex.o(i.HAL_DACEx_ConvHalfCpltCallbackCh2), (2 bytes).
    Removing stm32f4xx_hal_dac_ex.o(i.HAL_DACEx_DMAUnderrunCallbackCh2), (2 bytes).
    Removing stm32f4xx_hal_dac_ex.o(i.HAL_DACEx_DualGetValue), (20 bytes).
    Removing stm32f4xx_hal_dac_ex.o(i.HAL_DACEx_DualSetValue), (36 bytes).
    Removing stm32f4xx_hal_dac_ex.o(i.HAL_DACEx_ErrorCallbackCh2), (2 bytes).
    Removing stm32f4xx_hal_dac_ex.o(i.HAL_DACEx_NoiseWaveGenerate), (66 bytes).
    Removing stm32f4xx_hal_dac_ex.o(i.HAL_DACEx_TriangleWaveGenerate), (66 bytes).
    Removing stm32f4xx_hal_rcc_ex.o(.rev16_text), (4 bytes).
    Removing stm32f4xx_hal_rcc_ex.o(.revsh_text), (4 bytes).
    Removing stm32f4xx_hal_rcc_ex.o(.rrx_text), (6 bytes).
    Removing stm32f4xx_hal_rcc_ex.o(i.HAL_RCCEx_GetPeriphCLKConfig), (56 bytes).
    Removing stm32f4xx_hal_rcc_ex.o(i.HAL_RCCEx_GetPeriphCLKFreq), (144 bytes).
    Removing stm32f4xx_hal_rcc_ex.o(i.HAL_RCCEx_PeriphCLKConfig), (416 bytes).
    Removing stm32f4xx_hal_rcc_ex.o(i.HAL_RCC_DeInit), (320 bytes).
    Removing system_stm32f4xx.o(.rev16_text), (4 bytes).
    Removing system_stm32f4xx.o(.revsh_text), (4 bytes).
    Removing system_stm32f4xx.o(.rrx_text), (6 bytes).
    Removing system_stm32f4xx.o(i.SystemCoreClockUpdate), (192 bytes).
    Removing main.o(.rev16_text), (4 bytes).
    Removing main.o(.revsh_text), (4 bytes).
    Removing main.o(.rrx_text), (6 bytes).
    Removing main.o(i.FlyToSky), (120 bytes).
    Removing main.o(i.HAL_CAN_RxCpltCallback), (232 bytes).
    Removing main.o(i.HAL_TIM_PeriodElapsedCallback), (2 bytes).
    Removing main.o(i.JoystickGet), (180 bytes).
    Removing main.o(i.JoystickMapping), (756 bytes).
    Removing main.o(i.MotorAngleSTAT), (136 bytes).
    Removing main.o(i.MotorPidAngle), (236 bytes).
    Removing main.o(i.fgetc), (28 bytes).
    Removing stm32f4xx_hal_msp.o(.rev16_text), (4 bytes).
    Removing stm32f4xx_hal_msp.o(.revsh_text), (4 bytes).
    Removing stm32f4xx_hal_msp.o(.rrx_text), (6 bytes).
    Removing stm32f4xx_hal_msp.o(i.HAL_ADC_MspDeInit), (92 bytes).
    Removing stm32f4xx_hal_msp.o(i.HAL_CAN_MspDeInit), (76 bytes).
    Removing stm32f4xx_hal_msp.o(i.HAL_DAC_MspDeInit), (48 bytes).
    Removing stm32f4xx_hal_msp.o(i.HAL_TIM_Base_MspDeInit), (224 bytes).
    Removing stm32f4xx_hal_msp.o(i.HAL_UART_MspDeInit), (184 bytes).
    Removing stm32f4xx_it.o(.rev16_text), (4 bytes).
    Removing stm32f4xx_it.o(.revsh_text), (4 bytes).
    Removing stm32f4xx_it.o(.rrx_text), (6 bytes).
    Removing ddiv.o(.text), (222 bytes).
    Removing dfixul.o(.text), (48 bytes).
    Removing cdrcmple.o(.text), (48 bytes).

445 unused section(s) (total 36880 bytes) removed from the image.

==============================================================================

Image Symbol Table

    Local Symbols

    Symbol Name                              Value     Ov Type        Size  Object(Section)

    ../Src/main.c                            0x00000000   Number         0  main.o ABSOLUTE
    ../Src/stm32f4xx_hal_msp.c               0x00000000   Number         0  stm32f4xx_hal_msp.o ABSOLUTE
    ../Src/stm32f4xx_it.c                    0x00000000   Number         0  stm32f4xx_it.o ABSOLUTE
    ../Src/system_stm32f4xx.c                0x00000000   Number         0  system_stm32f4xx.o ABSOLUTE
    ../clib/microlib/division.c              0x00000000   Number         0  uldiv.o ABSOLUTE
    ../clib/microlib/division.c              0x00000000   Number         0  uidiv.o ABSOLUTE
    ../clib/microlib/init/entry.s            0x00000000   Number         0  entry9a.o ABSOLUTE
    ../clib/microlib/init/entry.s            0x00000000   Number         0  entry2.o ABSOLUTE
    ../clib/microlib/init/entry.s            0x00000000   Number         0  entry8b.o ABSOLUTE
    ../clib/microlib/init/entry.s            0x00000000   Number         0  entry8a.o ABSOLUTE
    ../clib/microlib/init/entry.s            0x00000000   Number         0  entry7b.o ABSOLUTE
    ../clib/microlib/init/entry.s            0x00000000   Number         0  entry7a.o ABSOLUTE
    ../clib/microlib/init/entry.s            0x00000000   Number         0  entry5.o ABSOLUTE
    ../clib/microlib/init/entry.s            0x00000000   Number         0  entry.o ABSOLUTE
    ../clib/microlib/init/entry.s            0x00000000   Number         0  entry9b.o ABSOLUTE
    ../clib/microlib/init/entry.s            0x00000000   Number         0  entry11b.o ABSOLUTE
    ../clib/microlib/init/entry.s            0x00000000   Number         0  entry11a.o ABSOLUTE
    ../clib/microlib/init/entry.s            0x00000000   Number         0  entry10b.o ABSOLUTE
    ../clib/microlib/init/entry.s            0x00000000   Number         0  entry10a.o ABSOLUTE
    ../clib/microlib/longlong.c              0x00000000   Number         0  llushr.o ABSOLUTE
    ../clib/microlib/longlong.c              0x00000000   Number         0  llsshr.o ABSOLUTE
    ../clib/microlib/longlong.c              0x00000000   Number         0  llshl.o ABSOLUTE
    ../clib/microlib/printf/printf.c         0x00000000   Number         0  printf5.o ABSOLUTE
    ../clib/microlib/printf/printf.c         0x00000000   Number         0  printfa.o ABSOLUTE
    ../clib/microlib/printf/printf.c         0x00000000   Number         0  printf0.o ABSOLUTE
    ../clib/microlib/printf/printf.c         0x00000000   Number         0  printf6.o ABSOLUTE
    ../clib/microlib/printf/printf.c         0x00000000   Number         0  printf7.o ABSOLUTE
    ../clib/microlib/printf/printf.c         0x00000000   Number         0  printfb.o ABSOLUTE
    ../clib/microlib/printf/printf.c         0x00000000   Number         0  printf1.o ABSOLUTE
    ../clib/microlib/printf/printf.c         0x00000000   Number         0  printf8.o ABSOLUTE
    ../clib/microlib/printf/printf.c         0x00000000   Number         0  printf3.o ABSOLUTE
    ../clib/microlib/printf/printf.c         0x00000000   Number         0  printf4.o ABSOLUTE
    ../clib/microlib/printf/printf.c         0x00000000   Number         0  printf2.o ABSOLUTE
    ../clib/microlib/printf/stubs.s          0x00000000   Number         0  stubs.o ABSOLUTE
    ../clib/microlib/stdio/streams.c         0x00000000   Number         0  stdout.o ABSOLUTE
    ../clib/microlib/stubs.s                 0x00000000   Number         0  iusefp.o ABSOLUTE
    ../fplib/microlib/fpadd.c                0x00000000   Number         0  dadd.o ABSOLUTE
    ../fplib/microlib/fpdiv.c                0x00000000   Number         0  ddiv.o ABSOLUTE
    ../fplib/microlib/fpepilogue.c           0x00000000   Number         0  depilogue.o ABSOLUTE
    ../fplib/microlib/fpfix.c                0x00000000   Number         0  dfixi.o ABSOLUTE
    ../fplib/microlib/fpfix.c                0x00000000   Number         0  dfixul.o ABSOLUTE
    ../fplib/microlib/fpflt.c                0x00000000   Number         0  dflti.o ABSOLUTE
    ../fplib/microlib/fpmul.c                0x00000000   Number         0  dmul.o ABSOLUTE
    ..\Src\main.c                            0x00000000   Number         0  main.o ABSOLUTE
    ..\Src\stm32f4xx_hal_msp.c               0x00000000   Number         0  stm32f4xx_hal_msp.o ABSOLUTE
    ..\Src\stm32f4xx_it.c                    0x00000000   Number         0  stm32f4xx_it.o ABSOLUTE
    ..\Src\system_stm32f4xx.c                0x00000000   Number         0  system_stm32f4xx.o ABSOLUTE
    C:/Users/xiayu/STM32Cube/Repository/STM32Cube_FW_F4_V1.18.0/Drivers/STM32F4xx_HAL_Driver/Src/stm32f4xx_hal.c 0x00000000   Number         0  stm32f4xx_hal.o ABSOLUTE
    C:/Users/xiayu/STM32Cube/Repository/STM32Cube_FW_F4_V1.18.0/Drivers/STM32F4xx_HAL_Driver/Src/stm32f4xx_hal_adc.c 0x00000000   Number         0  stm32f4xx_hal_adc.o ABSOLUTE
    C:/Users/xiayu/STM32Cube/Repository/STM32Cube_FW_F4_V1.18.0/Drivers/STM32F4xx_HAL_Driver/Src/stm32f4xx_hal_adc_ex.c 0x00000000   Number         0  stm32f4xx_hal_adc_ex.o ABSOLUTE
    C:/Users/xiayu/STM32Cube/Repository/STM32Cube_FW_F4_V1.18.0/Drivers/STM32F4xx_HAL_Driver/Src/stm32f4xx_hal_can.c 0x00000000   Number         0  stm32f4xx_hal_can.o ABSOLUTE
    C:/Users/xiayu/STM32Cube/Repository/STM32Cube_FW_F4_V1.18.0/Drivers/STM32F4xx_HAL_Driver/Src/stm32f4xx_hal_cortex.c 0x00000000   Number         0  stm32f4xx_hal_cortex.o ABSOLUTE
    C:/Users/xiayu/STM32Cube/Repository/STM32Cube_FW_F4_V1.18.0/Drivers/STM32F4xx_HAL_Driver/Src/stm32f4xx_hal_dac.c 0x00000000   Number         0  stm32f4xx_hal_dac.o ABSOLUTE
    C:/Users/xiayu/STM32Cube/Repository/STM32Cube_FW_F4_V1.18.0/Drivers/STM32F4xx_HAL_Driver/Src/stm32f4xx_hal_dac_ex.c 0x00000000   Number         0  stm32f4xx_hal_dac_ex.o ABSOLUTE
    C:/Users/xiayu/STM32Cube/Repository/STM32Cube_FW_F4_V1.18.0/Drivers/STM32F4xx_HAL_Driver/Src/stm32f4xx_hal_dma.c 0x00000000   Number         0  stm32f4xx_hal_dma.o ABSOLUTE
    C:/Users/xiayu/STM32Cube/Repository/STM32Cube_FW_F4_V1.18.0/Drivers/STM32F4xx_HAL_Driver/Src/stm32f4xx_hal_dma_ex.c 0x00000000   Number         0  stm32f4xx_hal_dma_ex.o ABSOLUTE
    C:/Users/xiayu/STM32Cube/Repository/STM32Cube_FW_F4_V1.18.0/Drivers/STM32F4xx_HAL_Driver/Src/stm32f4xx_hal_flash.c 0x00000000   Number         0  stm32f4xx_hal_flash.o ABSOLUTE
    C:/Users/xiayu/STM32Cube/Repository/STM32Cube_FW_F4_V1.18.0/Drivers/STM32F4xx_HAL_Driver/Src/stm32f4xx_hal_flash_ex.c 0x00000000   Number         0  stm32f4xx_hal_flash_ex.o ABSOLUTE
    C:/Users/xiayu/STM32Cube/Repository/STM32Cube_FW_F4_V1.18.0/Drivers/STM32F4xx_HAL_Driver/Src/stm32f4xx_hal_flash_ramfunc.c 0x00000000   Number         0  stm32f4xx_hal_flash_ramfunc.o ABSOLUTE
    C:/Users/xiayu/STM32Cube/Repository/STM32Cube_FW_F4_V1.18.0/Drivers/STM32F4xx_HAL_Driver/Src/stm32f4xx_hal_gpio.c 0x00000000   Number         0  stm32f4xx_hal_gpio.o ABSOLUTE
    C:/Users/xiayu/STM32Cube/Repository/STM32Cube_FW_F4_V1.18.0/Drivers/STM32F4xx_HAL_Driver/Src/stm32f4xx_hal_pwr.c 0x00000000   Number         0  stm32f4xx_hal_pwr.o ABSOLUTE
    C:/Users/xiayu/STM32Cube/Repository/STM32Cube_FW_F4_V1.18.0/Drivers/STM32F4xx_HAL_Driver/Src/stm32f4xx_hal_pwr_ex.c 0x00000000   Number         0  stm32f4xx_hal_pwr_ex.o ABSOLUTE
    C:/Users/xiayu/STM32Cube/Repository/STM32Cube_FW_F4_V1.18.0/Drivers/STM32F4xx_HAL_Driver/Src/stm32f4xx_hal_rcc.c 0x00000000   Number         0  stm32f4xx_hal_rcc.o ABSOLUTE
    C:/Users/xiayu/STM32Cube/Repository/STM32Cube_FW_F4_V1.18.0/Drivers/STM32F4xx_HAL_Driver/Src/stm32f4xx_hal_rcc_ex.c 0x00000000   Number         0  stm32f4xx_hal_rcc_ex.o ABSOLUTE
    C:/Users/xiayu/STM32Cube/Repository/STM32Cube_FW_F4_V1.18.0/Drivers/STM32F4xx_HAL_Driver/Src/stm32f4xx_hal_tim.c 0x00000000   Number         0  stm32f4xx_hal_tim.o ABSOLUTE
    C:/Users/xiayu/STM32Cube/Repository/STM32Cube_FW_F4_V1.18.0/Drivers/STM32F4xx_HAL_Driver/Src/stm32f4xx_hal_tim_ex.c 0x00000000   Number         0  stm32f4xx_hal_tim_ex.o ABSOLUTE
    C:/Users/xiayu/STM32Cube/Repository/STM32Cube_FW_F4_V1.18.0/Drivers/STM32F4xx_HAL_Driver/Src/stm32f4xx_hal_uart.c 0x00000000   Number         0  stm32f4xx_hal_uart.o ABSOLUTE
    C:\Users\xiayu\STM32Cube\Repository\STM32Cube_FW_F4_V1.18.0\Drivers\STM32F4xx_HAL_Driver\Src\stm32f4xx_hal.c 0x00000000   Number         0  stm32f4xx_hal.o ABSOLUTE
    C:\Users\xiayu\STM32Cube\Repository\STM32Cube_FW_F4_V1.18.0\Drivers\STM32F4xx_HAL_Driver\Src\stm32f4xx_hal_adc.c 0x00000000   Number         0  stm32f4xx_hal_adc.o ABSOLUTE
    C:\Users\xiayu\STM32Cube\Repository\STM32Cube_FW_F4_V1.18.0\Drivers\STM32F4xx_HAL_Driver\Src\stm32f4xx_hal_adc_ex.c 0x00000000   Number         0  stm32f4xx_hal_adc_ex.o ABSOLUTE
    C:\Users\xiayu\STM32Cube\Repository\STM32Cube_FW_F4_V1.18.0\Drivers\STM32F4xx_HAL_Driver\Src\stm32f4xx_hal_can.c 0x00000000   Number         0  stm32f4xx_hal_can.o ABSOLUTE
    C:\Users\xiayu\STM32Cube\Repository\STM32Cube_FW_F4_V1.18.0\Drivers\STM32F4xx_HAL_Driver\Src\stm32f4xx_hal_cortex.c 0x00000000   Number         0  stm32f4xx_hal_cortex.o ABSOLUTE
    C:\Users\xiayu\STM32Cube\Repository\STM32Cube_FW_F4_V1.18.0\Drivers\STM32F4xx_HAL_Driver\Src\stm32f4xx_hal_dac.c 0x00000000   Number         0  stm32f4xx_hal_dac.o ABSOLUTE
    C:\Users\xiayu\STM32Cube\Repository\STM32Cube_FW_F4_V1.18.0\Drivers\STM32F4xx_HAL_Driver\Src\stm32f4xx_hal_dac_ex.c 0x00000000   Number         0  stm32f4xx_hal_dac_ex.o ABSOLUTE
    C:\Users\xiayu\STM32Cube\Repository\STM32Cube_FW_F4_V1.18.0\Drivers\STM32F4xx_HAL_Driver\Src\stm32f4xx_hal_dma.c 0x00000000   Number         0  stm32f4xx_hal_dma.o ABSOLUTE
    C:\Users\xiayu\STM32Cube\Repository\STM32Cube_FW_F4_V1.18.0\Drivers\STM32F4xx_HAL_Driver\Src\stm32f4xx_hal_dma_ex.c 0x00000000   Number         0  stm32f4xx_hal_dma_ex.o ABSOLUTE
    C:\Users\xiayu\STM32Cube\Repository\STM32Cube_FW_F4_V1.18.0\Drivers\STM32F4xx_HAL_Driver\Src\stm32f4xx_hal_flash.c 0x00000000   Number         0  stm32f4xx_hal_flash.o ABSOLUTE
    C:\Users\xiayu\STM32Cube\Repository\STM32Cube_FW_F4_V1.18.0\Drivers\STM32F4xx_HAL_Driver\Src\stm32f4xx_hal_flash_ex.c 0x00000000   Number         0  stm32f4xx_hal_flash_ex.o ABSOLUTE
    C:\Users\xiayu\STM32Cube\Repository\STM32Cube_FW_F4_V1.18.0\Drivers\STM32F4xx_HAL_Driver\Src\stm32f4xx_hal_flash_ramfunc.c 0x00000000   Number         0  stm32f4xx_hal_flash_ramfunc.o ABSOLUTE
    C:\Users\xiayu\STM32Cube\Repository\STM32Cube_FW_F4_V1.18.0\Drivers\STM32F4xx_HAL_Driver\Src\stm32f4xx_hal_gpio.c 0x00000000   Number         0  stm32f4xx_hal_gpio.o ABSOLUTE
    C:\Users\xiayu\STM32Cube\Repository\STM32Cube_FW_F4_V1.18.0\Drivers\STM32F4xx_HAL_Driver\Src\stm32f4xx_hal_pwr.c 0x00000000   Number         0  stm32f4xx_hal_pwr.o ABSOLUTE
    C:\Users\xiayu\STM32Cube\Repository\STM32Cube_FW_F4_V1.18.0\Drivers\STM32F4xx_HAL_Driver\Src\stm32f4xx_hal_pwr_ex.c 0x00000000   Number         0  stm32f4xx_hal_pwr_ex.o ABSOLUTE
    C:\Users\xiayu\STM32Cube\Repository\STM32Cube_FW_F4_V1.18.0\Drivers\STM32F4xx_HAL_Driver\Src\stm32f4xx_hal_rcc.c 0x00000000   Number         0  stm32f4xx_hal_rcc.o ABSOLUTE
    C:\Users\xiayu\STM32Cube\Repository\STM32Cube_FW_F4_V1.18.0\Drivers\STM32F4xx_HAL_Driver\Src\stm32f4xx_hal_rcc_ex.c 0x00000000   Number         0  stm32f4xx_hal_rcc_ex.o ABSOLUTE
    C:\Users\xiayu\STM32Cube\Repository\STM32Cube_FW_F4_V1.18.0\Drivers\STM32F4xx_HAL_Driver\Src\stm32f4xx_hal_tim.c 0x00000000   Number         0  stm32f4xx_hal_tim.o ABSOLUTE
    C:\Users\xiayu\STM32Cube\Repository\STM32Cube_FW_F4_V1.18.0\Drivers\STM32F4xx_HAL_Driver\Src\stm32f4xx_hal_tim_ex.c 0x00000000   Number         0  stm32f4xx_hal_tim_ex.o ABSOLUTE
    C:\Users\xiayu\STM32Cube\Repository\STM32Cube_FW_F4_V1.18.0\Drivers\STM32F4xx_HAL_Driver\Src\stm32f4xx_hal_uart.c 0x00000000   Number         0  stm32f4xx_hal_uart.o ABSOLUTE
    cdrcmple.s                               0x00000000   Number         0  cdrcmple.o ABSOLUTE
    dc.s                                     0x00000000   Number         0  dc.o ABSOLUTE
    handlers.s                               0x00000000   Number         0  handlers.o ABSOLUTE
    init.s                                   0x00000000   Number         0  init.o ABSOLUTE
    startup_stm32f407xx.s                    0x00000000   Number         0  startup_stm32f407xx.o ABSOLUTE
    RESET                                    0x08000000   Section      392  startup_stm32f407xx.o(RESET)
    .ARM.Collect$$$$00000000                 0x08000188   Section        0  entry.o(.ARM.Collect$$$$00000000)
    .ARM.Collect$$$$00000001                 0x08000188   Section        4  entry2.o(.ARM.Collect$$$$00000001)
    .ARM.Collect$$$$00000004                 0x0800018c   Section        4  entry5.o(.ARM.Collect$$$$00000004)
    .ARM.Collect$$$$00000008                 0x08000190   Section        0  entry7b.o(.ARM.Collect$$$$00000008)
    .ARM.Collect$$$$0000000A                 0x08000190   Section        0  entry8b.o(.ARM.Collect$$$$0000000A)
    .ARM.Collect$$$$0000000B                 0x08000190   Section        8  entry9a.o(.ARM.Collect$$$$0000000B)
    .ARM.Collect$$$$0000000D                 0x08000198   Section        0  entry10a.o(.ARM.Collect$$$$0000000D)
    .ARM.Collect$$$$0000000F                 0x08000198   Section        0  entry11a.o(.ARM.Collect$$$$0000000F)
    .ARM.Collect$$$$00002712                 0x08000198   Section        4  entry2.o(.ARM.Collect$$$$00002712)
    __lit__00000000                          0x08000198   Data           4  entry2.o(.ARM.Collect$$$$00002712)
    .text                                    0x0800019c   Section       36  startup_stm32f407xx.o(.text)
    $v0                                      0x0800019c   Number         0  startup_stm32f407xx.o(.text)
    .text                                    0x080001c0   Section        0  uldiv.o(.text)
    .text                                    0x08000222   Section        0  dadd.o(.text)
    .text                                    0x08000370   Section        0  dmul.o(.text)
    .text                                    0x08000454   Section        0  dflti.o(.text)
    .text                                    0x08000476   Section        0  dfixi.o(.text)
    .text                                    0x080004b4   Section        0  llshl.o(.text)
    .text                                    0x080004d2   Section        0  llushr.o(.text)
    .text                                    0x080004f2   Section        0  llsshr.o(.text)
    .text                                    0x08000516   Section        0  depilogue.o(.text)
    .text                                    0x08000516   Section        0  iusefp.o(.text)
    .text                                    0x080005d0   Section       36  init.o(.text)
    i.ADC_DMAConvCplt                        0x080005f4   Section        0  stm32f4xx_hal_adc.o(i.ADC_DMAConvCplt)
    ADC_DMAConvCplt                          0x080005f5   Thumb Code   110  stm32f4xx_hal_adc.o(i.ADC_DMAConvCplt)
    i.ADC_DMAError                           0x08000662   Section        0  stm32f4xx_hal_adc.o(i.ADC_DMAError)
    ADC_DMAError                             0x08000663   Thumb Code    26  stm32f4xx_hal_adc.o(i.ADC_DMAError)
    i.ADC_DMAHalfConvCplt                    0x0800067c   Section        0  stm32f4xx_hal_adc.o(i.ADC_DMAHalfConvCplt)
    ADC_DMAHalfConvCplt                      0x0800067d   Thumb Code    14  stm32f4xx_hal_adc.o(i.ADC_DMAHalfConvCplt)
    i.ADC_Init                               0x0800068c   Section        0  stm32f4xx_hal_adc.o(i.ADC_Init)
    ADC_Init                                 0x0800068d   Thumb Code   340  stm32f4xx_hal_adc.o(i.ADC_Init)
    i.BusFault_Handler                       0x080007e8   Section        0  stm32f4xx_it.o(i.BusFault_Handler)
    i.DMA2_Stream1_IRQHandler                0x080007ec   Section        0  stm32f4xx_it.o(i.DMA2_Stream1_IRQHandler)
    i.DMA_CalcBaseAndBitshift                0x080007fc   Section        0  stm32f4xx_hal_dma.o(i.DMA_CalcBaseAndBitshift)
    DMA_CalcBaseAndBitshift                  0x080007fd   Thumb Code    46  stm32f4xx_hal_dma.o(i.DMA_CalcBaseAndBitshift)
    i.DMA_CheckFifoParam                     0x08000830   Section        0  stm32f4xx_hal_dma.o(i.DMA_CheckFifoParam)
    DMA_CheckFifoParam                       0x08000831   Thumb Code   170  stm32f4xx_hal_dma.o(i.DMA_CheckFifoParam)
    i.DMA_SetConfig                          0x080008da   Section        0  stm32f4xx_hal_dma.o(i.DMA_SetConfig)
    DMA_SetConfig                            0x080008db   Thumb Code    44  stm32f4xx_hal_dma.o(i.DMA_SetConfig)
    i.DebugMon_Handler                       0x08000906   Section        0  stm32f4xx_it.o(i.DebugMon_Handler)
    i.HAL_ADC_ConfigChannel                  0x08000908   Section        0  stm32f4xx_hal_adc.o(i.HAL_ADC_ConfigChannel)
    i.HAL_ADC_ConvCpltCallback               0x08000a94   Section        0  stm32f4xx_hal_adc.o(i.HAL_ADC_ConvCpltCallback)
    i.HAL_ADC_ConvHalfCpltCallback           0x08000a96   Section        0  stm32f4xx_hal_adc.o(i.HAL_ADC_ConvHalfCpltCallback)
    i.HAL_ADC_ErrorCallback                  0x08000a98   Section        0  stm32f4xx_hal_adc.o(i.HAL_ADC_ErrorCallback)
    i.HAL_ADC_Init                           0x08000a9c   Section        0  stm32f4xx_hal_adc.o(i.HAL_ADC_Init)
    i.HAL_ADC_MspInit                        0x08000b04   Section        0  stm32f4xx_hal_msp.o(i.HAL_ADC_MspInit)
    i.HAL_ADC_Start_DMA                      0x08000c08   Section        0  stm32f4xx_hal_adc.o(i.HAL_ADC_Start_DMA)
    i.HAL_CAN_ConfigFilter                   0x08000d50   Section        0  stm32f4xx_hal_can.o(i.HAL_CAN_ConfigFilter)
    i.HAL_CAN_Init                           0x08000e58   Section        0  stm32f4xx_hal_can.o(i.HAL_CAN_Init)
    i.HAL_CAN_MspInit                        0x08001014   Section        0  stm32f4xx_hal_msp.o(i.HAL_CAN_MspInit)
    i.HAL_CAN_Receive                        0x08001108   Section        0  stm32f4xx_hal_can.o(i.HAL_CAN_Receive)
    i.HAL_CAN_Transmit                       0x080013b8   Section        0  stm32f4xx_hal_can.o(i.HAL_CAN_Transmit)
    i.HAL_DAC_ConfigChannel                  0x08001670   Section        0  stm32f4xx_hal_dac.o(i.HAL_DAC_ConfigChannel)
    i.HAL_DAC_Init                           0x080016ca   Section        0  stm32f4xx_hal_dac.o(i.HAL_DAC_Init)
    i.HAL_DAC_MspInit                        0x080016f4   Section        0  stm32f4xx_hal_msp.o(i.HAL_DAC_MspInit)
    i.HAL_DMA_Abort_IT                       0x08001748   Section        0  stm32f4xx_hal_dma.o(i.HAL_DMA_Abort_IT)
    i.HAL_DMA_IRQHandler                     0x08001770   Section        0  stm32f4xx_hal_dma.o(i.HAL_DMA_IRQHandler)
    i.HAL_DMA_Init                           0x080019b0   Section        0  stm32f4xx_hal_dma.o(i.HAL_DMA_Init)
    i.HAL_DMA_Start_IT                       0x08001a9c   Section        0  stm32f4xx_hal_dma.o(i.HAL_DMA_Start_IT)
    i.HAL_Delay                              0x08001b3a   Section        0  stm32f4xx_hal.o(i.HAL_Delay)
    i.HAL_GPIO_Init                          0x08001b58   Section        0  stm32f4xx_hal_gpio.o(i.HAL_GPIO_Init)
    i.HAL_GPIO_WritePin                      0x08001d58   Section        0  stm32f4xx_hal_gpio.o(i.HAL_GPIO_WritePin)
    i.HAL_GetTick                            0x08001d64   Section        0  stm32f4xx_hal.o(i.HAL_GetTick)
    i.HAL_IncTick                            0x08001d70   Section        0  stm32f4xx_hal.o(i.HAL_IncTick)
    i.HAL_Init                               0x08001d80   Section        0  stm32f4xx_hal.o(i.HAL_Init)
    i.HAL_InitTick                           0x08001dbc   Section        0  stm32f4xx_hal.o(i.HAL_InitTick)
    i.HAL_MspInit                            0x08001de4   Section        0  stm32f4xx_hal_msp.o(i.HAL_MspInit)
    i.HAL_NVIC_EnableIRQ                     0x08001e3a   Section        0  stm32f4xx_hal_cortex.o(i.HAL_NVIC_EnableIRQ)
    i.HAL_NVIC_SetPriority                   0x08001e54   Section        0  stm32f4xx_hal_cortex.o(i.HAL_NVIC_SetPriority)
    i.HAL_NVIC_SetPriorityGrouping           0x08001ed0   Section        0  stm32f4xx_hal_cortex.o(i.HAL_NVIC_SetPriorityGrouping)
    i.HAL_RCC_ClockConfig                    0x08001ef8   Section        0  stm32f4xx_hal_rcc.o(i.HAL_RCC_ClockConfig)
    i.HAL_RCC_GetHCLKFreq                    0x08002078   Section        0  stm32f4xx_hal_rcc.o(i.HAL_RCC_GetHCLKFreq)
    i.HAL_RCC_GetPCLK1Freq                   0x08002084   Section        0  stm32f4xx_hal_rcc.o(i.HAL_RCC_GetPCLK1Freq)
    i.HAL_RCC_GetPCLK2Freq                   0x080020a4   Section        0  stm32f4xx_hal_rcc.o(i.HAL_RCC_GetPCLK2Freq)
    i.HAL_RCC_GetSysClockFreq                0x080020c4   Section        0  stm32f4xx_hal_rcc.o(i.HAL_RCC_GetSysClockFreq)
    i.HAL_RCC_OscConfig                      0x08002174   Section        0  stm32f4xx_hal_rcc.o(i.HAL_RCC_OscConfig)
    i.HAL_SYSTICK_CLKSourceConfig            0x08002584   Section        0  stm32f4xx_hal_cortex.o(i.HAL_SYSTICK_CLKSourceConfig)
    i.HAL_SYSTICK_Callback                   0x080025ac   Section        0  stm32f4xx_hal_cortex.o(i.HAL_SYSTICK_Callback)
    i.HAL_SYSTICK_Config                     0x080025ae   Section        0  stm32f4xx_hal_cortex.o(i.HAL_SYSTICK_Config)
    i.HAL_SYSTICK_IRQHandler                 0x080025e2   Section        0  stm32f4xx_hal_cortex.o(i.HAL_SYSTICK_IRQHandler)
    i.HAL_TIMEx_ConfigBreakDeadTime          0x080025ea   Section        0  stm32f4xx_hal_tim_ex.o(i.HAL_TIMEx_ConfigBreakDeadTime)
    i.HAL_TIMEx_MasterConfigSynchronization  0x08002668   Section        0  stm32f4xx_hal_tim_ex.o(i.HAL_TIMEx_MasterConfigSynchronization)
    i.HAL_TIM_Base_Init                      0x080026ca   Section        0  stm32f4xx_hal_tim.o(i.HAL_TIM_Base_Init)
    i.HAL_TIM_Base_MspInit                   0x08002700   Section        0  stm32f4xx_hal_msp.o(i.HAL_TIM_Base_MspInit)
    i.HAL_TIM_Base_Start_IT                  0x08002874   Section        0  stm32f4xx_hal_tim.o(i.HAL_TIM_Base_Start_IT)
    i.HAL_TIM_ConfigClockSource              0x08002892   Section        0  stm32f4xx_hal_tim.o(i.HAL_TIM_ConfigClockSource)
    i.HAL_TIM_MspPostInit                    0x080029c4   Section        0  stm32f4xx_hal_msp.o(i.HAL_TIM_MspPostInit)
    i.HAL_TIM_PWM_ConfigChannel              0x08002a98   Section        0  stm32f4xx_hal_tim.o(i.HAL_TIM_PWM_ConfigChannel)
    i.HAL_TIM_PWM_Init                       0x08002ba0   Section        0  stm32f4xx_hal_tim.o(i.HAL_TIM_PWM_Init)
    i.HAL_TIM_PWM_MspInit                    0x08002bd4   Section        0  stm32f4xx_hal_tim.o(i.HAL_TIM_PWM_MspInit)
    i.HAL_TIM_PWM_Start                      0x08002bd8   Section        0  stm32f4xx_hal_tim.o(i.HAL_TIM_PWM_Start)
    i.HAL_UART_ErrorCallback                 0x08002c24   Section        0  stm32f4xx_hal_uart.o(i.HAL_UART_ErrorCallback)
    i.HAL_UART_GetState                      0x08002c26   Section        0  stm32f4xx_hal_uart.o(i.HAL_UART_GetState)
    i.HAL_UART_IRQHandler                    0x08002c3c   Section        0  stm32f4xx_hal_uart.o(i.HAL_UART_IRQHandler)
    i.HAL_UART_Init                          0x08002d88   Section        0  stm32f4xx_hal_uart.o(i.HAL_UART_Init)
    i.HAL_UART_MspInit                       0x08002dfc   Section        0  stm32f4xx_hal_msp.o(i.HAL_UART_MspInit)
    i.HAL_UART_Receive_IT                    0x08002f6c   Section        0  stm32f4xx_hal_uart.o(i.HAL_UART_Receive_IT)
    i.HAL_UART_RxCpltCallback                0x08002fd0   Section        0  main.o(i.HAL_UART_RxCpltCallback)
    i.HAL_UART_Transmit                      0x08003004   Section        0  stm32f4xx_hal_uart.o(i.HAL_UART_Transmit)
    i.HAL_UART_Transmit_IT                   0x080030da   Section        0  stm32f4xx_hal_uart.o(i.HAL_UART_Transmit_IT)
    i.HAL_UART_TxCpltCallback                0x08003132   Section        0  stm32f4xx_hal_uart.o(i.HAL_UART_TxCpltCallback)
    i.HardFault_Handler                      0x08003134   Section        0  stm32f4xx_it.o(i.HardFault_Handler)
    i.MX_ADC1_Init                           0x08003138   Section        0  main.o(i.MX_ADC1_Init)
    MX_ADC1_Init                             0x08003139   Thumb Code   210  main.o(i.MX_ADC1_Init)
    i.MX_ADC3_Init                           0x08003228   Section        0  main.o(i.MX_ADC3_Init)
    MX_ADC3_Init                             0x08003229   Thumb Code   238  main.o(i.MX_ADC3_Init)
    i.MX_CAN1_Init                           0x08003334   Section        0  main.o(i.MX_CAN1_Init)
    MX_CAN1_Init                             0x08003335   Thumb Code    62  main.o(i.MX_CAN1_Init)
    i.MX_CAN2_Init                           0x0800338c   Section        0  main.o(i.MX_CAN2_Init)
    MX_CAN2_Init                             0x0800338d   Thumb Code    62  main.o(i.MX_CAN2_Init)
    i.MX_DAC_Init                            0x080033e4   Section        0  main.o(i.MX_DAC_Init)
    MX_DAC_Init                              0x080033e5   Thumb Code    78  main.o(i.MX_DAC_Init)
    i.MX_DMA_Init                            0x0800344c   Section        0  main.o(i.MX_DMA_Init)
    MX_DMA_Init                              0x0800344d   Thumb Code    52  main.o(i.MX_DMA_Init)
    i.MX_GPIO_Init                           0x08003484   Section        0  main.o(i.MX_GPIO_Init)
    MX_GPIO_Init                             0x08003485   Thumb Code   358  main.o(i.MX_GPIO_Init)
    i.MX_TIM10_Init                          0x080035fc   Section        0  main.o(i.MX_TIM10_Init)
    MX_TIM10_Init                            0x080035fd   Thumb Code    46  main.o(i.MX_TIM10_Init)
    i.MX_TIM11_Init                          0x08003644   Section        0  main.o(i.MX_TIM11_Init)
    MX_TIM11_Init                            0x08003645   Thumb Code    46  main.o(i.MX_TIM11_Init)
    i.MX_TIM1_Init                           0x0800368c   Section        0  main.o(i.MX_TIM1_Init)
    MX_TIM1_Init                             0x0800368d   Thumb Code   270  main.o(i.MX_TIM1_Init)
    i.MX_TIM2_Init                           0x080037b4   Section        0  main.o(i.MX_TIM2_Init)
    MX_TIM2_Init                             0x080037b5   Thumb Code   232  main.o(i.MX_TIM2_Init)
    i.MX_TIM3_Init                           0x080038b0   Section        0  main.o(i.MX_TIM3_Init)
    MX_TIM3_Init                             0x080038b1   Thumb Code   230  main.o(i.MX_TIM3_Init)
    i.MX_TIM4_Init                           0x080039b0   Section        0  main.o(i.MX_TIM4_Init)
    MX_TIM4_Init                             0x080039b1   Thumb Code   220  main.o(i.MX_TIM4_Init)
    i.MX_TIM5_Init                           0x08003aa4   Section        0  main.o(i.MX_TIM5_Init)
    MX_TIM5_Init                             0x08003aa5   Thumb Code   100  main.o(i.MX_TIM5_Init)
    i.MX_TIM9_Init                           0x08003b20   Section        0  main.o(i.MX_TIM9_Init)
    MX_TIM9_Init                             0x08003b21   Thumb Code    72  main.o(i.MX_TIM9_Init)
    i.MX_USART1_UART_Init                    0x08003b80   Section        0  main.o(i.MX_USART1_UART_Init)
    MX_USART1_UART_Init                      0x08003b81   Thumb Code    52  main.o(i.MX_USART1_UART_Init)
    i.MX_USART2_UART_Init                    0x08003bcc   Section        0  main.o(i.MX_USART2_UART_Init)
    MX_USART2_UART_Init                      0x08003bcd   Thumb Code    52  main.o(i.MX_USART2_UART_Init)
    i.MX_USART3_UART_Init                    0x08003c18   Section        0  main.o(i.MX_USART3_UART_Init)
    MX_USART3_UART_Init                      0x08003c19   Thumb Code    52  main.o(i.MX_USART3_UART_Init)
    i.MX_USART6_UART_Init                    0x08003c64   Section        0  main.o(i.MX_USART6_UART_Init)
    MX_USART6_UART_Init                      0x08003c65   Thumb Code    52  main.o(i.MX_USART6_UART_Init)
    i.MemManage_Handler                      0x08003cb0   Section        0  stm32f4xx_it.o(i.MemManage_Handler)
    i.MotorDriver                            0x08003cb4   Section        0  main.o(i.MotorDriver)
    i.MotorPidFunction                       0x08003d7c   Section        0  main.o(i.MotorPidFunction)
    i.Motor_CAN_Reveive                      0x08003e74   Section        0  main.o(i.Motor_CAN_Reveive)
    i.NMI_Handler                            0x08003ef0   Section        0  stm32f4xx_it.o(i.NMI_Handler)
    i.NVIC_GetPriorityGrouping               0x08003ef4   Section        0  stm32f4xx_hal_cortex.o(i.NVIC_GetPriorityGrouping)
    NVIC_GetPriorityGrouping                 0x08003ef5   Thumb Code    10  stm32f4xx_hal_cortex.o(i.NVIC_GetPriorityGrouping)
    i.NVIC_SetPriority                       0x08003f04   Section        0  stm32f4xx_hal_cortex.o(i.NVIC_SetPriority)
    NVIC_SetPriority                         0x08003f05   Thumb Code    32  stm32f4xx_hal_cortex.o(i.NVIC_SetPriority)
    i.PendSV_Handler                         0x08003f2c   Section        0  stm32f4xx_it.o(i.PendSV_Handler)
    i.SVC_Handler                            0x08003f2e   Section        0  stm32f4xx_it.o(i.SVC_Handler)
    i.SysTick_Handler                        0x08003f30   Section        0  stm32f4xx_it.o(i.SysTick_Handler)
    i.SystemClock_Config                     0x08003f3c   Section        0  main.o(i.SystemClock_Config)
    i.SystemInit                             0x0800401c   Section        0  system_stm32f4xx.o(i.SystemInit)
    i.TIM_Base_SetConfig                     0x08004080   Section        0  stm32f4xx_hal_tim.o(i.TIM_Base_SetConfig)
    i.TIM_CCxChannelCmd                      0x08004164   Section        0  stm32f4xx_hal_tim.o(i.TIM_CCxChannelCmd)
    i.TIM_ETR_SetConfig                      0x08004180   Section        0  stm32f4xx_hal_tim.o(i.TIM_ETR_SetConfig)
    TIM_ETR_SetConfig                        0x08004181   Thumb Code    24  stm32f4xx_hal_tim.o(i.TIM_ETR_SetConfig)
    i.TIM_ITRx_SetConfig                     0x08004198   Section        0  stm32f4xx_hal_tim.o(i.TIM_ITRx_SetConfig)
    TIM_ITRx_SetConfig                       0x08004199   Thumb Code    20  stm32f4xx_hal_tim.o(i.TIM_ITRx_SetConfig)
    i.TIM_OC1_SetConfig                      0x080041ac   Section        0  stm32f4xx_hal_tim.o(i.TIM_OC1_SetConfig)
    TIM_OC1_SetConfig                        0x080041ad   Thumb Code   102  stm32f4xx_hal_tim.o(i.TIM_OC1_SetConfig)
    i.TIM_OC2_SetConfig                      0x0800421c   Section        0  stm32f4xx_hal_tim.o(i.TIM_OC2_SetConfig)
    i.TIM_OC3_SetConfig                      0x08004294   Section        0  stm32f4xx_hal_tim.o(i.TIM_OC3_SetConfig)
    TIM_OC3_SetConfig                        0x08004295   Thumb Code   110  stm32f4xx_hal_tim.o(i.TIM_OC3_SetConfig)
    i.TIM_OC4_SetConfig                      0x0800430c   Section        0  stm32f4xx_hal_tim.o(i.TIM_OC4_SetConfig)
    TIM_OC4_SetConfig                        0x0800430d   Thumb Code    88  stm32f4xx_hal_tim.o(i.TIM_OC4_SetConfig)
    i.TIM_TI1_ConfigInputStage               0x0800436c   Section        0  stm32f4xx_hal_tim.o(i.TIM_TI1_ConfigInputStage)
    TIM_TI1_ConfigInputStage                 0x0800436d   Thumb Code    42  stm32f4xx_hal_tim.o(i.TIM_TI1_ConfigInputStage)
    i.TIM_TI2_ConfigInputStage               0x08004396   Section        0  stm32f4xx_hal_tim.o(i.TIM_TI2_ConfigInputStage)
    TIM_TI2_ConfigInputStage                 0x08004397   Thumb Code    44  stm32f4xx_hal_tim.o(i.TIM_TI2_ConfigInputStage)
    i.UART_DMAAbortOnError                   0x080043c2   Section        0  stm32f4xx_hal_uart.o(i.UART_DMAAbortOnError)
    UART_DMAAbortOnError                     0x080043c3   Thumb Code    20  stm32f4xx_hal_uart.o(i.UART_DMAAbortOnError)
    i.UART_EndRxTransfer                     0x080043d6   Section        0  stm32f4xx_hal_uart.o(i.UART_EndRxTransfer)
    UART_EndRxTransfer                       0x080043d7   Thumb Code    32  stm32f4xx_hal_uart.o(i.UART_EndRxTransfer)
    i.UART_EndTransmit_IT                    0x080043f6   Section        0  stm32f4xx_hal_uart.o(i.UART_EndTransmit_IT)
    UART_EndTransmit_IT                      0x080043f7   Thumb Code    32  stm32f4xx_hal_uart.o(i.UART_EndTransmit_IT)
    i.UART_Receive_IT                        0x08004416   Section        0  stm32f4xx_hal_uart.o(i.UART_Receive_IT)
    UART_Receive_IT                          0x08004417   Thumb Code   154  stm32f4xx_hal_uart.o(i.UART_Receive_IT)
    i.UART_SetConfig                         0x080044b0   Section        0  stm32f4xx_hal_uart.o(i.UART_SetConfig)
    UART_SetConfig                           0x080044b1   Thumb Code   864  stm32f4xx_hal_uart.o(i.UART_SetConfig)
    i.UART_Transmit_IT                       0x08004818   Section        0  stm32f4xx_hal_uart.o(i.UART_Transmit_IT)
    UART_Transmit_IT                         0x08004819   Thumb Code   104  stm32f4xx_hal_uart.o(i.UART_Transmit_IT)
    i.UART_WaitOnFlagUntilTimeout            0x08004880   Section        0  stm32f4xx_hal_uart.o(i.UART_WaitOnFlagUntilTimeout)
    UART_WaitOnFlagUntilTimeout              0x08004881   Thumb Code   108  stm32f4xx_hal_uart.o(i.UART_WaitOnFlagUntilTimeout)
    i.USART1_IRQHandler                      0x080048ec   Section        0  stm32f4xx_it.o(i.USART1_IRQHandler)
    i.USART6_IRQHandler                      0x080048fc   Section        0  stm32f4xx_it.o(i.USART6_IRQHandler)
    i.UsageFault_Handler                     0x0800490c   Section        0  stm32f4xx_it.o(i.UsageFault_Handler)
    i._Error_Handler                         0x08004910   Section        0  main.o(i._Error_Handler)
    i.__0printf$5                            0x08004914   Section        0  printf5.o(i.__0printf$5)
    i.__scatterload_copy                     0x08004934   Section       14  handlers.o(i.__scatterload_copy)
    i.__scatterload_null                     0x08004942   Section        2  handlers.o(i.__scatterload_null)
    i.__scatterload_zeroinit                 0x08004944   Section       14  handlers.o(i.__scatterload_zeroinit)
    i._printf_core                           0x08004954   Section        0  printf5.o(i._printf_core)
    _printf_core                             0x08004955   Thumb Code   658  printf5.o(i._printf_core)
    i.fputc                                  0x08004c14   Section        0  main.o(i.fputc)
    i.main                                   0x08004c30   Section        0  main.o(i.main)
    .constdata                               0x0800513c   Section        8  stm32f4xx_hal_dma.o(.constdata)
    flagBitshiftOffset                       0x0800513c   Data           8  stm32f4xx_hal_dma.o(.constdata)
    .constdata                               0x08005144   Section       24  system_stm32f4xx.o(.constdata)
    .data                                    0x20000000   Section        4  stm32f4xx_hal.o(.data)
    .data                                    0x20000004   Section        4  system_stm32f4xx.o(.data)
    .data                                    0x20000008   Section       24  main.o(.data)
    SYS_Time_us                              0x20000008   Data           4  main.o(.data)
    MotorTemperature                         0x20000010   Data           8  main.o(.data)
    ButtonState                              0x20000018   Data           8  main.o(.data)
    .data                                    0x20000020   Section        4  stm32f4xx_hal_msp.o(.data)
    HAL_RCC_CAN1_CLK_ENABLED                 0x20000020   Data           4  stm32f4xx_hal_msp.o(.data)
    .data                                    0x20000024   Section        4  stdout.o(.data)
    .bss                                     0x20000028   Section     1784  main.o(.bss)
    MotorSpeed                               0x200004c0   Data          16  main.o(.bss)
    MotorAngle                               0x200004d0   Data          16  main.o(.bss)
    MotorTrueCurrent                         0x200004e0   Data          16  main.o(.bss)
    MotorCurrentValue                        0x200004f0   Data          16  main.o(.bss)
    Motor_PARM                               0x20000528   Data          32  main.o(.bss)
    Motor_Angle_PARM                         0x20000548   Data          64  main.o(.bss)
    Joystick                                 0x20000588   Data          40  main.o(.bss)
    RxMessage1                               0x200005b0   Data          36  main.o(.bss)
    TxMessage1                               0x200005d4   Data          28  main.o(.bss)
    TxMessage2                               0x200005f0   Data          28  main.o(.bss)
    RxMessage2                               0x2000060c   Data          36  main.o(.bss)
    Motor_0_PARM                             0x20000630   Data          48  main.o(.bss)
    Motor_1_PARM                             0x20000660   Data          48  main.o(.bss)
    Motor_2_PARM                             0x20000690   Data          48  main.o(.bss)
    Motor_3_PARM                             0x200006c0   Data          48  main.o(.bss)
    Motor_4_PARM                             0x200006f0   Data          48  main.o(.bss)
    STACK                                    0x20000720   Section     1024  startup_stm32f407xx.o(STACK)

    Global Symbols

    Symbol Name                              Value     Ov Type        Size  Object(Section)

    BuildAttributes$$THM_ISAv4$E$P$D$K$B$S$7EM$VFPi3$EXTD16$VFPS$VFMA$PE$A:L22UL41UL21$X:L11$S22US41US21$IEEE1$IW$USESV6$~STKCKD$USESV7$~SHL$OSPACE$ROPI$EBA8$MICROLIB$REQ8$PRES8$EABIv2 0x00000000   Number         0  anon$$obj.o ABSOLUTE
    __ARM_use_no_argv                        0x00000000   Number         0  main.o ABSOLUTE
    _printf_a                                0x00000000   Number         0  stubs.o ABSOLUTE
    _printf_c                                0x00000000   Number         0  stubs.o ABSOLUTE
    _printf_charcount                        0x00000000   Number         0  stubs.o ABSOLUTE
    _printf_d                                0x00000000   Number         0  stubs.o ABSOLUTE
    _printf_e                                0x00000000   Number         0  stubs.o ABSOLUTE
    _printf_f                                0x00000000   Number         0  stubs.o ABSOLUTE
    _printf_flags                            0x00000000   Number         0  stubs.o ABSOLUTE
    _printf_fp_dec                           0x00000000   Number         0  stubs.o ABSOLUTE
    _printf_fp_hex                           0x00000000   Number         0  stubs.o ABSOLUTE
    _printf_g                                0x00000000   Number         0  stubs.o ABSOLUTE
    _printf_i                                0x00000000   Number         0  stubs.o ABSOLUTE
    _printf_int_dec                          0x00000000   Number         0  stubs.o ABSOLUTE
    _printf_l                                0x00000000   Number         0  stubs.o ABSOLUTE
    _printf_lc                               0x00000000   Number         0  stubs.o ABSOLUTE
    _printf_ll                               0x00000000   Number         0  stubs.o ABSOLUTE
    _printf_lld                              0x00000000   Number         0  stubs.o ABSOLUTE
    _printf_lli                              0x00000000   Number         0  stubs.o ABSOLUTE
    _printf_llo                              0x00000000   Number         0  stubs.o ABSOLUTE
    _printf_llu                              0x00000000   Number         0  stubs.o ABSOLUTE
    _printf_llx                              0x00000000   Number         0  stubs.o ABSOLUTE
    _printf_longlong_dec                     0x00000000   Number         0  stubs.o ABSOLUTE
    _printf_longlong_hex                     0x00000000   Number         0  stubs.o ABSOLUTE
    _printf_longlong_oct                     0x00000000   Number         0  stubs.o ABSOLUTE
    _printf_ls                               0x00000000   Number         0  stubs.o ABSOLUTE
    _printf_mbtowc                           0x00000000   Number         0  stubs.o ABSOLUTE
    _printf_n                                0x00000000   Number         0  stubs.o ABSOLUTE
    _printf_o                                0x00000000   Number         0  stubs.o ABSOLUTE
    _printf_p                                0x00000000   Number         0  stubs.o ABSOLUTE
    _printf_percent                          0x00000000   Number         0  stubs.o ABSOLUTE
    _printf_pre_padding                      0x00000000   Number         0  stubs.o ABSOLUTE
    _printf_return_value                     0x00000000   Number         0  stubs.o ABSOLUTE
    _printf_s                                0x00000000   Number         0  stubs.o ABSOLUTE
    _printf_sizespec                         0x00000000   Number         0  stubs.o ABSOLUTE
    _printf_str                              0x00000000   Number         0  stubs.o ABSOLUTE
    _printf_truncate_signed                  0x00000000   Number         0  stubs.o ABSOLUTE
    _printf_truncate_unsigned                0x00000000   Number         0  stubs.o ABSOLUTE
    _printf_u                                0x00000000   Number         0  stubs.o ABSOLUTE
    _printf_wc                               0x00000000   Number         0  stubs.o ABSOLUTE
    _printf_wctomb                           0x00000000   Number         0  stubs.o ABSOLUTE
    _printf_widthprec                        0x00000000   Number         0  stubs.o ABSOLUTE
    _printf_x                                0x00000000   Number         0  stubs.o ABSOLUTE
    __cpp_initialize__aeabi_                  - Undefined Weak Reference
    __cxa_finalize                            - Undefined Weak Reference
    __decompress                              - Undefined Weak Reference
    _clock_init                               - Undefined Weak Reference
    _microlib_exit                            - Undefined Weak Reference
    __Vectors_Size                           0x00000188   Number         0  startup_stm32f407xx.o ABSOLUTE
    __Vectors                                0x08000000   Data           4  startup_stm32f407xx.o(RESET)
    __Vectors_End                            0x08000188   Data           0  startup_stm32f407xx.o(RESET)
    __main                                   0x08000189   Thumb Code     0  entry.o(.ARM.Collect$$$$00000000)
    _main_stk                                0x08000189   Thumb Code     0  entry2.o(.ARM.Collect$$$$00000001)
    _main_scatterload                        0x0800018d   Thumb Code     0  entry5.o(.ARM.Collect$$$$00000004)
    __main_after_scatterload                 0x08000191   Thumb Code     0  entry5.o(.ARM.Collect$$$$00000004)
    _main_clock                              0x08000191   Thumb Code     0  entry7b.o(.ARM.Collect$$$$00000008)
    _main_cpp_init                           0x08000191   Thumb Code     0  entry8b.o(.ARM.Collect$$$$0000000A)
    _main_init                               0x08000191   Thumb Code     0  entry9a.o(.ARM.Collect$$$$0000000B)
    __rt_final_cpp                           0x08000199   Thumb Code     0  entry10a.o(.ARM.Collect$$$$0000000D)
    __rt_final_exit                          0x08000199   Thumb Code     0  entry11a.o(.ARM.Collect$$$$0000000F)
    Reset_Handler                            0x0800019d   Thumb Code     8  startup_stm32f407xx.o(.text)
    ADC_IRQHandler                           0x080001b7   Thumb Code     0  startup_stm32f407xx.o(.text)
    CAN1_RX0_IRQHandler                      0x080001b7   Thumb Code     0  startup_stm32f407xx.o(.text)
    CAN1_RX1_IRQHandler                      0x080001b7   Thumb Code     0  startup_stm32f407xx.o(.text)
    CAN1_SCE_IRQHandler                      0x080001b7   Thumb Code     0  startup_stm32f407xx.o(.text)
    CAN1_TX_IRQHandler                       0x080001b7   Thumb Code     0  startup_stm32f407xx.o(.text)
    CAN2_RX0_IRQHandler                      0x080001b7   Thumb Code     0  startup_stm32f407xx.o(.text)
    CAN2_RX1_IRQHandler                      0x080001b7   Thumb Code     0  startup_stm32f407xx.o(.text)
    CAN2_SCE_IRQHandler                      0x080001b7   Thumb Code     0  startup_stm32f407xx.o(.text)
    CAN2_TX_IRQHandler                       0x080001b7   Thumb Code     0  startup_stm32f407xx.o(.text)
    DCMI_IRQHandler                          0x080001b7   Thumb Code     0  startup_stm32f407xx.o(.text)
    DMA1_Stream0_IRQHandler                  0x080001b7   Thumb Code     0  startup_stm32f407xx.o(.text)
    DMA1_Stream1_IRQHandler                  0x080001b7   Thumb Code     0  startup_stm32f407xx.o(.text)
    DMA1_Stream2_IRQHandler                  0x080001b7   Thumb Code     0  startup_stm32f407xx.o(.text)
    DMA1_Stream3_IRQHandler                  0x080001b7   Thumb Code     0  startup_stm32f407xx.o(.text)
    DMA1_Stream4_IRQHandler                  0x080001b7   Thumb Code     0  startup_stm32f407xx.o(.text)
    DMA1_Stream5_IRQHandler                  0x080001b7   Thumb Code     0  startup_stm32f407xx.o(.text)
    DMA1_Stream6_IRQHandler                  0x080001b7   Thumb Code     0  startup_stm32f407xx.o(.text)
    DMA1_Stream7_IRQHandler                  0x080001b7   Thumb Code     0  startup_stm32f407xx.o(.text)
    DMA2_Stream0_IRQHandler                  0x080001b7   Thumb Code     0  startup_stm32f407xx.o(.text)
    DMA2_Stream2_IRQHandler                  0x080001b7   Thumb Code     0  startup_stm32f407xx.o(.text)
    DMA2_Stream3_IRQHandler                  0x080001b7   Thumb Code     0  startup_stm32f407xx.o(.text)
    DMA2_Stream4_IRQHandler                  0x080001b7   Thumb Code     0  startup_stm32f407xx.o(.text)
    DMA2_Stream5_IRQHandler                  0x080001b7   Thumb Code     0  startup_stm32f407xx.o(.text)
    DMA2_Stream6_IRQHandler                  0x080001b7   Thumb Code     0  startup_stm32f407xx.o(.text)
    DMA2_Stream7_IRQHandler                  0x080001b7   Thumb Code     0  startup_stm32f407xx.o(.text)
    ETH_IRQHandler                           0x080001b7   Thumb Code     0  startup_stm32f407xx.o(.text)
    ETH_WKUP_IRQHandler                      0x080001b7   Thumb Code     0  startup_stm32f407xx.o(.text)
    EXTI0_IRQHandler                         0x080001b7   Thumb Code     0  startup_stm32f407xx.o(.text)
    EXTI15_10_IRQHandler                     0x080001b7   Thumb Code     0  startup_stm32f407xx.o(.text)
    EXTI1_IRQHandler                         0x080001b7   Thumb Code     0  startup_stm32f407xx.o(.text)
    EXTI2_IRQHandler                         0x080001b7   Thumb Code     0  startup_stm32f407xx.o(.text)
    EXTI3_IRQHandler                         0x080001b7   Thumb Code     0  startup_stm32f407xx.o(.text)
    EXTI4_IRQHandler                         0x080001b7   Thumb Code     0  startup_stm32f407xx.o(.text)
    EXTI9_5_IRQHandler                       0x080001b7   Thumb Code     0  startup_stm32f407xx.o(.text)
    FLASH_IRQHandler                         0x080001b7   Thumb Code     0  startup_stm32f407xx.o(.text)
    FMC_IRQHandler                           0x080001b7   Thumb Code     0  startup_stm32f407xx.o(.text)
    FPU_IRQHandler                           0x080001b7   Thumb Code     0  startup_stm32f407xx.o(.text)
    HASH_RNG_IRQHandler                      0x080001b7   Thumb Code     0  startup_stm32f407xx.o(.text)
    I2C1_ER_IRQHandler                       0x080001b7   Thumb Code     0  startup_stm32f407xx.o(.text)
    I2C1_EV_IRQHandler                       0x080001b7   Thumb Code     0  startup_stm32f407xx.o(.text)
    I2C2_ER_IRQHandler                       0x080001b7   Thumb Code     0  startup_stm32f407xx.o(.text)
    I2C2_EV_IRQHandler                       0x080001b7   Thumb Code     0  startup_stm32f407xx.o(.text)
    I2C3_ER_IRQHandler                       0x080001b7   Thumb Code     0  startup_stm32f407xx.o(.text)
    I2C3_EV_IRQHandler                       0x080001b7   Thumb Code     0  startup_stm32f407xx.o(.text)
    OTG_FS_IRQHandler                        0x080001b7   Thumb Code     0  startup_stm32f407xx.o(.text)
    OTG_FS_WKUP_IRQHandler                   0x080001b7   Thumb Code     0  startup_stm32f407xx.o(.text)
    OTG_HS_EP1_IN_IRQHandler                 0x080001b7   Thumb Code     0  startup_stm32f407xx.o(.text)
    OTG_HS_EP1_OUT_IRQHandler                0x080001b7   Thumb Code     0  startup_stm32f407xx.o(.text)
    OTG_HS_IRQHandler                        0x080001b7   Thumb Code     0  startup_stm32f407xx.o(.text)
    OTG_HS_WKUP_IRQHandler                   0x080001b7   Thumb Code     0  startup_stm32f407xx.o(.text)
    PVD_IRQHandler                           0x080001b7   Thumb Code     0  startup_stm32f407xx.o(.text)
    RCC_IRQHandler                           0x080001b7   Thumb Code     0  startup_stm32f407xx.o(.text)
    RTC_Alarm_IRQHandler                     0x080001b7   Thumb Code     0  startup_stm32f407xx.o(.text)
    RTC_WKUP_IRQHandler                      0x080001b7   Thumb Code     0  startup_stm32f407xx.o(.text)
    SDIO_IRQHandler                          0x080001b7   Thumb Code     0  startup_stm32f407xx.o(.text)
    SPI1_IRQHandler                          0x080001b7   Thumb Code     0  startup_stm32f407xx.o(.text)
    SPI2_IRQHandler                          0x080001b7   Thumb Code     0  startup_stm32f407xx.o(.text)
    SPI3_IRQHandler                          0x080001b7   Thumb Code     0  startup_stm32f407xx.o(.text)
    TAMP_STAMP_IRQHandler                    0x080001b7   Thumb Code     0  startup_stm32f407xx.o(.text)
    TIM1_BRK_TIM9_IRQHandler                 0x080001b7   Thumb Code     0  startup_stm32f407xx.o(.text)
    TIM1_CC_IRQHandler                       0x080001b7   Thumb Code     0  startup_stm32f407xx.o(.text)
    TIM1_TRG_COM_TIM11_IRQHandler            0x080001b7   Thumb Code     0  startup_stm32f407xx.o(.text)
    TIM1_UP_TIM10_IRQHandler                 0x080001b7   Thumb Code     0  startup_stm32f407xx.o(.text)
    TIM2_IRQHandler                          0x080001b7   Thumb Code     0  startup_stm32f407xx.o(.text)
    TIM3_IRQHandler                          0x080001b7   Thumb Code     0  startup_stm32f407xx.o(.text)
    TIM4_IRQHandler                          0x080001b7   Thumb Code     0  startup_stm32f407xx.o(.text)
    TIM5_IRQHandler                          0x080001b7   Thumb Code     0  startup_stm32f407xx.o(.text)
    TIM6_DAC_IRQHandler                      0x080001b7   Thumb Code     0  startup_stm32f407xx.o(.text)
    TIM7_IRQHandler                          0x080001b7   Thumb Code     0  startup_stm32f407xx.o(.text)
    TIM8_BRK_TIM12_IRQHandler                0x080001b7   Thumb Code     0  startup_stm32f407xx.o(.text)
    TIM8_CC_IRQHandler                       0x080001b7   Thumb Code     0  startup_stm32f407xx.o(.text)
    TIM8_TRG_COM_TIM14_IRQHandler            0x080001b7   Thumb Code     0  startup_stm32f407xx.o(.text)
    TIM8_UP_TIM13_IRQHandler                 0x080001b7   Thumb Code     0  startup_stm32f407xx.o(.text)
    UART4_IRQHandler                         0x080001b7   Thumb Code     0  startup_stm32f407xx.o(.text)
    UART5_IRQHandler                         0x080001b7   Thumb Code     0  startup_stm32f407xx.o(.text)
    USART2_IRQHandler                        0x080001b7   Thumb Code     0  startup_stm32f407xx.o(.text)
    USART3_IRQHandler                        0x080001b7   Thumb Code     0  startup_stm32f407xx.o(.text)
    WWDG_IRQHandler                          0x080001b7   Thumb Code     0  startup_stm32f407xx.o(.text)
    __aeabi_uldivmod                         0x080001c1   Thumb Code    98  uldiv.o(.text)
    __aeabi_dadd                             0x08000223   Thumb Code   322  dadd.o(.text)
    __aeabi_dsub                             0x08000365   Thumb Code     6  dadd.o(.text)
    __aeabi_drsub                            0x0800036b   Thumb Code     6  dadd.o(.text)
    __aeabi_dmul                             0x08000371   Thumb Code   228  dmul.o(.text)
    __aeabi_i2d                              0x08000455   Thumb Code    34  dflti.o(.text)
    __aeabi_d2iz                             0x08000477   Thumb Code    62  dfixi.o(.text)
    __aeabi_llsl                             0x080004b5   Thumb Code    30  llshl.o(.text)
    _ll_shift_l                              0x080004b5   Thumb Code     0  llshl.o(.text)
    __aeabi_llsr                             0x080004d3   Thumb Code    32  llushr.o(.text)
    _ll_ushift_r                             0x080004d3   Thumb Code     0  llushr.o(.text)
    __aeabi_lasr                             0x080004f3   Thumb Code    36  llsshr.o(.text)
    _ll_sshift_r                             0x080004f3   Thumb Code     0  llsshr.o(.text)
    __I$use$fp                               0x08000517   Thumb Code     0  iusefp.o(.text)
    _double_round                            0x08000517   Thumb Code    30  depilogue.o(.text)
    _double_epilogue                         0x08000535   Thumb Code   156  depilogue.o(.text)
    __scatterload                            0x080005d1   Thumb Code    28  init.o(.text)
    __scatterload_rt2                        0x080005d1   Thumb Code     0  init.o(.text)
    BusFault_Handler                         0x080007e9   Thumb Code     4  stm32f4xx_it.o(i.BusFault_Handler)
    DMA2_Stream1_IRQHandler                  0x080007ed   Thumb Code    10  stm32f4xx_it.o(i.DMA2_Stream1_IRQHandler)
    DebugMon_Handler                         0x08000907   Thumb Code     2  stm32f4xx_it.o(i.DebugMon_Handler)
    HAL_ADC_ConfigChannel                    0x08000909   Thumb Code   380  stm32f4xx_hal_adc.o(i.HAL_ADC_ConfigChannel)
    HAL_ADC_ConvCpltCallback                 0x08000a95   Thumb Code     2  stm32f4xx_hal_adc.o(i.HAL_ADC_ConvCpltCallback)
    HAL_ADC_ConvHalfCpltCallback             0x08000a97   Thumb Code     2  stm32f4xx_hal_adc.o(i.HAL_ADC_ConvHalfCpltCallback)
    HAL_ADC_ErrorCallback                    0x08000a99   Thumb Code     2  stm32f4xx_hal_adc.o(i.HAL_ADC_ErrorCallback)
    HAL_ADC_Init                             0x08000a9d   Thumb Code   100  stm32f4xx_hal_adc.o(i.HAL_ADC_Init)
    HAL_ADC_MspInit                          0x08000b05   Thumb Code   202  stm32f4xx_hal_msp.o(i.HAL_ADC_MspInit)
    HAL_ADC_Start_DMA                        0x08000c09   Thumb Code   300  stm32f4xx_hal_adc.o(i.HAL_ADC_Start_DMA)
    HAL_CAN_ConfigFilter                     0x08000d51   Thumb Code   260  stm32f4xx_hal_can.o(i.HAL_CAN_ConfigFilter)
    HAL_CAN_Init                             0x08000e59   Thumb Code   444  stm32f4xx_hal_can.o(i.HAL_CAN_Init)
    HAL_CAN_MspInit                          0x08001015   Thumb Code   218  stm32f4xx_hal_msp.o(i.HAL_CAN_MspInit)
    HAL_CAN_Receive                          0x08001109   Thumb Code   686  stm32f4xx_hal_can.o(i.HAL_CAN_Receive)
    HAL_CAN_Transmit                         0x080013b9   Thumb Code   684  stm32f4xx_hal_can.o(i.HAL_CAN_Transmit)
    HAL_DAC_ConfigChannel                    0x08001671   Thumb Code    90  stm32f4xx_hal_dac.o(i.HAL_DAC_ConfigChannel)
    HAL_DAC_Init                             0x080016cb   Thumb Code    40  stm32f4xx_hal_dac.o(i.HAL_DAC_Init)
    HAL_DAC_MspInit                          0x080016f5   Thumb Code    70  stm32f4xx_hal_msp.o(i.HAL_DAC_MspInit)
    HAL_DMA_Abort_IT                         0x08001749   Thumb Code    40  stm32f4xx_hal_dma.o(i.HAL_DMA_Abort_IT)
    HAL_DMA_IRQHandler                       0x08001771   Thumb Code   570  stm32f4xx_hal_dma.o(i.HAL_DMA_IRQHandler)
    HAL_DMA_Init                             0x080019b1   Thumb Code   232  stm32f4xx_hal_dma.o(i.HAL_DMA_Init)
    HAL_DMA_Start_IT                         0x08001a9d   Thumb Code   158  stm32f4xx_hal_dma.o(i.HAL_DMA_Start_IT)
    HAL_Delay                                0x08001b3b   Thumb Code    30  stm32f4xx_hal.o(i.HAL_Delay)
    HAL_GPIO_Init                            0x08001b59   Thumb Code   466  stm32f4xx_hal_gpio.o(i.HAL_GPIO_Init)
    HAL_GPIO_WritePin                        0x08001d59   Thumb Code    12  stm32f4xx_hal_gpio.o(i.HAL_GPIO_WritePin)
    HAL_GetTick                              0x08001d65   Thumb Code     6  stm32f4xx_hal.o(i.HAL_GetTick)
    HAL_IncTick                              0x08001d71   Thumb Code    12  stm32f4xx_hal.o(i.HAL_IncTick)
    HAL_Init                                 0x08001d81   Thumb Code    54  stm32f4xx_hal.o(i.HAL_Init)
    HAL_InitTick                             0x08001dbd   Thumb Code    36  stm32f4xx_hal.o(i.HAL_InitTick)
    HAL_MspInit                              0x08001de5   Thumb Code    86  stm32f4xx_hal_msp.o(i.HAL_MspInit)
    HAL_NVIC_EnableIRQ                       0x08001e3b   Thumb Code    26  stm32f4xx_hal_cortex.o(i.HAL_NVIC_EnableIRQ)
    HAL_NVIC_SetPriority                     0x08001e55   Thumb Code   124  stm32f4xx_hal_cortex.o(i.HAL_NVIC_SetPriority)
    HAL_NVIC_SetPriorityGrouping             0x08001ed1   Thumb Code    32  stm32f4xx_hal_cortex.o(i.HAL_NVIC_SetPriorityGrouping)
    HAL_RCC_ClockConfig                      0x08001ef9   Thumb Code   366  stm32f4xx_hal_rcc.o(i.HAL_RCC_ClockConfig)
    HAL_RCC_GetHCLKFreq                      0x08002079   Thumb Code     6  stm32f4xx_hal_rcc.o(i.HAL_RCC_GetHCLKFreq)
    HAL_RCC_GetPCLK1Freq                     0x08002085   Thumb Code    22  stm32f4xx_hal_rcc.o(i.HAL_RCC_GetPCLK1Freq)
    HAL_RCC_GetPCLK2Freq                     0x080020a5   Thumb Code    22  stm32f4xx_hal_rcc.o(i.HAL_RCC_GetPCLK2Freq)
    HAL_RCC_GetSysClockFreq                  0x080020c5   Thumb Code   162  stm32f4xx_hal_rcc.o(i.HAL_RCC_GetSysClockFreq)
    HAL_RCC_OscConfig                        0x08002175   Thumb Code  1040  stm32f4xx_hal_rcc.o(i.HAL_RCC_OscConfig)
    HAL_SYSTICK_CLKSourceConfig              0x08002585   Thumb Code    40  stm32f4xx_hal_cortex.o(i.HAL_SYSTICK_CLKSourceConfig)
    HAL_SYSTICK_Callback                     0x080025ad   Thumb Code     2  stm32f4xx_hal_cortex.o(i.HAL_SYSTICK_Callback)
    HAL_SYSTICK_Config                       0x080025af   Thumb Code    52  stm32f4xx_hal_cortex.o(i.HAL_SYSTICK_Config)
    HAL_SYSTICK_IRQHandler                   0x080025e3   Thumb Code     8  stm32f4xx_hal_cortex.o(i.HAL_SYSTICK_IRQHandler)
    HAL_TIMEx_ConfigBreakDeadTime            0x080025eb   Thumb Code   126  stm32f4xx_hal_tim_ex.o(i.HAL_TIMEx_ConfigBreakDeadTime)
    HAL_TIMEx_MasterConfigSynchronization    0x08002669   Thumb Code    98  stm32f4xx_hal_tim_ex.o(i.HAL_TIMEx_MasterConfigSynchronization)
    HAL_TIM_Base_Init                        0x080026cb   Thumb Code    52  stm32f4xx_hal_tim.o(i.HAL_TIM_Base_Init)
    HAL_TIM_Base_MspInit                     0x08002701   Thumb Code   340  stm32f4xx_hal_msp.o(i.HAL_TIM_Base_MspInit)
    HAL_TIM_Base_Start_IT                    0x08002875   Thumb Code    30  stm32f4xx_hal_tim.o(i.HAL_TIM_Base_Start_IT)
    HAL_TIM_ConfigClockSource                0x08002893   Thumb Code   306  stm32f4xx_hal_tim.o(i.HAL_TIM_ConfigClockSource)
    HAL_TIM_MspPostInit                      0x080029c5   Thumb Code   182  stm32f4xx_hal_msp.o(i.HAL_TIM_MspPostInit)
    HAL_TIM_PWM_ConfigChannel                0x08002a99   Thumb Code   264  stm32f4xx_hal_tim.o(i.HAL_TIM_PWM_ConfigChannel)
    HAL_TIM_PWM_Init                         0x08002ba1   Thumb Code    52  stm32f4xx_hal_tim.o(i.HAL_TIM_PWM_Init)
    HAL_TIM_PWM_MspInit                      0x08002bd5   Thumb Code     2  stm32f4xx_hal_tim.o(i.HAL_TIM_PWM_MspInit)
    HAL_TIM_PWM_Start                        0x08002bd9   Thumb Code    68  stm32f4xx_hal_tim.o(i.HAL_TIM_PWM_Start)
    HAL_UART_ErrorCallback                   0x08002c25   Thumb Code     2  stm32f4xx_hal_uart.o(i.HAL_UART_ErrorCallback)
    HAL_UART_GetState                        0x08002c27   Thumb Code    20  stm32f4xx_hal_uart.o(i.HAL_UART_GetState)
    HAL_UART_IRQHandler                      0x08002c3d   Thumb Code   326  stm32f4xx_hal_uart.o(i.HAL_UART_IRQHandler)
    HAL_UART_Init                            0x08002d89   Thumb Code   114  stm32f4xx_hal_uart.o(i.HAL_UART_Init)
    HAL_UART_MspInit                         0x08002dfd   Thumb Code   334  stm32f4xx_hal_msp.o(i.HAL_UART_MspInit)
    HAL_UART_Receive_IT                      0x08002f6d   Thumb Code   100  stm32f4xx_hal_uart.o(i.HAL_UART_Receive_IT)
    HAL_UART_RxCpltCallback                  0x08002fd1   Thumb Code    42  main.o(i.HAL_UART_RxCpltCallback)
    HAL_UART_Transmit                        0x08003005   Thumb Code   214  stm32f4xx_hal_uart.o(i.HAL_UART_Transmit)
    HAL_UART_Transmit_IT                     0x080030db   Thumb Code    88  stm32f4xx_hal_uart.o(i.HAL_UART_Transmit_IT)
    HAL_UART_TxCpltCallback                  0x08003133   Thumb Code     2  stm32f4xx_hal_uart.o(i.HAL_UART_TxCpltCallback)
    HardFault_Handler                        0x08003135   Thumb Code     4  stm32f4xx_it.o(i.HardFault_Handler)
    MemManage_Handler                        0x08003cb1   Thumb Code     4  stm32f4xx_it.o(i.MemManage_Handler)
    MotorDriver                              0x08003cb5   Thumb Code   196  main.o(i.MotorDriver)
    MotorPidFunction                         0x08003d7d   Thumb Code   232  main.o(i.MotorPidFunction)
    Motor_CAN_Reveive                        0x08003e75   Thumb Code   106  main.o(i.Motor_CAN_Reveive)
    NMI_Handler                              0x08003ef1   Thumb Code     2  stm32f4xx_it.o(i.NMI_Handler)
    PendSV_Handler                           0x08003f2d   Thumb Code     2  stm32f4xx_it.o(i.PendSV_Handler)
    SVC_Handler                              0x08003f2f   Thumb Code     2  stm32f4xx_it.o(i.SVC_Handler)
    SysTick_Handler                          0x08003f31   Thumb Code    12  stm32f4xx_it.o(i.SysTick_Handler)
    SystemClock_Config                       0x08003f3d   Thumb Code   200  main.o(i.SystemClock_Config)
    SystemInit                               0x0800401d   Thumb Code    82  system_stm32f4xx.o(i.SystemInit)
    TIM_Base_SetConfig                       0x08004081   Thumb Code   184  stm32f4xx_hal_tim.o(i.TIM_Base_SetConfig)
    TIM_CCxChannelCmd                        0x08004165   Thumb Code    28  stm32f4xx_hal_tim.o(i.TIM_CCxChannelCmd)
    TIM_OC2_SetConfig                        0x0800421d   Thumb Code   112  stm32f4xx_hal_tim.o(i.TIM_OC2_SetConfig)
    USART1_IRQHandler                        0x080048ed   Thumb Code    10  stm32f4xx_it.o(i.USART1_IRQHandler)
    USART6_IRQHandler                        0x080048fd   Thumb Code    10  stm32f4xx_it.o(i.USART6_IRQHandler)
    UsageFault_Handler                       0x0800490d   Thumb Code     4  stm32f4xx_it.o(i.UsageFault_Handler)
    _Error_Handler                           0x08004911   Thumb Code     4  main.o(i._Error_Handler)
    __0printf$5                              0x08004915   Thumb Code    22  printf5.o(i.__0printf$5)
    __1printf$5                              0x08004915   Thumb Code     0  printf5.o(i.__0printf$5)
    __2printf                                0x08004915   Thumb Code     0  printf5.o(i.__0printf$5)
    __scatterload_copy                       0x08004935   Thumb Code    14  handlers.o(i.__scatterload_copy)
    __scatterload_null                       0x08004943   Thumb Code     2  handlers.o(i.__scatterload_null)
    __scatterload_zeroinit                   0x08004945   Thumb Code    14  handlers.o(i.__scatterload_zeroinit)
    fputc                                    0x08004c15   Thumb Code    22  main.o(i.fputc)
    main                                     0x08004c31   Thumb Code  1292  main.o(i.main)
    AHBPrescTable                            0x08005144   Data          16  system_stm32f4xx.o(.constdata)
    APBPrescTable                            0x08005154   Data           8  system_stm32f4xx.o(.constdata)
    Region$$Table$$Base                      0x0800515c   Number         0  anon$$obj.o(Region$$Table)
    Region$$Table$$Limit                     0x0800517c   Number         0  anon$$obj.o(Region$$Table)
    uwTick                                   0x20000000   Data           4  stm32f4xx_hal.o(.data)
    SystemCoreClock                          0x20000004   Data           4  system_stm32f4xx.o(.data)
    PowerVoltage                             0x2000000c   Data           4  main.o(.data)
    __stdout                                 0x20000024   Data           4  stdout.o(.data)
    hadc1                                    0x20000028   Data          72  main.o(.bss)
    hadc3                                    0x20000070   Data          72  main.o(.bss)
    hdma_adc3                                0x200000b8   Data          96  main.o(.bss)
    hcan1                                    0x20000118   Data          68  main.o(.bss)
    hcan2                                    0x2000015c   Data          68  main.o(.bss)
    hdac                                     0x200001a0   Data          20  main.o(.bss)
    htim1                                    0x200001b4   Data          60  main.o(.bss)
    htim2                                    0x200001f0   Data          60  main.o(.bss)
    htim3                                    0x2000022c   Data          60  main.o(.bss)
    htim4                                    0x20000268   Data          60  main.o(.bss)
    htim5                                    0x200002a4   Data          60  main.o(.bss)
    htim9                                    0x200002e0   Data          60  main.o(.bss)
    htim10                                   0x2000031c   Data          60  main.o(.bss)
    htim11                                   0x20000358   Data          60  main.o(.bss)
    huart1                                   0x20000394   Data          64  main.o(.bss)
    huart2                                   0x200003d4   Data          64  main.o(.bss)
    huart3                                   0x20000414   Data          64  main.o(.bss)
    huart6                                   0x20000454   Data          64  main.o(.bss)
    ADC_Value                                0x20000494   Data          24  main.o(.bss)
    RxBuffer1                                0x200004ac   Data          20  main.o(.bss)
    TraceState                               0x20000500   Data          40  main.o(.bss)
    __initial_sp                             0x20000b20   Data           0  startup_stm32f407xx.o(STACK)



==============================================================================

Memory Map of the image

  Image Entry point : 0x08000189

  Load Region LR_IROM1 (Base: 0x08000000, Size: 0x000051a4, Max: 0x00080000, ABSOLUTE)

    Execution Region ER_IROM1 (Exec base: 0x08000000, Load base: 0x08000000, Size: 0x0000517c, Max: 0x00080000, ABSOLUTE)

    Exec Addr    Load Addr    Size         Type   Attr      Idx    E Section Name        Object

    0x08000000   0x08000000   0x00000188   Data   RO            3    RESET               startup_stm32f407xx.o
    0x08000188   0x08000188   0x00000000   Code   RO         3462  * .ARM.Collect$$$$00000000  mc_w.l(entry.o)
    0x08000188   0x08000188   0x00000004   Code   RO         3736    .ARM.Collect$$$$00000001  mc_w.l(entry2.o)
    0x0800018c   0x0800018c   0x00000004   Code   RO         3739    .ARM.Collect$$$$00000004  mc_w.l(entry5.o)
    0x08000190   0x08000190   0x00000000   Code   RO         3741    .ARM.Collect$$$$00000008  mc_w.l(entry7b.o)
    0x08000190   0x08000190   0x00000000   Code   RO         3743    .ARM.Collect$$$$0000000A  mc_w.l(entry8b.o)
    0x08000190   0x08000190   0x00000008   Code   RO         3744    .ARM.Collect$$$$0000000B  mc_w.l(entry9a.o)
    0x08000198   0x08000198   0x00000000   Code   RO         3746    .ARM.Collect$$$$0000000D  mc_w.l(entry10a.o)
    0x08000198   0x08000198   0x00000000   Code   RO         3748    .ARM.Collect$$$$0000000F  mc_w.l(entry11a.o)
    0x08000198   0x08000198   0x00000004   Code   RO         3737    .ARM.Collect$$$$00002712  mc_w.l(entry2.o)
    0x0800019c   0x0800019c   0x00000024   Code   RO            4    .text               startup_stm32f407xx.o
    0x080001c0   0x080001c0   0x00000062   Code   RO         3465    .text               mc_w.l(uldiv.o)
    0x08000222   0x08000222   0x0000014e   Code   RO         3728    .text               mf_w.l(dadd.o)
    0x08000370   0x08000370   0x000000e4   Code   RO         3730    .text               mf_w.l(dmul.o)
    0x08000454   0x08000454   0x00000022   Code   RO         3732    .text               mf_w.l(dflti.o)
    0x08000476   0x08000476   0x0000003e   Code   RO         3734    .text               mf_w.l(dfixi.o)
    0x080004b4   0x080004b4   0x0000001e   Code   RO         3753    .text               mc_w.l(llshl.o)
    0x080004d2   0x080004d2   0x00000020   Code   RO         3755    .text               mc_w.l(llushr.o)
    0x080004f2   0x080004f2   0x00000024   Code   RO         3757    .text               mc_w.l(llsshr.o)
    0x08000516   0x08000516   0x00000000   Code   RO         3759    .text               mc_w.l(iusefp.o)
    0x08000516   0x08000516   0x000000ba   Code   RO         3760    .text               mf_w.l(depilogue.o)
    0x080005d0   0x080005d0   0x00000024   Code   RO         3768    .text               mc_w.l(init.o)
    0x080005f4   0x080005f4   0x0000006e   Code   RO         2732    i.ADC_DMAConvCplt   stm32f4xx_hal_adc.o
    0x08000662   0x08000662   0x0000001a   Code   RO         2733    i.ADC_DMAError      stm32f4xx_hal_adc.o
    0x0800067c   0x0800067c   0x0000000e   Code   RO         2734    i.ADC_DMAHalfConvCplt  stm32f4xx_hal_adc.o
    0x0800068a   0x0800068a   0x00000002   PAD
    0x0800068c   0x0800068c   0x0000015c   Code   RO         2735    i.ADC_Init          stm32f4xx_hal_adc.o
    0x080007e8   0x080007e8   0x00000004   Code   RO         3371    i.BusFault_Handler  stm32f4xx_it.o
    0x080007ec   0x080007ec   0x00000010   Code   RO         3372    i.DMA2_Stream1_IRQHandler  stm32f4xx_it.o
    0x080007fc   0x080007fc   0x00000034   Code   RO          498    i.DMA_CalcBaseAndBitshift  stm32f4xx_hal_dma.o
    0x08000830   0x08000830   0x000000aa   Code   RO          499    i.DMA_CheckFifoParam  stm32f4xx_hal_dma.o
    0x080008da   0x080008da   0x0000002c   Code   RO          500    i.DMA_SetConfig     stm32f4xx_hal_dma.o
    0x08000906   0x08000906   0x00000002   Code   RO         3373    i.DebugMon_Handler  stm32f4xx_it.o
    0x08000908   0x08000908   0x0000018c   Code   RO         2737    i.HAL_ADC_ConfigChannel  stm32f4xx_hal_adc.o
    0x08000a94   0x08000a94   0x00000002   Code   RO         2738    i.HAL_ADC_ConvCpltCallback  stm32f4xx_hal_adc.o
    0x08000a96   0x08000a96   0x00000002   Code   RO         2739    i.HAL_ADC_ConvHalfCpltCallback  stm32f4xx_hal_adc.o
    0x08000a98   0x08000a98   0x00000002   Code   RO         2741    i.HAL_ADC_ErrorCallback  stm32f4xx_hal_adc.o
    0x08000a9a   0x08000a9a   0x00000002   PAD
    0x08000a9c   0x08000a9c   0x00000068   Code   RO         2746    i.HAL_ADC_Init      stm32f4xx_hal_adc.o
    0x08000b04   0x08000b04   0x00000104   Code   RO         3279    i.HAL_ADC_MspInit   stm32f4xx_hal_msp.o
    0x08000c08   0x08000c08   0x00000148   Code   RO         2753    i.HAL_ADC_Start_DMA  stm32f4xx_hal_adc.o
    0x08000d50   0x08000d50   0x00000108   Code   RO         2185    i.HAL_CAN_ConfigFilter  stm32f4xx_hal_can.o
    0x08000e58   0x08000e58   0x000001bc   Code   RO         2191    i.HAL_CAN_Init      stm32f4xx_hal_can.o
    0x08001014   0x08001014   0x000000f4   Code   RO         3281    i.HAL_CAN_MspInit   stm32f4xx_hal_msp.o
    0x08001108   0x08001108   0x000002ae   Code   RO         2194    i.HAL_CAN_Receive   stm32f4xx_hal_can.o
    0x080013b6   0x080013b6   0x00000002   PAD
    0x080013b8   0x080013b8   0x000002b8   Code   RO         2198    i.HAL_CAN_Transmit  stm32f4xx_hal_can.o
    0x08001670   0x08001670   0x0000005a   Code   RO         2400    i.HAL_DAC_ConfigChannel  stm32f4xx_hal_dac.o
    0x080016ca   0x080016ca   0x00000028   Code   RO         2410    i.HAL_DAC_Init      stm32f4xx_hal_dac.o
    0x080016f2   0x080016f2   0x00000002   PAD
    0x080016f4   0x080016f4   0x00000054   Code   RO         3283    i.HAL_DAC_MspInit   stm32f4xx_hal_msp.o
    0x08001748   0x08001748   0x00000028   Code   RO          502    i.HAL_DMA_Abort_IT  stm32f4xx_hal_dma.o
    0x08001770   0x08001770   0x00000240   Code   RO          506    i.HAL_DMA_IRQHandler  stm32f4xx_hal_dma.o
    0x080019b0   0x080019b0   0x000000ec   Code   RO          507    i.HAL_DMA_Init      stm32f4xx_hal_dma.o
    0x08001a9c   0x08001a9c   0x0000009e   Code   RO          511    i.HAL_DMA_Start_IT  stm32f4xx_hal_dma.o
    0x08001b3a   0x08001b3a   0x0000001e   Code   RO           20    i.HAL_Delay         stm32f4xx_hal.o
    0x08001b58   0x08001b58   0x00000200   Code   RO         2316    i.HAL_GPIO_Init     stm32f4xx_hal_gpio.o
    0x08001d58   0x08001d58   0x0000000c   Code   RO         2320    i.HAL_GPIO_WritePin  stm32f4xx_hal_gpio.o
    0x08001d64   0x08001d64   0x0000000c   Code   RO           26    i.HAL_GetTick       stm32f4xx_hal.o
    0x08001d70   0x08001d70   0x00000010   Code   RO           28    i.HAL_IncTick       stm32f4xx_hal.o
    0x08001d80   0x08001d80   0x0000003c   Code   RO           29    i.HAL_Init          stm32f4xx_hal.o
    0x08001dbc   0x08001dbc   0x00000028   Code   RO           30    i.HAL_InitTick      stm32f4xx_hal.o
    0x08001de4   0x08001de4   0x00000056   Code   RO         3284    i.HAL_MspInit       stm32f4xx_hal_msp.o
    0x08001e3a   0x08001e3a   0x0000001a   Code   RO         2543    i.HAL_NVIC_EnableIRQ  stm32f4xx_hal_cortex.o
    0x08001e54   0x08001e54   0x0000007c   Code   RO         2549    i.HAL_NVIC_SetPriority  stm32f4xx_hal_cortex.o
    0x08001ed0   0x08001ed0   0x00000028   Code   RO         2550    i.HAL_NVIC_SetPriorityGrouping  stm32f4xx_hal_cortex.o
    0x08001ef8   0x08001ef8   0x00000180   Code   RO         1738    i.HAL_RCC_ClockConfig  stm32f4xx_hal_rcc.o
    0x08002078   0x08002078   0x0000000c   Code   RO         1743    i.HAL_RCC_GetHCLKFreq  stm32f4xx_hal_rcc.o
    0x08002084   0x08002084   0x00000020   Code   RO         1745    i.HAL_RCC_GetPCLK1Freq  stm32f4xx_hal_rcc.o
    0x080020a4   0x080020a4   0x00000020   Code   RO         1746    i.HAL_RCC_GetPCLK2Freq  stm32f4xx_hal_rcc.o
    0x080020c4   0x080020c4   0x000000b0   Code   RO         1747    i.HAL_RCC_GetSysClockFreq  stm32f4xx_hal_rcc.o
    0x08002174   0x08002174   0x00000410   Code   RO         1750    i.HAL_RCC_OscConfig  stm32f4xx_hal_rcc.o
    0x08002584   0x08002584   0x00000028   Code   RO         2552    i.HAL_SYSTICK_CLKSourceConfig  stm32f4xx_hal_cortex.o
    0x080025ac   0x080025ac   0x00000002   Code   RO         2553    i.HAL_SYSTICK_Callback  stm32f4xx_hal_cortex.o
    0x080025ae   0x080025ae   0x00000034   Code   RO         2554    i.HAL_SYSTICK_Config  stm32f4xx_hal_cortex.o
    0x080025e2   0x080025e2   0x00000008   Code   RO         2555    i.HAL_SYSTICK_IRQHandler  stm32f4xx_hal_cortex.o
    0x080025ea   0x080025ea   0x0000007e   Code   RO         1946    i.HAL_TIMEx_ConfigBreakDeadTime  stm32f4xx_hal_tim_ex.o
    0x08002668   0x08002668   0x00000062   Code   RO         1961    i.HAL_TIMEx_MasterConfigSynchronization  stm32f4xx_hal_tim_ex.o
    0x080026ca   0x080026ca   0x00000034   Code   RO          606    i.HAL_TIM_Base_Init  stm32f4xx_hal_tim.o
    0x080026fe   0x080026fe   0x00000002   PAD
    0x08002700   0x08002700   0x00000174   Code   RO         3286    i.HAL_TIM_Base_MspInit  stm32f4xx_hal_msp.o
    0x08002874   0x08002874   0x0000001e   Code   RO          611    i.HAL_TIM_Base_Start_IT  stm32f4xx_hal_tim.o
    0x08002892   0x08002892   0x00000132   Code   RO          615    i.HAL_TIM_ConfigClockSource  stm32f4xx_hal_tim.o
    0x080029c4   0x080029c4   0x000000d4   Code   RO         3287    i.HAL_TIM_MspPostInit  stm32f4xx_hal_msp.o
    0x08002a98   0x08002a98   0x00000108   Code   RO          672    i.HAL_TIM_PWM_ConfigChannel  stm32f4xx_hal_tim.o
    0x08002ba0   0x08002ba0   0x00000034   Code   RO          675    i.HAL_TIM_PWM_Init  stm32f4xx_hal_tim.o
    0x08002bd4   0x08002bd4   0x00000002   Code   RO          677    i.HAL_TIM_PWM_MspInit  stm32f4xx_hal_tim.o
    0x08002bd6   0x08002bd6   0x00000002   PAD
    0x08002bd8   0x08002bd8   0x0000004c   Code   RO          679    i.HAL_TIM_PWM_Start  stm32f4xx_hal_tim.o
    0x08002c24   0x08002c24   0x00000002   Code   RO         1307    i.HAL_UART_ErrorCallback  stm32f4xx_hal_uart.o
    0x08002c26   0x08002c26   0x00000014   Code   RO         1309    i.HAL_UART_GetState  stm32f4xx_hal_uart.o
    0x08002c3a   0x08002c3a   0x00000002   PAD
    0x08002c3c   0x08002c3c   0x0000014c   Code   RO         1310    i.HAL_UART_IRQHandler  stm32f4xx_hal_uart.o
    0x08002d88   0x08002d88   0x00000072   Code   RO         1311    i.HAL_UART_Init     stm32f4xx_hal_uart.o
    0x08002dfa   0x08002dfa   0x00000002   PAD
    0x08002dfc   0x08002dfc   0x00000170   Code   RO         3289    i.HAL_UART_MspInit  stm32f4xx_hal_msp.o
    0x08002f6c   0x08002f6c   0x00000064   Code   RO         1316    i.HAL_UART_Receive_IT  stm32f4xx_hal_uart.o
    0x08002fd0   0x08002fd0   0x00000034   Code   RO         3068    i.HAL_UART_RxCpltCallback  main.o
    0x08003004   0x08003004   0x000000d6   Code   RO         1319    i.HAL_UART_Transmit  stm32f4xx_hal_uart.o
    0x080030da   0x080030da   0x00000058   Code   RO         1321    i.HAL_UART_Transmit_IT  stm32f4xx_hal_uart.o
    0x08003132   0x08003132   0x00000002   Code   RO         1322    i.HAL_UART_TxCpltCallback  stm32f4xx_hal_uart.o
    0x08003134   0x08003134   0x00000004   Code   RO         3374    i.HardFault_Handler  stm32f4xx_it.o
    0x08003138   0x08003138   0x000000f0   Code   RO         3071    i.MX_ADC1_Init      main.o
    0x08003228   0x08003228   0x0000010c   Code   RO         3072    i.MX_ADC3_Init      main.o
    0x08003334   0x08003334   0x00000058   Code   RO         3073    i.MX_CAN1_Init      main.o
    0x0800338c   0x0800338c   0x00000058   Code   RO         3074    i.MX_CAN2_Init      main.o
    0x080033e4   0x080033e4   0x00000068   Code   RO         3075    i.MX_DAC_Init       main.o
    0x0800344c   0x0800344c   0x00000038   Code   RO         3076    i.MX_DMA_Init       main.o
    0x08003484   0x08003484   0x00000178   Code   RO         3077    i.MX_GPIO_Init      main.o
    0x080035fc   0x080035fc   0x00000048   Code   RO         3078    i.MX_TIM10_Init     main.o
    0x08003644   0x08003644   0x00000048   Code   RO         3079    i.MX_TIM11_Init     main.o
    0x0800368c   0x0800368c   0x00000128   Code   RO         3080    i.MX_TIM1_Init      main.o
    0x080037b4   0x080037b4   0x000000fc   Code   RO         3081    i.MX_TIM2_Init      main.o
    0x080038b0   0x080038b0   0x00000100   Code   RO         3082    i.MX_TIM3_Init      main.o
    0x080039b0   0x080039b0   0x000000f4   Code   RO         3083    i.MX_TIM4_Init      main.o
    0x08003aa4   0x08003aa4   0x0000007c   Code   RO         3084    i.MX_TIM5_Init      main.o
    0x08003b20   0x08003b20   0x00000060   Code   RO         3085    i.MX_TIM9_Init      main.o
    0x08003b80   0x08003b80   0x0000004c   Code   RO         3086    i.MX_USART1_UART_Init  main.o
    0x08003bcc   0x08003bcc   0x0000004c   Code   RO         3087    i.MX_USART2_UART_Init  main.o
    0x08003c18   0x08003c18   0x0000004c   Code   RO         3088    i.MX_USART3_UART_Init  main.o
    0x08003c64   0x08003c64   0x0000004c   Code   RO         3089    i.MX_USART6_UART_Init  main.o
    0x08003cb0   0x08003cb0   0x00000004   Code   RO         3375    i.MemManage_Handler  stm32f4xx_it.o
    0x08003cb4   0x08003cb4   0x000000c8   Code   RO         3091    i.MotorDriver       main.o
    0x08003d7c   0x08003d7c   0x000000f8   Code   RO         3093    i.MotorPidFunction  main.o
    0x08003e74   0x08003e74   0x0000007c   Code   RO         3094    i.Motor_CAN_Reveive  main.o
    0x08003ef0   0x08003ef0   0x00000002   Code   RO         3376    i.NMI_Handler       stm32f4xx_it.o
    0x08003ef2   0x08003ef2   0x00000002   PAD
    0x08003ef4   0x08003ef4   0x00000010   Code   RO         2556    i.NVIC_GetPriorityGrouping  stm32f4xx_hal_cortex.o
    0x08003f04   0x08003f04   0x00000028   Code   RO         2557    i.NVIC_SetPriority  stm32f4xx_hal_cortex.o
    0x08003f2c   0x08003f2c   0x00000002   Code   RO         3377    i.PendSV_Handler    stm32f4xx_it.o
    0x08003f2e   0x08003f2e   0x00000002   Code   RO         3378    i.SVC_Handler       stm32f4xx_it.o
    0x08003f30   0x08003f30   0x0000000c   Code   RO         3379    i.SysTick_Handler   stm32f4xx_it.o
    0x08003f3c   0x08003f3c   0x000000e0   Code   RO         3095    i.SystemClock_Config  main.o
    0x0800401c   0x0800401c   0x00000064   Code   RO         3029    i.SystemInit        system_stm32f4xx.o
    0x08004080   0x08004080   0x000000e4   Code   RO          690    i.TIM_Base_SetConfig  stm32f4xx_hal_tim.o
    0x08004164   0x08004164   0x0000001c   Code   RO          691    i.TIM_CCxChannelCmd  stm32f4xx_hal_tim.o
    0x08004180   0x08004180   0x00000018   Code   RO          697    i.TIM_ETR_SetConfig  stm32f4xx_hal_tim.o
    0x08004198   0x08004198   0x00000014   Code   RO          698    i.TIM_ITRx_SetConfig  stm32f4xx_hal_tim.o
    0x080041ac   0x080041ac   0x00000070   Code   RO          699    i.TIM_OC1_SetConfig  stm32f4xx_hal_tim.o
    0x0800421c   0x0800421c   0x00000078   Code   RO          700    i.TIM_OC2_SetConfig  stm32f4xx_hal_tim.o
    0x08004294   0x08004294   0x00000078   Code   RO          701    i.TIM_OC3_SetConfig  stm32f4xx_hal_tim.o
    0x0800430c   0x0800430c   0x00000060   Code   RO          702    i.TIM_OC4_SetConfig  stm32f4xx_hal_tim.o
    0x0800436c   0x0800436c   0x0000002a   Code   RO          704    i.TIM_TI1_ConfigInputStage  stm32f4xx_hal_tim.o
    0x08004396   0x08004396   0x0000002c   Code   RO          706    i.TIM_TI2_ConfigInputStage  stm32f4xx_hal_tim.o
    0x080043c2   0x080043c2   0x00000014   Code   RO         1324    i.UART_DMAAbortOnError  stm32f4xx_hal_uart.o
    0x080043d6   0x080043d6   0x00000020   Code   RO         1334    i.UART_EndRxTransfer  stm32f4xx_hal_uart.o
    0x080043f6   0x080043f6   0x00000020   Code   RO         1335    i.UART_EndTransmit_IT  stm32f4xx_hal_uart.o
    0x08004416   0x08004416   0x0000009a   Code   RO         1337    i.UART_Receive_IT   stm32f4xx_hal_uart.o
    0x080044b0   0x080044b0   0x00000368   Code   RO         1338    i.UART_SetConfig    stm32f4xx_hal_uart.o
    0x08004818   0x08004818   0x00000068   Code   RO         1339    i.UART_Transmit_IT  stm32f4xx_hal_uart.o
    0x08004880   0x08004880   0x0000006c   Code   RO         1340    i.UART_WaitOnFlagUntilTimeout  stm32f4xx_hal_uart.o
    0x080048ec   0x080048ec   0x00000010   Code   RO         3380    i.USART1_IRQHandler  stm32f4xx_it.o
    0x080048fc   0x080048fc   0x00000010   Code   RO         3381    i.USART6_IRQHandler  stm32f4xx_it.o
    0x0800490c   0x0800490c   0x00000004   Code   RO         3382    i.UsageFault_Handler  stm32f4xx_it.o
    0x08004910   0x08004910   0x00000004   Code   RO         3096    i._Error_Handler    main.o
    0x08004914   0x08004914   0x00000020   Code   RO         3600    i.__0printf$5       mc_w.l(printf5.o)
    0x08004934   0x08004934   0x0000000e   Code   RO         3772    i.__scatterload_copy  mc_w.l(handlers.o)
    0x08004942   0x08004942   0x00000002   Code   RO         3773    i.__scatterload_null  mc_w.l(handlers.o)
    0x08004944   0x08004944   0x0000000e   Code   RO         3774    i.__scatterload_zeroinit  mc_w.l(handlers.o)
    0x08004952   0x08004952   0x00000002   PAD
    0x08004954   0x08004954   0x000002c0   Code   RO         3607    i._printf_core      mc_w.l(printf5.o)
    0x08004c14   0x08004c14   0x0000001c   Code   RO         3098    i.fputc             main.o
    0x08004c30   0x08004c30   0x0000050c   Code   RO         3099    i.main              main.o
    0x0800513c   0x0800513c   0x00000008   Data   RO          513    .constdata          stm32f4xx_hal_dma.o
    0x08005144   0x08005144   0x00000018   Data   RO         3030    .constdata          system_stm32f4xx.o
    0x0800515c   0x0800515c   0x00000020   Data   RO         3770    Region$$Table       anon$$obj.o


    Execution Region RW_IRAM1 (Exec base: 0x20000000, Load base: 0x0800517c, Size: 0x00000b20, Max: 0x00020000, ABSOLUTE)

    Exec Addr    Load Addr    Size         Type   Attr      Idx    E Section Name        Object

    0x20000000   0x0800517c   0x00000004   Data   RW           35    .data               stm32f4xx_hal.o
    0x20000004   0x08005180   0x00000004   Data   RW         3031    .data               system_stm32f4xx.o
    0x20000008   0x08005184   0x00000018   Data   RW         3101    .data               main.o
    0x20000020   0x0800519c   0x00000004   Data   RW         3290    .data               stm32f4xx_hal_msp.o
    0x20000024   0x080051a0   0x00000004   Data   RW         3750    .data               mc_w.l(stdout.o)
    0x20000028        -       0x000006f8   Zero   RW         3100    .bss                main.o
    0x20000720        -       0x00000400   Zero   RW            1    STACK               startup_stm32f407xx.o


==============================================================================

Image component sizes


      Code (inc. data)   RO Data    RW Data    ZI Data      Debug   Object Name

      5108        744          0         24       1784      18767   main.o
        36          8        392          0       1024        836   startup_stm32f407xx.o
       158         20          0          4          0     707967   stm32f4xx_hal.o
      1332         56          0          0          0       8113   stm32f4xx_hal_adc.o
      2090         16          0          0          0       4891   stm32f4xx_hal_can.o
       348         22          0          0          0      33525   stm32f4xx_hal_cortex.o
       130          0          0          0          0       2199   stm32f4xx_hal_dac.o
      1276         16          8          0          0       6814   stm32f4xx_hal_dma.o
       524         46          0          0          0       2576   stm32f4xx_hal_gpio.o
      1626        194          0          4          0       6064   stm32f4xx_hal_msp.o
      1676         74          0          0          0       5984   stm32f4xx_hal_rcc.o
      1616         88          0          0          0      14030   stm32f4xx_hal_tim.o
       224          0          0          0          0       2256   stm32f4xx_hal_tim_ex.o
      2194         14          0          0          0      12510   stm32f4xx_hal_uart.o
        84         18          0          0          0       5612   stm32f4xx_it.o
       100         18         24          4          0       1211   system_stm32f4xx.o

    ----------------------------------------------------------------------
     18540       1334        456         36       2808     833355   Object Totals
         0          0         32          0          0          0   (incl. Generated)
        18          0          0          0          0          0   (incl. Padding)

    ----------------------------------------------------------------------

      Code (inc. data)   RO Data    RW Data    ZI Data      Debug   Library Member Name

         0          0          0          0          0          0   entry.o
         0          0          0          0          0          0   entry10a.o
         0          0          0          0          0          0   entry11a.o
         8          4          0          0          0          0   entry2.o
         4          0          0          0          0          0   entry5.o
         0          0          0          0          0          0   entry7b.o
         0          0          0          0          0          0   entry8b.o
         8          4          0          0          0          0   entry9a.o
        30          0          0          0          0          0   handlers.o
        36          8          0          0          0         68   init.o
         0          0          0          0          0          0   iusefp.o
        30          0          0          0          0         68   llshl.o
        36          0          0          0          0         68   llsshr.o
        32          0          0          0          0         68   llushr.o
       736         56          0          0          0        184   printf5.o
         0          0          0          4          0          0   stdout.o
        98          0          0          0          0         92   uldiv.o
       334          0          0          0          0        148   dadd.o
       186          0          0          0          0        176   depilogue.o
        62          0          0          0          0         80   dfixi.o
        34          0          0          0          0         76   dflti.o
       228          0          0          0          0         96   dmul.o

    ----------------------------------------------------------------------
      1864         72          0          4          0       1124   Library Totals
         2          0          0          0          0          0   (incl. Padding)

    ----------------------------------------------------------------------

      Code (inc. data)   RO Data    RW Data    ZI Data      Debug   Library Name

      1018         72          0          4          0        548   mc_w.l
       844          0          0          0          0        576   mf_w.l

    ----------------------------------------------------------------------
      1864         72          0          4          0       1124   Library Totals

    ----------------------------------------------------------------------

==============================================================================


      Code (inc. data)   RO Data    RW Data    ZI Data      Debug   

     20404       1406        456         40       2808     822163   Grand Totals
     20404       1406        456         40       2808     822163   ELF Image Totals
     20404       1406        456         40          0          0   ROM Totals

==============================================================================

    Total RO  Size (Code + RO Data)                20860 (  20.37kB)
    Total RW  Size (RW Data + ZI Data)              2848 (   2.78kB)
    Total ROM Size (Code + RO Data + RW Data)      20900 (  20.41kB)

==============================================================================

