<html>
<body>
<pre>
<h1>µVision Build Log</h1>
<h2>Tool Versions:</h2>
IDE-Version: ¦ÌVision V5.24.2.0
Copyright (C) 2017 ARM Ltd and ARM Germany GmbH. All rights reserved.
License Information: X YB, ECUST, LIC=QF8NN-Y9BRS-Q0XNJ-U0DJQ-P41U7-XQSRI
 
Tool Versions:
Toolchain:       MDK-ARM Plus  Version: 5.24.1
Toolchain Path:  C:\Keil_v5\ARM\ARMCC\Bin
C Compiler:      Armcc.exe V5.06 update 5 (build 528)
Assembler:       Armasm.exe V5.06 update 5 (build 528)
Linker/Locator:  ArmLink.exe V5.06 update 5 (build 528)
Library Manager: ArmAr.exe V5.06 update 5 (build 528)
Hex Converter:   FromElf.exe V5.06 update 5 (build 528)
CPU DLL:         SARMCM3.DLL V5.24.1
Dialog DLL:      DCM.DLL V1.16.0.0
Target DLL:      CMSIS_AGDI.dll V1.28.3.0
Dialog DLL:      TCM.DLL V1.32.0.0
 
<h2>Project:</h2>
E:\ROBOCON\RoboECUST\RoboECUST Program _Manual\MDK-ARM\RoboECUST_Manual.uvprojx
Project File Date:  05/26/2018

<h2>Output:</h2>
*** Using Compiler 'V5.06 update 5 (build 528)', folder: 'C:\Keil_v5\ARM\ARMCC\Bin'
Build target 'RoboECUST_Manual'
compiling main.c...
../Src/main.c(169): warning:  #1295-D: Deprecated declaration JoystickGet - give arg types
  void JoystickGet();
../Src/main.c(170): warning:  #1295-D: Deprecated declaration JoystickMapping - give arg types
  void JoystickMapping();
../Src/main.c(171): warning:  #1295-D: Deprecated declaration FlyToSky - give arg types
  void FlyToSky();
../Src/main.c(127): warning:  #550-D: variable "Motor_Angle_PARM"  was set but never used
  static Motor_PID_Angle_PARM Motor_Angle_PARM;
../Src/main.c: 4 warnings, 0 errors
linking...
Program Size: Code=16546 RO-data=458 RW-data=32 ZI-data=2824  
"RoboECUST_Manual\RoboECUST_Manual.axf" - 0 Error(s), 4 Warning(s).

<h2>Software Packages used:</h2>

Package Vendor: ARM
                http://www.keil.com/pack/ARM.CMSIS.5.0.1.pack
                ARM.CMSIS.5.0.1
                CMSIS (Cortex Microcontroller Software Interface Standard)
   * Component: CORE Version: 5.0.1

Package Vendor: Keil
                http://www.keil.com/pack/Keil.STM32F4xx_DFP.2.11.0.pack
                Keil.STM32F4xx_DFP.2.11.0
                STMicroelectronics STM32F4 Series Device Support, Drivers and Examples

<h2>Collection of Component include folders:</h2>
  .\RTE\_RoboECUST_Manual
  C:\Keil_v5\ARM\PACK\ARM\CMSIS\5.0.1\CMSIS\Include
  C:\Keil_v5\ARM\PACK\Keil\STM32F4xx_DFP\2.11.0\Drivers\CMSIS\Device\ST\STM32F4xx\Include

<h2>Collection of Component Files used:</h2>

   * Component: ARM::CMSIS:CORE:5.0.1
Build Time Elapsed:  00:00:03
</pre>
</body>
</html>
