Component: ARM Compiler 5.06 update 5 (build 528) Tool: armlink [4d35e2]

==============================================================================

Section Cross References

    stm32f4xx_hal_adc.o(i.ADC_DMAConvCplt) refers to stm32f4xx_hal_adc.o(i.HAL_ADC_ConvCpltCallback) for HAL_ADC_ConvCpltCallback
    stm32f4xx_hal_adc.o(i.ADC_DMAError) refers to stm32f4xx_hal_adc.o(i.HAL_ADC_ErrorCallback) for HAL_ADC_ErrorCallback
    stm32f4xx_hal_adc.o(i.ADC_DMAHalfConvCplt) refers to stm32f4xx_hal_adc.o(i.HAL_ADC_ConvHalfCpltCallback) for HAL_ADC_ConvHalfCpltCallback
    stm32f4xx_hal_adc.o(i.HAL_ADC_ConfigChannel) refers to system_stm32f4xx.o(.data) for SystemCoreClock
    stm32f4xx_hal_adc.o(i.HAL_ADC_DeInit) refers to stm32f4xx_hal_msp.o(i.HAL_ADC_MspDeInit) for HAL_ADC_MspDeInit
    stm32f4xx_hal_adc.o(i.HAL_ADC_IRQHandler) refers to stm32f4xx_hal_adc.o(i.HAL_ADC_ConvCpltCallback) for HAL_ADC_ConvCpltCallback
    stm32f4xx_hal_adc.o(i.HAL_ADC_IRQHandler) refers to stm32f4xx_hal_adc_ex.o(i.HAL_ADCEx_InjectedConvCpltCallback) for HAL_ADCEx_InjectedConvCpltCallback
    stm32f4xx_hal_adc.o(i.HAL_ADC_IRQHandler) refers to stm32f4xx_hal_adc.o(i.HAL_ADC_LevelOutOfWindowCallback) for HAL_ADC_LevelOutOfWindowCallback
    stm32f4xx_hal_adc.o(i.HAL_ADC_IRQHandler) refers to stm32f4xx_hal_adc.o(i.HAL_ADC_ErrorCallback) for HAL_ADC_ErrorCallback
    stm32f4xx_hal_adc.o(i.HAL_ADC_Init) refers to stm32f4xx_hal_msp.o(i.HAL_ADC_MspInit) for HAL_ADC_MspInit
    stm32f4xx_hal_adc.o(i.HAL_ADC_Init) refers to stm32f4xx_hal_adc.o(i.ADC_Init) for ADC_Init
    stm32f4xx_hal_adc.o(i.HAL_ADC_PollForConversion) refers to stm32f4xx_hal.o(i.HAL_GetTick) for HAL_GetTick
    stm32f4xx_hal_adc.o(i.HAL_ADC_PollForEvent) refers to stm32f4xx_hal.o(i.HAL_GetTick) for HAL_GetTick
    stm32f4xx_hal_adc.o(i.HAL_ADC_Start) refers to system_stm32f4xx.o(.data) for SystemCoreClock
    stm32f4xx_hal_adc.o(i.HAL_ADC_Start_DMA) refers to stm32f4xx_hal_dma.o(i.HAL_DMA_Start_IT) for HAL_DMA_Start_IT
    stm32f4xx_hal_adc.o(i.HAL_ADC_Start_DMA) refers to system_stm32f4xx.o(.data) for SystemCoreClock
    stm32f4xx_hal_adc.o(i.HAL_ADC_Start_DMA) refers to stm32f4xx_hal_adc.o(i.ADC_DMAConvCplt) for ADC_DMAConvCplt
    stm32f4xx_hal_adc.o(i.HAL_ADC_Start_DMA) refers to stm32f4xx_hal_adc.o(i.ADC_DMAHalfConvCplt) for ADC_DMAHalfConvCplt
    stm32f4xx_hal_adc.o(i.HAL_ADC_Start_DMA) refers to stm32f4xx_hal_adc.o(i.ADC_DMAError) for ADC_DMAError
    stm32f4xx_hal_adc.o(i.HAL_ADC_Start_IT) refers to system_stm32f4xx.o(.data) for SystemCoreClock
    stm32f4xx_hal_adc.o(i.HAL_ADC_Stop_DMA) refers to stm32f4xx_hal_dma.o(i.HAL_DMA_Abort) for HAL_DMA_Abort
    stm32f4xx_hal_dac_ex.o(i.DAC_DMAConvCpltCh2) refers to stm32f4xx_hal_dac_ex.o(i.HAL_DACEx_ConvCpltCallbackCh2) for HAL_DACEx_ConvCpltCallbackCh2
    stm32f4xx_hal_dac_ex.o(i.DAC_DMAErrorCh2) refers to stm32f4xx_hal_dac_ex.o(i.HAL_DACEx_ErrorCallbackCh2) for HAL_DACEx_ErrorCallbackCh2
    stm32f4xx_hal_dac_ex.o(i.DAC_DMAHalfConvCpltCh2) refers to stm32f4xx_hal_dac_ex.o(i.HAL_DACEx_ConvHalfCpltCallbackCh2) for HAL_DACEx_ConvHalfCpltCallbackCh2
    stm32f4xx_hal_dma_ex.o(i.HAL_DMAEx_MultiBufferStart) refers to stm32f4xx_hal_dma_ex.o(i.DMA_MultiBufferSetConfig) for DMA_MultiBufferSetConfig
    stm32f4xx_hal_dma_ex.o(i.HAL_DMAEx_MultiBufferStart_IT) refers to stm32f4xx_hal_dma_ex.o(i.DMA_MultiBufferSetConfig) for DMA_MultiBufferSetConfig
    stm32f4xx_hal_pwr_ex.o(i.HAL_PWREx_ControlVoltageScaling) refers to stm32f4xx_hal.o(i.HAL_GetTick) for HAL_GetTick
    stm32f4xx_hal_pwr_ex.o(i.HAL_PWREx_DisableBkUpReg) refers to stm32f4xx_hal.o(i.HAL_GetTick) for HAL_GetTick
    stm32f4xx_hal_pwr_ex.o(i.HAL_PWREx_EnableBkUpReg) refers to stm32f4xx_hal.o(i.HAL_GetTick) for HAL_GetTick
    stm32f4xx_hal_cortex.o(i.HAL_NVIC_SetPriority) refers to stm32f4xx_hal_cortex.o(i.NVIC_SetPriority) for NVIC_SetPriority
    stm32f4xx_hal_cortex.o(i.HAL_SYSTICK_Config) refers to stm32f4xx_hal_cortex.o(i.NVIC_SetPriority) for NVIC_SetPriority
    stm32f4xx_hal_cortex.o(i.HAL_SYSTICK_IRQHandler) refers to stm32f4xx_hal_cortex.o(i.HAL_SYSTICK_Callback) for HAL_SYSTICK_Callback
    stm32f4xx_hal_pwr.o(i.HAL_PWR_PVD_IRQHandler) refers to stm32f4xx_hal_pwr.o(i.HAL_PWR_PVDCallback) for HAL_PWR_PVDCallback
    stm32f4xx_hal_tim.o(i.HAL_TIM_Base_DeInit) refers to stm32f4xx_hal_msp.o(i.HAL_TIM_Base_MspDeInit) for HAL_TIM_Base_MspDeInit
    stm32f4xx_hal_tim.o(i.HAL_TIM_Base_Init) refers to stm32f4xx_hal_msp.o(i.HAL_TIM_Base_MspInit) for HAL_TIM_Base_MspInit
    stm32f4xx_hal_tim.o(i.HAL_TIM_Base_Init) refers to stm32f4xx_hal_tim.o(i.TIM_Base_SetConfig) for TIM_Base_SetConfig
    stm32f4xx_hal_tim.o(i.HAL_TIM_Base_Start_DMA) refers to stm32f4xx_hal_dma.o(i.HAL_DMA_Start_IT) for HAL_DMA_Start_IT
    stm32f4xx_hal_tim.o(i.HAL_TIM_Base_Start_DMA) refers to stm32f4xx_hal_tim.o(i.TIM_DMAPeriodElapsedCplt) for TIM_DMAPeriodElapsedCplt
    stm32f4xx_hal_tim.o(i.HAL_TIM_Base_Start_DMA) refers to stm32f4xx_hal_tim.o(i.TIM_DMAError) for TIM_DMAError
[...]
    Removing stm32f4xx_hal_can.o(i.HAL_CAN_WakeUp), (106 bytes).
    Removing stm32f4xx_hal_dac.o(.rev16_text), (4 bytes).
    Removing stm32f4xx_hal_dac.o(.revsh_text), (4 bytes).
    Removing stm32f4xx_hal_dac.o(.rrx_text), (6 bytes).
    Removing stm32f4xx_hal_dac.o(i.DAC_DMAConvCpltCh1), (16 bytes).
    Removing stm32f4xx_hal_dac.o(i.DAC_DMAErrorCh1), (24 bytes).
    Removing stm32f4xx_hal_dac.o(i.DAC_DMAHalfConvCpltCh1), (10 bytes).
    Removing stm32f4xx_hal_dac.o(i.HAL_DAC_ConvCpltCallbackCh1), (2 bytes).
    Removing stm32f4xx_hal_dac.o(i.HAL_DAC_ConvHalfCpltCallbackCh1), (2 bytes).
    Removing stm32f4xx_hal_dac.o(i.HAL_DAC_DMAUnderrunCallbackCh1), (2 bytes).
    Removing stm32f4xx_hal_dac.o(i.HAL_DAC_DeInit), (30 bytes).
    Removing stm32f4xx_hal_dac.o(i.HAL_DAC_ErrorCallbackCh1), (2 bytes).
    Removing stm32f4xx_hal_dac.o(i.HAL_DAC_GetError), (4 bytes).
    Removing stm32f4xx_hal_dac.o(i.HAL_DAC_GetState), (4 bytes).
    Removing stm32f4xx_hal_dac.o(i.HAL_DAC_GetValue), (12 bytes).
    Removing stm32f4xx_hal_dac.o(i.HAL_DAC_IRQHandler), (92 bytes).
    Removing stm32f4xx_hal_dac.o(i.HAL_DAC_MspDeInit), (2 bytes).
    Removing stm32f4xx_hal_dac.o(i.HAL_DAC_MspInit), (2 bytes).
    Removing stm32f4xx_hal_dac.o(i.HAL_DAC_SetValue), (26 bytes).
    Removing stm32f4xx_hal_dac.o(i.HAL_DAC_Start), (108 bytes).
    Removing stm32f4xx_hal_dac.o(i.HAL_DAC_Start_DMA), (256 bytes).
    Removing stm32f4xx_hal_dac.o(i.HAL_DAC_Stop), (22 bytes).
    Removing stm32f4xx_hal_dac.o(i.HAL_DAC_Stop_DMA), (56 bytes).
    Removing stm32f4xx_hal_dma.o(.rev16_text), (4 bytes).
    Removing stm32f4xx_hal_dma.o(.revsh_text), (4 bytes).
    Removing stm32f4xx_hal_dma.o(.rrx_text), (6 bytes).
    Removing stm32f4xx_hal_dma.o(i.HAL_DMA_Abort), (142 bytes).
    Removing stm32f4xx_hal_dma.o(i.HAL_DMA_DeInit), (86 bytes).
    Removing stm32f4xx_hal_dma.o(i.HAL_DMA_GetError), (4 bytes).
    Removing stm32f4xx_hal_dma.o(i.HAL_DMA_GetState), (6 bytes).
    Removing stm32f4xx_hal_dma.o(i.HAL_DMA_PollForTransfer), (292 bytes).
    Removing stm32f4xx_hal_dma.o(i.HAL_DMA_RegisterCallback), (80 bytes).
    Removing stm32f4xx_hal_dma.o(i.HAL_DMA_Start), (70 bytes).
    Removing stm32f4xx_hal_dma.o(i.HAL_DMA_UnRegisterCallback), (96 bytes).
    Removing stm32f4xx_hal.o(.rev16_text), (4 bytes).
    Removing stm32f4xx_hal.o(.revsh_text), (4 bytes).
    Removing stm32f4xx_hal.o(.rrx_text), (6 bytes).
    Removing stm32f4xx_hal.o(i.HAL_DBGMCU_DisableDBGSleepMode), (16 bytes).
    Removing stm32f4xx_hal.o(i.HAL_DBGMCU_DisableDBGStandbyMode), (16 bytes).
    Removing stm32f4xx_hal.o(i.HAL_DBGMCU_DisableDBGStopMode), (16 bytes).
    Removing stm32f4xx_hal.o(i.HAL_DBGMCU_EnableDBGSleepMode), (16 bytes).
    Removing stm32f4xx_hal.o(i.HAL_DBGMCU_EnableDBGStandbyMode), (16 bytes).
    Removing stm32f4xx_hal.o(i.HAL_DBGMCU_EnableDBGStopMode), (16 bytes).
    Removing stm32f4xx_hal.o(i.HAL_DeInit), (52 bytes).
    Removing stm32f4xx_hal.o(i.HAL_DisableCompensationCell), (12 bytes).
    Removing stm32f4xx_hal.o(i.HAL_EnableCompensationCell), (12 bytes).
    Removing stm32f4xx_hal.o(i.HAL_GetDEVID), (16 bytes).
    Removing stm32f4xx_hal.o(i.HAL_GetHalVersion), (8 bytes).
    Removing stm32f4xx_hal.o(i.HAL_GetREVID), (12 bytes).
    Removing stm32f4xx_hal.o(i.HAL_GetUID), (28 bytes).
    Removing stm32f4xx_hal.o(i.HAL_MspDeInit), (2 bytes).
    Removing stm32f4xx_hal.o(i.HAL_MspInit), (2 bytes).
    Removing stm32f4xx_hal.o(i.HAL_ResumeTick), (14 bytes).
    Removing stm32f4xx_hal.o(i.HAL_SuspendTick), (14 bytes).
    Removing stm32f4xx_hal_rcc.o(.rev16_text), (4 bytes).
    Removing stm32f4xx_hal_rcc.o(.revsh_text), (4 bytes).
    Removing stm32f4xx_hal_rcc.o(.rrx_text), (6 bytes).
    Removing stm32f4xx_hal_rcc.o(i.HAL_RCC_CSSCallback), (2 bytes).
    Removing stm32f4xx_hal_rcc.o(i.HAL_RCC_DeInit), (4 bytes).
    Removing stm32f4xx_hal_rcc.o(i.HAL_RCC_DisableCSS), (12 bytes).
    Removing stm32f4xx_hal_rcc.o(i.HAL_RCC_EnableCSS), (12 bytes).
    Removing stm32f4xx_hal_rcc.o(i.HAL_RCC_GetClockConfig), (64 bytes).
    Removing stm32f4xx_hal_rcc.o(i.HAL_RCC_GetOscConfig), (180 bytes).
    Removing stm32f4xx_hal_rcc.o(i.HAL_RCC_NMI_IRQHandler), (28 bytes).
    Removing startup_stm32f407xx.o(HEAP), (512 bytes).
    Removing stm32f4xx_hal_msp.o(.rev16_text), (4 bytes).
    Removing stm32f4xx_hal_msp.o(.revsh_text), (4 bytes).
    Removing stm32f4xx_hal_msp.o(.rrx_text), (6 bytes).
    Removing stm32f4xx_hal_msp.o(i.HAL_ADC_MspDeInit), (92 bytes).
    Removing stm32f4xx_hal_msp.o(i.HAL_CAN_MspDeInit), (64 bytes).
    Removing stm32f4xx_hal_msp.o(i.HAL_DAC_MspDeInit), (40 bytes).
    Removing stm32f4xx_hal_msp.o(i.HAL_TIM_Base_MspDeInit), (156 bytes).
    Removing stm32f4xx_hal_msp.o(i.HAL_UART_MspDeInit), (152 bytes).
    Removing main.o(.rev16_text), (4 bytes).
    Removing main.o(.revsh_text), (4 bytes).
    Removing main.o(.rrx_text), (6 bytes).
    Removing main.o(i.HAL_CAN_RxCpltCallback), (196 bytes).
    Removing main.o(i.HAL_TIM_PeriodElapsedCallback), (2 bytes).
    Removing main.o(i.MotorAngleSTAT), (84 bytes).
    Removing main.o(i.MotorPidAngle), (176 bytes).
    Removing main.o(i.fgetc), (28 bytes).
    Removing stm32f4xx_it.o(.rev16_text), (4 bytes).
    Removing stm32f4xx_it.o(.revsh_text), (4 bytes).
    Removing stm32f4xx_it.o(.rrx_text), (6 bytes).
    Removing system_stm32f4xx.o(.rev16_text), (4 bytes).
    Removing system_stm32f4xx.o(.revsh_text), (4 bytes).
    Removing system_stm32f4xx.o(.rrx_text), (6 bytes).
    Removing system_stm32f4xx.o(i.SystemCoreClockUpdate), (120 bytes).
    Removing ddiv.o(.text), (222 bytes).
    Removing dfixul.o(.text), (48 bytes).
    Removing cdrcmple.o(.text), (48 bytes).

429 unused section(s) (total 27312 bytes) removed from the image.

==============================================================================

Image Symbol Table

    Local Symbols

    Symbol Name                              Value     Ov Type        Size  Object(Section)

    ../Src/main.c                            0x00000000   Number         0  main.o ABSOLUTE
    ../Src/stm32f4xx_hal_msp.c               0x00000000   Number         0  stm32f4xx_hal_msp.o ABSOLUTE
    ../Src/stm32f4xx_it.c                    0x00000000   Number         0  stm32f4xx_it.o ABSOLUTE
    ../Src/system_stm32f4xx.c                0x00000000   Number         0  system_stm32f4xx.o ABSOLUTE
    ../clib/microlib/division.c              0x00000000   Number         0  uidiv.o ABSOLUTE
    ../clib/microlib/division.c              0x00000000   Number         0  uldiv.o ABSOLUTE
    ../clib/microlib/init/entry.s            0x00000000   Number         0  entry2.o ABSOLUTE
    ../clib/microlib/init/entry.s            0x00000000   Number         0  entry7a.o ABSOLUTE
    ../clib/microlib/init/entry.s            0x00000000   Number         0  entry7b.o ABSOLUTE
    ../clib/microlib/init/entry.s            0x00000000   Number         0  entry8a.o ABSOLUTE
    ../clib/microlib/init/entry.s            0x00000000   Number         0  entry8b.o ABSOLUTE
    ../clib/microlib/init/entry.s            0x00000000   Number         0  entry9a.o ABSOLUTE
    ../clib/microlib/init/entry.s            0x00000000   Number         0  entry.o ABSOLUTE
    ../clib/microlib/init/entry.s            0x00000000   Number         0  entry9b.o ABSOLUTE
    ../clib/microlib/init/entry.s            0x00000000   Number         0  entry5.o ABSOLUTE
    ../clib/microlib/init/entry.s            0x00000000   Number         0  entry10a.o ABSOLUTE
    ../clib/microlib/init/entry.s            0x00000000   Number         0  entry10b.o ABSOLUTE
    ../clib/microlib/init/entry.s            0x00000000   Number         0  entry11a.o ABSOLUTE
    ../clib/microlib/init/entry.s            0x00000000   Number         0  entry11b.o ABSOLUTE
    ../clib/microlib/longlong.c              0x00000000   Number         0  llshl.o ABSOLUTE
    ../clib/microlib/longlong.c              0x00000000   Number         0  llushr.o ABSOLUTE
    ../clib/microlib/longlong.c              0x00000000   Number         0  llsshr.o ABSOLUTE
    ../clib/microlib/printf/printf.c         0x00000000   Number         0  printfa.o ABSOLUTE
    ../clib/microlib/printf/printf.c         0x00000000   Number         0  printfb.o ABSOLUTE
    ../clib/microlib/printf/printf.c         0x00000000   Number         0  printf2.o ABSOLUTE
    ../clib/microlib/printf/printf.c         0x00000000   Number         0  printf8.o ABSOLUTE
    ../clib/microlib/printf/printf.c         0x00000000   Number         0  printf7.o ABSOLUTE
    ../clib/microlib/printf/printf.c         0x00000000   Number         0  printf6.o ABSOLUTE
    ../clib/microlib/printf/printf.c         0x00000000   Number         0  printf5.o ABSOLUTE
    ../clib/microlib/printf/printf.c         0x00000000   Number         0  printf4.o ABSOLUTE
    ../clib/microlib/printf/printf.c         0x00000000   Number         0  printf3.o ABSOLUTE
    ../clib/microlib/printf/printf.c         0x00000000   Number         0  printf1.o ABSOLUTE
    ../clib/microlib/printf/printf.c         0x00000000   Number         0  printf0.o ABSOLUTE
    ../clib/microlib/printf/stubs.s          0x00000000   Number         0  stubs.o ABSOLUTE
    ../clib/microlib/stdio/streams.c         0x00000000   Number         0  stdout.o ABSOLUTE
    ../clib/microlib/stubs.s                 0x00000000   Number         0  iusefp.o ABSOLUTE
    ../fplib/microlib/fpadd.c                0x00000000   Number         0  dadd.o ABSOLUTE
    ../fplib/microlib/fpdiv.c                0x00000000   Number         0  ddiv.o ABSOLUTE
    ../fplib/microlib/fpepilogue.c           0x00000000   Number         0  depilogue.o ABSOLUTE
    ../fplib/microlib/fpfix.c                0x00000000   Number         0  dfixul.o ABSOLUTE
    ../fplib/microlib/fpfix.c                0x00000000   Number         0  dfixi.o ABSOLUTE
    ../fplib/microlib/fpflt.c                0x00000000   Number         0  dflti.o ABSOLUTE
    ../fplib/microlib/fpmul.c                0x00000000   Number         0  dmul.o ABSOLUTE
    ..\Src\main.c                            0x00000000   Number         0  main.o ABSOLUTE
    ..\Src\stm32f4xx_hal_msp.c               0x00000000   Number         0  stm32f4xx_hal_msp.o ABSOLUTE
    ..\Src\stm32f4xx_it.c                    0x00000000   Number         0  stm32f4xx_it.o ABSOLUTE
    ..\Src\system_stm32f4xx.c                0x00000000   Number         0  system_stm32f4xx.o ABSOLUTE
    C:/Users/xiayu/STM32Cube/Repository/STM32Cube_FW_F4_V1.18.0/Drivers/STM32F4xx_HAL_Driver/Src/stm32f4xx_hal.c 0x00000000   Number         0  stm32f4xx_hal.o ABSOLUTE
    C:/Users/xiayu/STM32Cube/Repository/STM32Cube_FW_F4_V1.18.0/Drivers/STM32F4xx_HAL_Driver/Src/stm32f4xx_hal_adc.c 0x00000000   Number         0  stm32f4xx_hal_adc.o ABSOLUTE
    C:/Users/xiayu/STM32Cube/Repository/STM32Cube_FW_F4_V1.18.0/Drivers/STM32F4xx_HAL_Driver/Src/stm32f4xx_hal_adc_ex.c 0x00000000   Number         0  stm32f4xx_hal_adc_ex.o ABSOLUTE
    C:/Users/xiayu/STM32Cube/Repository/STM32Cube_FW_F4_V1.18.0/Drivers/STM32F4xx_HAL_Driver/Src/stm32f4xx_hal_can.c 0x00000000   Number         0  stm32f4xx_hal_can.o ABSOLUTE
    C:/Users/xiayu/STM32Cube/Repository/STM32Cube_FW_F4_V1.18.0/Drivers/STM32F4xx_HAL_Driver/Src/stm32f4xx_hal_cortex.c 0x00000000   Number         0  stm32f4xx_hal_cortex.o ABSOLUTE
    C:/Users/xiayu/STM32Cube/Repository/STM32Cube_FW_F4_V1.18.0/Drivers/STM32F4xx_HAL_Driver/Src/stm32f4xx_hal_dac.c 0x00000000   Number         0  stm32f4xx_hal_dac.o ABSOLUTE
    C:/Users/xiayu/STM32Cube/Repository/STM32Cube_FW_F4_V1.18.0/Drivers/STM32F4xx_HAL_Driver/Src/stm32f4xx_hal_dac_ex.c 0x00000000   Number         0  stm32f4xx_hal_dac_ex.o ABSOLUTE
    C:/Users/xiayu/STM32Cube/Repository/STM32Cube_FW_F4_V1.18.0/Drivers/STM32F4xx_HAL_Driver/Src/stm32f4xx_hal_dma.c 0x00000000   Number         0  stm32f4xx_hal_dma.o ABSOLUTE
    C:/Users/xiayu/STM32Cube/Repository/STM32Cube_FW_F4_V1.18.0/Drivers/STM32F4xx_HAL_Driver/Src/stm32f4xx_hal_dma_ex.c 0x00000000   Number         0  stm32f4xx_hal_dma_ex.o ABSOLUTE
    C:/Users/xiayu/STM32Cube/Repository/STM32Cube_FW_F4_V1.18.0/Drivers/STM32F4xx_HAL_Driver/Src/stm32f4xx_hal_flash.c 0x00000000   Number         0  stm32f4xx_hal_flash.o ABSOLUTE
    C:/Users/xiayu/STM32Cube/Repository/STM32Cube_FW_F4_V1.18.0/Drivers/STM32F4xx_HAL_Driver/Src/stm32f4xx_hal_flash_ex.c 0x00000000   Number         0  stm32f4xx_hal_flash_ex.o ABSOLUTE
    C:/Users/xiayu/STM32Cube/Repository/STM32Cube_FW_F4_V1.18.0/Drivers/STM32F4xx_HAL_Driver/Src/stm32f4xx_hal_flash_ramfunc.c 0x00000000   Number         0  stm32f4xx_hal_flash_ramfunc.o ABSOLUTE
    C:/Users/xiayu/STM32Cube/Repository/STM32Cube_FW_F4_V1.18.0/Drivers/STM32F4xx_HAL_Driver/Src/stm32f4xx_hal_gpio.c 0x00000000   Number         0  stm32f4xx_hal_gpio.o ABSOLUTE
    C:/Users/xiayu/STM32Cube/Repository/STM32Cube_FW_F4_V1.18.0/Drivers/STM32F4xx_HAL_Driver/Src/stm32f4xx_hal_pwr.c 0x00000000   Number         0  stm32f4xx_hal_pwr.o ABSOLUTE
    C:/Users/xiayu/STM32Cube/Repository/STM32Cube_FW_F4_V1.18.0/Drivers/STM32F4xx_HAL_Driver/Src/stm32f4xx_hal_pwr_ex.c 0x00000000   Number         0  stm32f4xx_hal_pwr_ex.o ABSOLUTE
    C:/Users/xiayu/STM32Cube/Repository/STM32Cube_FW_F4_V1.18.0/Drivers/STM32F4xx_HAL_Driver/Src/stm32f4xx_hal_rcc.c 0x00000000   Number         0  stm32f4xx_hal_rcc.o ABSOLUTE
    C:/Users/xiayu/STM32Cube/Repository/STM32Cube_FW_F4_V1.18.0/Drivers/STM32F4xx_HAL_Driver/Src/stm32f4xx_hal_rcc_ex.c 0x00000000   Number         0  stm32f4xx_hal_rcc_ex.o ABSOLUTE
    C:/Users/xiayu/STM32Cube/Repository/STM32Cube_FW_F4_V1.18.0/Drivers/STM32F4xx_HAL_Driver/Src/stm32f4xx_hal_tim.c 0x00000000   Number         0  stm32f4xx_hal_tim.o ABSOLUTE
    C:/Users/xiayu/STM32Cube/Repository/STM32Cube_FW_F4_V1.18.0/Drivers/STM32F4xx_HAL_Driver/Src/stm32f4xx_hal_tim_ex.c 0x00000000   Number         0  stm32f4xx_hal_tim_ex.o ABSOLUTE
    C:/Users/xiayu/STM32Cube/Repository/STM32Cube_FW_F4_V1.18.0/Drivers/STM32F4xx_HAL_Driver/Src/stm32f4xx_hal_uart.c 0x00000000   Number         0  stm32f4xx_hal_uart.o ABSOLUTE
    C:\Users\xiayu\STM32Cube\Repository\STM32Cube_FW_F4_V1.18.0\Drivers\STM32F4xx_HAL_Driver\Src\stm32f4xx_hal.c 0x00000000   Number         0  stm32f4xx_hal.o ABSOLUTE
    C:\Users\xiayu\STM32Cube\Repository\STM32Cube_FW_F4_V1.18.0\Drivers\STM32F4xx_HAL_Driver\Src\stm32f4xx_hal_adc.c 0x00000000   Number         0  stm32f4xx_hal_adc.o ABSOLUTE
    C:\Users\xiayu\STM32Cube\Repository\STM32Cube_FW_F4_V1.18.0\Drivers\STM32F4xx_HAL_Driver\Src\stm32f4xx_hal_adc_ex.c 0x00000000   Number         0  stm32f4xx_hal_adc_ex.o ABSOLUTE
    C:\Users\xiayu\STM32Cube\Repository\STM32Cube_FW_F4_V1.18.0\Drivers\STM32F4xx_HAL_Driver\Src\stm32f4xx_hal_can.c 0x00000000   Number         0  stm32f4xx_hal_can.o ABSOLUTE
    C:\Users\xiayu\STM32Cube\Repository\STM32Cube_FW_F4_V1.18.0\Drivers\STM32F4xx_HAL_Driver\Src\stm32f4xx_hal_cortex.c 0x00000000   Number         0  stm32f4xx_hal_cortex.o ABSOLUTE
    C:\Users\xiayu\STM32Cube\Repository\STM32Cube_FW_F4_V1.18.0\Drivers\STM32F4xx_HAL_Driver\Src\stm32f4xx_hal_dac.c 0x00000000   Number         0  stm32f4xx_hal_dac.o ABSOLUTE
    C:\Users\xiayu\STM32Cube\Repository\STM32Cube_FW_F4_V1.18.0\Drivers\STM32F4xx_HAL_Driver\Src\stm32f4xx_hal_dac_ex.c 0x00000000   Number         0  stm32f4xx_hal_dac_ex.o ABSOLUTE
    C:\Users\xiayu\STM32Cube\Repository\STM32Cube_FW_F4_V1.18.0\Drivers\STM32F4xx_HAL_Driver\Src\stm32f4xx_hal_dma.c 0x00000000   Number         0  stm32f4xx_hal_dma.o ABSOLUTE
    C:\Users\xiayu\STM32Cube\Repository\STM32Cube_FW_F4_V1.18.0\Drivers\STM32F4xx_HAL_Driver\Src\stm32f4xx_hal_dma_ex.c 0x00000000   Number         0  stm32f4xx_hal_dma_ex.o ABSOLUTE
    C:\Users\xiayu\STM32Cube\Repository\STM32Cube_FW_F4_V1.18.0\Drivers\STM32F4xx_HAL_Driver\Src\stm32f4xx_hal_flash.c 0x00000000   Number         0  stm32f4xx_hal_flash.o ABSOLUTE
    C:\Users\xiayu\STM32Cube\Repository\STM32Cube_FW_F4_V1.18.0\Drivers\STM32F4xx_HAL_Driver\Src\stm32f4xx_hal_flash_ex.c 0x00000000   Number         0  stm32f4xx_hal_flash_ex.o ABSOLUTE
    C:\Users\xiayu\STM32Cube\Repository\STM32Cube_FW_F4_V1.18.0\Drivers\STM32F4xx_HAL_Driver\Src\stm32f4xx_hal_flash_ramfunc.c 0x00000000   Number         0  stm32f4xx_hal_flash_ramfunc.o ABSOLUTE
    C:\Users\xiayu\STM32Cube\Repository\STM32Cube_FW_F4_V1.18.0\Drivers\STM32F4xx_HAL_Driver\Src\stm32f4xx_hal_gpio.c 0x00000000   Number         0  stm32f4xx_hal_gpio.o ABSOLUTE
    C:\Users\xiayu\STM32Cube\Repository\STM32Cube_FW_F4_V1.18.0\Drivers\STM32F4xx_HAL_Driver\Src\stm32f4xx_hal_pwr.c 0x00000000   Number         0  stm32f4xx_hal_pwr.o ABSOLUTE
    C:\Users\xiayu\STM32Cube\Repository\STM32Cube_FW_F4_V1.18.0\Drivers\STM32F4xx_HAL_Driver\Src\stm32f4xx_hal_pwr_ex.c 0x00000000   Number         0  stm32f4xx_hal_pwr_ex.o ABSOLUTE
    C:\Users\xiayu\STM32Cube\Repository\STM32Cube_FW_F4_V1.18.0\Drivers\STM32F4xx_HAL_Driver\Src\stm32f4xx_hal_rcc.c 0x00000000   Number         0  stm32f4xx_hal_rcc.o ABSOLUTE
    C:\Users\xiayu\STM32Cube\Repository\STM32Cube_FW_F4_V1.18.0\Drivers\STM32F4xx_HAL_Driver\Src\stm32f4xx_hal_rcc_ex.c 0x00000000   Number         0  stm32f4xx_hal_rcc_ex.o ABSOLUTE
    C:\Users\xiayu\STM32Cube\Repository\STM32Cube_FW_F4_V1.18.0\Drivers\STM32F4xx_HAL_Driver\Src\stm32f4xx_hal_tim.c 0x00000000   Number         0  stm32f4xx_hal_tim.o ABSOLUTE
    C:\Users\xiayu\STM32Cube\Repository\STM32Cube_FW_F4_V1.18.0\Drivers\STM32F4xx_HAL_Driver\Src\stm32f4xx_hal_tim_ex.c 0x00000000   Number         0  stm32f4xx_hal_tim_ex.o ABSOLUTE
    C:\Users\xiayu\STM32Cube\Repository\STM32Cube_FW_F4_V1.18.0\Drivers\STM32F4xx_HAL_Driver\Src\stm32f4xx_hal_uart.c 0x00000000   Number         0  stm32f4xx_hal_uart.o ABSOLUTE
    cdrcmple.s                               0x00000000   Number         0  cdrcmple.o ABSOLUTE
    dc.s                                     0x00000000   Number         0  dc.o ABSOLUTE
    handlers.s                               0x00000000   Number         0  handlers.o ABSOLUTE
    init.s                                   0x00000000   Number         0  init.o ABSOLUTE
    startup_stm32f407xx.s                    0x00000000   Number         0  startup_stm32f407xx.o ABSOLUTE
    RESET                                    0x08000000   Section      392  startup_stm32f407xx.o(RESET)
    .ARM.Collect$$$$00000000                 0x08000188   Section        0  entry.o(.ARM.Collect$$$$00000000)
    .ARM.Collect$$$$00000001                 0x08000188   Section        4  entry2.o(.ARM.Collect$$$$00000001)
    .ARM.Collect$$$$00000004                 0x0800018c   Section        4  entry5.o(.ARM.Collect$$$$00000004)
    .ARM.Collect$$$$00000008                 0x08000190   Section        0  entry7b.o(.ARM.Collect$$$$00000008)
    .ARM.Collect$$$$0000000A                 0x08000190   Section        0  entry8b.o(.ARM.Collect$$$$0000000A)
    .ARM.Collect$$$$0000000B                 0x08000190   Section        8  entry9a.o(.ARM.Collect$$$$0000000B)
    .ARM.Collect$$$$0000000D                 0x08000198   Section        0  entry10a.o(.ARM.Collect$$$$0000000D)
    .ARM.Collect$$$$0000000F                 0x08000198   Section        0  entry11a.o(.ARM.Collect$$$$0000000F)
    .ARM.Collect$$$$00002712                 0x08000198   Section        4  entry2.o(.ARM.Collect$$$$00002712)
    __lit__00000000                          0x08000198   Data           4  entry2.o(.ARM.Collect$$$$00002712)
    .text                                    0x0800019c   Section       36  startup_stm32f407xx.o(.text)
    $v0                                      0x0800019c   Number         0  startup_stm32f407xx.o(.text)
    .text                                    0x080001c0   Section        0  uldiv.o(.text)
    .text                                    0x08000222   Section        0  dadd.o(.text)
    .text                                    0x08000370   Section        0  dmul.o(.text)
    .text                                    0x08000454   Section        0  dflti.o(.text)
    .text                                    0x08000476   Section        0  dfixi.o(.text)
    .text                                    0x080004b4   Section        0  llshl.o(.text)
    .text                                    0x080004d2   Section        0  llushr.o(.text)
    .text                                    0x080004f2   Section        0  llsshr.o(.text)
    .text                                    0x08000516   Section        0  iusefp.o(.text)
    .text                                    0x08000516   Section        0  depilogue.o(.text)
    .text                                    0x080005d0   Section       36  init.o(.text)
    i.ADC_DMAConvCplt                        0x080005f4   Section        0  stm32f4xx_hal_adc.o(i.ADC_DMAConvCplt)
    ADC_DMAConvCplt                          0x080005f5   Thumb Code    98  stm32f4xx_hal_adc.o(i.ADC_DMAConvCplt)
    i.ADC_DMAError                           0x08000656   Section        0  stm32f4xx_hal_adc.o(i.ADC_DMAError)
    ADC_DMAError                             0x08000657   Thumb Code    22  stm32f4xx_hal_adc.o(i.ADC_DMAError)
    i.ADC_DMAHalfConvCplt                    0x0800066c   Section        0  stm32f4xx_hal_adc.o(i.ADC_DMAHalfConvCplt)
    ADC_DMAHalfConvCplt                      0x0800066d   Thumb Code    10  stm32f4xx_hal_adc.o(i.ADC_DMAHalfConvCplt)
    i.ADC_Init                               0x08000678   Section        0  stm32f4xx_hal_adc.o(i.ADC_Init)
    ADC_Init                                 0x08000679   Thumb Code   280  stm32f4xx_hal_adc.o(i.ADC_Init)
    i.BusFault_Handler                       0x0800079c   Section        0  stm32f4xx_it.o(i.BusFault_Handler)
    i.DMA2_Stream0_IRQHandler                0x080007a0   Section        0  stm32f4xx_it.o(i.DMA2_Stream0_IRQHandler)
    i.DMA_CalcBaseAndBitshift                0x080007ac   Section        0  stm32f4xx_hal_dma.o(i.DMA_CalcBaseAndBitshift)
    DMA_CalcBaseAndBitshift                  0x080007ad   Thumb Code    34  stm32f4xx_hal_dma.o(i.DMA_CalcBaseAndBitshift)
    i.DMA_CheckFifoParam                     0x080007d4   Section        0  stm32f4xx_hal_dma.o(i.DMA_CheckFifoParam)
    DMA_CheckFifoParam                       0x080007d5   Thumb Code    84  stm32f4xx_hal_dma.o(i.DMA_CheckFifoParam)
    i.DMA_SetConfig                          0x08000828   Section        0  stm32f4xx_hal_dma.o(i.DMA_SetConfig)
    DMA_SetConfig                            0x08000829   Thumb Code    40  stm32f4xx_hal_dma.o(i.DMA_SetConfig)
    i.DebugMon_Handler                       0x08000850   Section        0  stm32f4xx_it.o(i.DebugMon_Handler)
    i.HAL_ADC_ConfigChannel                  0x08000854   Section        0  stm32f4xx_hal_adc.o(i.HAL_ADC_ConfigChannel)
    i.HAL_ADC_ConvCpltCallback               0x080009a0   Section        0  stm32f4xx_hal_adc.o(i.HAL_ADC_ConvCpltCallback)
    i.HAL_ADC_ConvHalfCpltCallback           0x080009a2   Section        0  stm32f4xx_hal_adc.o(i.HAL_ADC_ConvHalfCpltCallback)
    i.HAL_ADC_ErrorCallback                  0x080009a4   Section        0  stm32f4xx_hal_adc.o(i.HAL_ADC_ErrorCallback)
    i.HAL_ADC_Init                           0x080009a6   Section        0  stm32f4xx_hal_adc.o(i.HAL_ADC_Init)
    i.HAL_ADC_MspInit                        0x080009fc   Section        0  stm32f4xx_hal_msp.o(i.HAL_ADC_MspInit)
    i.HAL_ADC_Start_DMA                      0x08000ad0   Section        0  stm32f4xx_hal_adc.o(i.HAL_ADC_Start_DMA)
    i.HAL_CAN_ConfigFilter                   0x08000bd0   Section        0  stm32f4xx_hal_can.o(i.HAL_CAN_ConfigFilter)
    i.HAL_CAN_Init                           0x08000cc8   Section        0  stm32f4xx_hal_can.o(i.HAL_CAN_Init)
    i.HAL_CAN_MspInit                        0x08000e10   Section        0  stm32f4xx_hal_msp.o(i.HAL_CAN_MspInit)
    i.HAL_CAN_Receive                        0x08000eac   Section        0  stm32f4xx_hal_can.o(i.HAL_CAN_Receive)
    i.HAL_CAN_Transmit                       0x08001084   Section        0  stm32f4xx_hal_can.o(i.HAL_CAN_Transmit)
    i.HAL_DAC_ConfigChannel                  0x08001250   Section        0  stm32f4xx_hal_dac.o(i.HAL_DAC_ConfigChannel)
    i.HAL_DAC_Init                           0x08001292   Section        0  stm32f4xx_hal_dac.o(i.HAL_DAC_Init)
    i.HAL_DAC_MspInit                        0x080012bc   Section        0  stm32f4xx_hal_msp.o(i.HAL_DAC_MspInit)
    i.HAL_DMA_Abort_IT                       0x08001300   Section        0  stm32f4xx_hal_dma.o(i.HAL_DMA_Abort_IT)
    i.HAL_DMA_IRQHandler                     0x08001324   Section        0  stm32f4xx_hal_dma.o(i.HAL_DMA_IRQHandler)
    i.HAL_DMA_Init                           0x080014c4   Section        0  stm32f4xx_hal_dma.o(i.HAL_DMA_Init)
    i.HAL_DMA_Start_IT                       0x08001598   Section        0  stm32f4xx_hal_dma.o(i.HAL_DMA_Start_IT)
    i.HAL_Delay                              0x08001610   Section        0  stm32f4xx_hal.o(i.HAL_Delay)
    i.HAL_GPIO_Init                          0x0800162c   Section        0  stm32f4xx_hal_gpio.o(i.HAL_GPIO_Init)
    i.HAL_GPIO_ReadPin                       0x080017dc   Section        0  stm32f4xx_hal_gpio.o(i.HAL_GPIO_ReadPin)
    i.HAL_GetTick                            0x080017e8   Section        0  stm32f4xx_hal.o(i.HAL_GetTick)
    i.HAL_IncTick                            0x080017f4   Section        0  stm32f4xx_hal.o(i.HAL_IncTick)
    i.HAL_Init                               0x08001804   Section        0  stm32f4xx_hal.o(i.HAL_Init)
    i.HAL_InitTick                           0x08001838   Section        0  stm32f4xx_hal.o(i.HAL_InitTick)
    i.HAL_MspInit                            0x08001860   Section        0  stm32f4xx_hal_msp.o(i.HAL_MspInit)
    i.HAL_NVIC_EnableIRQ                     0x080018b8   Section        0  stm32f4xx_hal_cortex.o(i.HAL_NVIC_EnableIRQ)
    i.HAL_NVIC_SetPriority                   0x080018d0   Section        0  stm32f4xx_hal_cortex.o(i.HAL_NVIC_SetPriority)
    i.HAL_NVIC_SetPriorityGrouping           0x08001910   Section        0  stm32f4xx_hal_cortex.o(i.HAL_NVIC_SetPriorityGrouping)
    i.HAL_RCC_ClockConfig                    0x08001934   Section        0  stm32f4xx_hal_rcc.o(i.HAL_RCC_ClockConfig)
    i.HAL_RCC_GetHCLKFreq                    0x08001a64   Section        0  stm32f4xx_hal_rcc.o(i.HAL_RCC_GetHCLKFreq)
    i.HAL_RCC_GetPCLK1Freq                   0x08001a70   Section        0  stm32f4xx_hal_rcc.o(i.HAL_RCC_GetPCLK1Freq)
    i.HAL_RCC_GetPCLK2Freq                   0x08001a90   Section        0  stm32f4xx_hal_rcc.o(i.HAL_RCC_GetPCLK2Freq)
    i.HAL_RCC_GetSysClockFreq                0x08001ab0   Section        0  stm32f4xx_hal_rcc.o(i.HAL_RCC_GetSysClockFreq)
    i.HAL_RCC_MCOConfig                      0x08001b10   Section        0  stm32f4xx_hal_rcc.o(i.HAL_RCC_MCOConfig)
    i.HAL_RCC_OscConfig                      0x08001b9c   Section        0  stm32f4xx_hal_rcc.o(i.HAL_RCC_OscConfig)
    i.HAL_SYSTICK_CLKSourceConfig            0x08001e8c   Section        0  stm32f4xx_hal_cortex.o(i.HAL_SYSTICK_CLKSourceConfig)
    i.HAL_SYSTICK_Callback                   0x08001ea4   Section        0  stm32f4xx_hal_cortex.o(i.HAL_SYSTICK_Callback)
    i.HAL_SYSTICK_Config                     0x08001ea6   Section        0  stm32f4xx_hal_cortex.o(i.HAL_SYSTICK_Config)
    i.HAL_SYSTICK_IRQHandler                 0x08001ece   Section        0  stm32f4xx_hal_cortex.o(i.HAL_SYSTICK_IRQHandler)
    i.HAL_TIMEx_ConfigBreakDeadTime          0x08001ed6   Section        0  stm32f4xx_hal_tim_ex.o(i.HAL_TIMEx_ConfigBreakDeadTime)
    i.HAL_TIMEx_MasterConfigSynchronization  0x08001f30   Section        0  stm32f4xx_hal_tim_ex.o(i.HAL_TIMEx_MasterConfigSynchronization)
    i.HAL_TIM_Base_Init                      0x08001f80   Section        0  stm32f4xx_hal_tim.o(i.HAL_TIM_Base_Init)
    i.HAL_TIM_Base_MspInit                   0x08001fb8   Section        0  stm32f4xx_hal_msp.o(i.HAL_TIM_Base_MspInit)
    i.HAL_TIM_Base_Start_IT                  0x08002090   Section        0  stm32f4xx_hal_tim.o(i.HAL_TIM_Base_Start_IT)
    i.HAL_TIM_ConfigClockSource              0x080020a8   Section        0  stm32f4xx_hal_tim.o(i.HAL_TIM_ConfigClockSource)
    i.HAL_TIM_MspPostInit                    0x0800219c   Section        0  stm32f4xx_hal_msp.o(i.HAL_TIM_MspPostInit)
    i.HAL_TIM_PWM_ConfigChannel              0x08002230   Section        0  stm32f4xx_hal_tim.o(i.HAL_TIM_PWM_ConfigChannel)
    i.HAL_TIM_PWM_Init                       0x08002300   Section        0  stm32f4xx_hal_tim.o(i.HAL_TIM_PWM_Init)
    i.HAL_TIM_PWM_MspInit                    0x08002336   Section        0  stm32f4xx_hal_tim.o(i.HAL_TIM_PWM_MspInit)
    i.HAL_TIM_PWM_Start                      0x08002338   Section        0  stm32f4xx_hal_tim.o(i.HAL_TIM_PWM_Start)
    i.HAL_UART_ErrorCallback                 0x08002370   Section        0  stm32f4xx_hal_uart.o(i.HAL_UART_ErrorCallback)
    i.HAL_UART_GetState                      0x08002372   Section        0  stm32f4xx_hal_uart.o(i.HAL_UART_GetState)
    i.HAL_UART_IRQHandler                    0x0800237c   Section        0  stm32f4xx_hal_uart.o(i.HAL_UART_IRQHandler)
    i.HAL_UART_Init                          0x0800248c   Section        0  stm32f4xx_hal_uart.o(i.HAL_UART_Init)
    i.HAL_UART_MspInit                       0x080024f0   Section        0  stm32f4xx_hal_msp.o(i.HAL_UART_MspInit)
    i.HAL_UART_Receive_IT                    0x080025dc   Section        0  stm32f4xx_hal_uart.o(i.HAL_UART_Receive_IT)
    i.HAL_UART_RxCpltCallback                0x08002624   Section        0  main.o(i.HAL_UART_RxCpltCallback)
    i.HAL_UART_Transmit                      0x08002654   Section        0  stm32f4xx_hal_uart.o(i.HAL_UART_Transmit)
    i.HAL_UART_Transmit_IT                   0x0800270e   Section        0  stm32f4xx_hal_uart.o(i.HAL_UART_Transmit_IT)
    i.HAL_UART_TxCpltCallback                0x0800274c   Section        0  stm32f4xx_hal_uart.o(i.HAL_UART_TxCpltCallback)
    i.HardFault_Handler                      0x0800274e   Section        0  stm32f4xx_it.o(i.HardFault_Handler)
    i.JoystickGet                            0x08002750   Section        0  main.o(i.JoystickGet)
    i.JoystickMapping                        0x08002818   Section        0  main.o(i.JoystickMapping)
    i.MX_ADC1_Init                           0x08002920   Section        0  main.o(i.MX_ADC1_Init)
    MX_ADC1_Init                             0x08002921   Thumb Code   176  main.o(i.MX_ADC1_Init)
    i.MX_ADC3_Init                           0x080029dc   Section        0  main.o(i.MX_ADC3_Init)
    MX_ADC3_Init                             0x080029dd   Thumb Code   166  main.o(i.MX_ADC3_Init)
    i.MX_CAN1_Init                           0x08002a90   Section        0  main.o(i.MX_CAN1_Init)
    MX_CAN1_Init                             0x08002a91   Thumb Code    52  main.o(i.MX_CAN1_Init)
    i.MX_CAN2_Init                           0x08002acc   Section        0  main.o(i.MX_CAN2_Init)
    MX_CAN2_Init                             0x08002acd   Thumb Code    52  main.o(i.MX_CAN2_Init)
    i.MX_DAC_Init                            0x08002b08   Section        0  main.o(i.MX_DAC_Init)
    MX_DAC_Init                              0x08002b09   Thumb Code    56  main.o(i.MX_DAC_Init)
    i.MX_GPIO_Init                           0x08002b48   Section        0  main.o(i.MX_GPIO_Init)
    MX_GPIO_Init                             0x08002b49   Thumb Code   268  main.o(i.MX_GPIO_Init)
    i.MX_TIM1_Init                           0x08002c70   Section        0  main.o(i.MX_TIM1_Init)
    MX_TIM1_Init                             0x08002c71   Thumb Code   186  main.o(i.MX_TIM1_Init)
    i.MX_TIM2_Init                           0x08002d34   Section        0  main.o(i.MX_TIM2_Init)
    MX_TIM2_Init                             0x08002d35   Thumb Code   160  main.o(i.MX_TIM2_Init)
    i.MX_TIM3_Init                           0x08002dd8   Section        0  main.o(i.MX_TIM3_Init)
    MX_TIM3_Init                             0x08002dd9   Thumb Code   158  main.o(i.MX_TIM3_Init)
    i.MX_TIM4_Init                           0x08002e80   Section        0  main.o(i.MX_TIM4_Init)
    MX_TIM4_Init                             0x08002e81   Thumb Code   148  main.o(i.MX_TIM4_Init)
    i.MX_TIM5_Init                           0x08002f1c   Section        0  main.o(i.MX_TIM5_Init)
    MX_TIM5_Init                             0x08002f1d   Thumb Code    72  main.o(i.MX_TIM5_Init)
    i.MX_TIM9_Init                           0x08002f6c   Section        0  main.o(i.MX_TIM9_Init)
    MX_TIM9_Init                             0x08002f6d   Thumb Code    54  main.o(i.MX_TIM9_Init)
    i.MemManage_Handler                      0x08002fac   Section        0  stm32f4xx_it.o(i.MemManage_Handler)
    i.MotorDriver                            0x08002fb0   Section        0  main.o(i.MotorDriver)
    i.MotorPidFunction                       0x08003058   Section        0  main.o(i.MotorPidFunction)
    i.Motor_CAN_Reveive                      0x08003110   Section        0  main.o(i.Motor_CAN_Reveive)
    i.NMI_Handler                            0x08003184   Section        0  stm32f4xx_it.o(i.NMI_Handler)
    i.NVIC_SetPriority                       0x08003186   Section        0  stm32f4xx_hal_cortex.o(i.NVIC_SetPriority)
    NVIC_SetPriority                         0x08003187   Thumb Code    32  stm32f4xx_hal_cortex.o(i.NVIC_SetPriority)
    i.PendSV_Handler                         0x080031a6   Section        0  stm32f4xx_it.o(i.PendSV_Handler)
    i.SVC_Handler                            0x080031a8   Section        0  stm32f4xx_it.o(i.SVC_Handler)
    i.SysTick_Handler                        0x080031aa   Section        0  stm32f4xx_it.o(i.SysTick_Handler)
    i.SystemClock_Config                     0x080031b8   Section        0  main.o(i.SystemClock_Config)
    i.SystemInit                             0x0800326c   Section        0  system_stm32f4xx.o(i.SystemInit)
    i.TIM_Base_SetConfig                     0x080032c0   Section        0  stm32f4xx_hal_tim.o(i.TIM_Base_SetConfig)
    i.TIM_CCxChannelCmd                      0x08003380   Section        0  stm32f4xx_hal_tim.o(i.TIM_CCxChannelCmd)
    i.TIM_ETR_SetConfig                      0x08003396   Section        0  stm32f4xx_hal_tim.o(i.TIM_ETR_SetConfig)
    TIM_ETR_SetConfig                        0x08003397   Thumb Code    20  stm32f4xx_hal_tim.o(i.TIM_ETR_SetConfig)
    i.TIM_ITRx_SetConfig                     0x080033aa   Section        0  stm32f4xx_hal_tim.o(i.TIM_ITRx_SetConfig)
    TIM_ITRx_SetConfig                       0x080033ab   Thumb Code    16  stm32f4xx_hal_tim.o(i.TIM_ITRx_SetConfig)
    i.TIM_OC1_SetConfig                      0x080033bc   Section        0  stm32f4xx_hal_tim.o(i.TIM_OC1_SetConfig)
    TIM_OC1_SetConfig                        0x080033bd   Thumb Code    80  stm32f4xx_hal_tim.o(i.TIM_OC1_SetConfig)
    i.TIM_OC2_SetConfig                      0x08003414   Section        0  stm32f4xx_hal_tim.o(i.TIM_OC2_SetConfig)
    i.TIM_OC3_SetConfig                      0x08003478   Section        0  stm32f4xx_hal_tim.o(i.TIM_OC3_SetConfig)
    TIM_OC3_SetConfig                        0x08003479   Thumb Code    88  stm32f4xx_hal_tim.o(i.TIM_OC3_SetConfig)
    i.TIM_OC4_SetConfig                      0x080034d8   Section        0  stm32f4xx_hal_tim.o(i.TIM_OC4_SetConfig)
    TIM_OC4_SetConfig                        0x080034d9   Thumb Code    70  stm32f4xx_hal_tim.o(i.TIM_OC4_SetConfig)
    i.TIM_TI1_ConfigInputStage               0x08003528   Section        0  stm32f4xx_hal_tim.o(i.TIM_TI1_ConfigInputStage)
    TIM_TI1_ConfigInputStage                 0x08003529   Thumb Code    34  stm32f4xx_hal_tim.o(i.TIM_TI1_ConfigInputStage)
    i.TIM_TI2_ConfigInputStage               0x0800354a   Section        0  stm32f4xx_hal_tim.o(i.TIM_TI2_ConfigInputStage)
    TIM_TI2_ConfigInputStage                 0x0800354b   Thumb Code    36  stm32f4xx_hal_tim.o(i.TIM_TI2_ConfigInputStage)
    i.UART_DMAAbortOnError                   0x0800356e   Section        0  stm32f4xx_hal_uart.o(i.UART_DMAAbortOnError)
    UART_DMAAbortOnError                     0x0800356f   Thumb Code    16  stm32f4xx_hal_uart.o(i.UART_DMAAbortOnError)
    i.UART_EndRxTransfer                     0x0800357e   Section        0  stm32f4xx_hal_uart.o(i.UART_EndRxTransfer)
    UART_EndRxTransfer                       0x0800357f   Thumb Code    28  stm32f4xx_hal_uart.o(i.UART_EndRxTransfer)
    i.UART_Receive_IT                        0x0800359a   Section        0  stm32f4xx_hal_uart.o(i.UART_Receive_IT)
    UART_Receive_IT                          0x0800359b   Thumb Code   140  stm32f4xx_hal_uart.o(i.UART_Receive_IT)
    i.UART_SetConfig                         0x08003628   Section        0  stm32f4xx_hal_uart.o(i.UART_SetConfig)
    UART_SetConfig                           0x08003629   Thumb Code   676  stm32f4xx_hal_uart.o(i.UART_SetConfig)
    i.UART_Transmit_IT                       0x080038d4   Section        0  stm32f4xx_hal_uart.o(i.UART_Transmit_IT)
    UART_Transmit_IT                         0x080038d5   Thumb Code    98  stm32f4xx_hal_uart.o(i.UART_Transmit_IT)
    i.UART_WaitOnFlagUntilTimeout            0x08003936   Section        0  stm32f4xx_hal_uart.o(i.UART_WaitOnFlagUntilTimeout)
    UART_WaitOnFlagUntilTimeout              0x08003937   Thumb Code   100  stm32f4xx_hal_uart.o(i.UART_WaitOnFlagUntilTimeout)
    i.USART1_IRQHandler                      0x0800399c   Section        0  stm32f4xx_it.o(i.USART1_IRQHandler)
    i.USART6_IRQHandler                      0x080039a8   Section        0  stm32f4xx_it.o(i.USART6_IRQHandler)
    i.UsageFault_Handler                     0x080039b4   Section        0  stm32f4xx_it.o(i.UsageFault_Handler)
    i._Error_Handler                         0x080039b6   Section        0  main.o(i._Error_Handler)
    i.__0printf$5                            0x080039b8   Section        0  printf5.o(i.__0printf$5)
    i.__scatterload_copy                     0x080039d8   Section       14  handlers.o(i.__scatterload_copy)
    i.__scatterload_null                     0x080039e6   Section        2  handlers.o(i.__scatterload_null)
    i.__scatterload_zeroinit                 0x080039e8   Section       14  handlers.o(i.__scatterload_zeroinit)
    i._printf_core                           0x080039f8   Section        0  printf5.o(i._printf_core)
    _printf_core                             0x080039f9   Thumb Code   658  printf5.o(i._printf_core)
    i.fputc                                  0x08003cb8   Section        0  main.o(i.fputc)
    i.main                                   0x08003cd0   Section        0  main.o(i.main)
    .constdata                               0x0800422a   Section        8  stm32f4xx_hal_dma.o(.constdata)
    flagBitshiftOffset                       0x0800422a   Data           8  stm32f4xx_hal_dma.o(.constdata)
    .constdata                               0x08004232   Section       16  system_stm32f4xx.o(.constdata)
    .constdata                               0x08004242   Section        8  system_stm32f4xx.o(.constdata)
    .data                                    0x20000000   Section        4  stm32f4xx_hal.o(.data)
    .data                                    0x20000004   Section        4  stm32f4xx_hal_msp.o(.data)
    HAL_RCC_CAN1_CLK_ENABLED                 0x20000004   Data           4  stm32f4xx_hal_msp.o(.data)
    .data                                    0x20000008   Section       16  main.o(.data)
    SYS_Time_us                              0x20000008   Data           4  main.o(.data)
    MotorTemperature                         0x20000010   Data           8  main.o(.data)
    .data                                    0x20000018   Section        4  system_stm32f4xx.o(.data)
    .data                                    0x2000001c   Section        4  stdout.o(.data)
    .bss                                     0x20000020   Section     1704  main.o(.bss)
    MotorCurrentValue                        0x20000020   Data          16  main.o(.bss)
    Motor_PARM                               0x20000058   Data          32  main.o(.bss)
    RxMessage1                               0x20000078   Data          36  main.o(.bss)
    TxMessage1                               0x2000009c   Data          28  main.o(.bss)
    TxMessage2                               0x200000b8   Data          28  main.o(.bss)
    RxMessage2                               0x200000d4   Data          36  main.o(.bss)
    ButtonState                              0x200000f8   Data          10  main.o(.bss)
    Motor_0_PARM                             0x20000108   Data          48  main.o(.bss)
    Motor_1_PARM                             0x20000138   Data          48  main.o(.bss)
    Motor_2_PARM                             0x20000168   Data          48  main.o(.bss)
    Motor_3_PARM                             0x20000198   Data          48  main.o(.bss)
    Motor_4_PARM                             0x200001c8   Data          48  main.o(.bss)
    MotorSpeed                               0x20000630   Data          16  main.o(.bss)
    MotorAngle                               0x20000640   Data          16  main.o(.bss)
    MotorTrueCurrent                         0x20000650   Data          16  main.o(.bss)
    Motor_Angle_PARM                         0x20000660   Data          64  main.o(.bss)
    Joystick                                 0x200006a0   Data          40  main.o(.bss)
    .bss                                     0x200006c8   Section       96  main.o(.bss)
    STACK                                    0x20000728   Section     1024  startup_stm32f407xx.o(STACK)

    Global Symbols

    Symbol Name                              Value     Ov Type        Size  Object(Section)

    BuildAttributes$$THM_ISAv4$E$P$D$K$B$S$7EM$VFPi3$EXTD16$VFPS$VFMA$PE$A:L22UL41UL21$X:L11$S22US41US21$IEEE1$IW$USESV6$~STKCKD$USESV7$~SHL$OSPACE$ROPI$EBA8$MICROLIB$REQ8$PRES8$EABIv2 0x00000000   Number         0  anon$$obj.o ABSOLUTE
    __ARM_use_no_argv                        0x00000000   Number         0  main.o ABSOLUTE
    _printf_a                                0x00000000   Number         0  stubs.o ABSOLUTE
    _printf_c                                0x00000000   Number         0  stubs.o ABSOLUTE
    _printf_charcount                        0x00000000   Number         0  stubs.o ABSOLUTE
    _printf_d                                0x00000000   Number         0  stubs.o ABSOLUTE
    _printf_e                                0x00000000   Number         0  stubs.o ABSOLUTE
    _printf_f                                0x00000000   Number         0  stubs.o ABSOLUTE
    _printf_flags                            0x00000000   Number         0  stubs.o ABSOLUTE
    _printf_fp_dec                           0x00000000   Number         0  stubs.o ABSOLUTE
    _printf_fp_hex                           0x00000000   Number         0  stubs.o ABSOLUTE
    _printf_g                                0x00000000   Number         0  stubs.o ABSOLUTE
    _printf_i                                0x00000000   Number         0  stubs.o ABSOLUTE
    _printf_int_dec                          0x00000000   Number         0  stubs.o ABSOLUTE
    _printf_l                                0x00000000   Number         0  stubs.o ABSOLUTE
    _printf_lc                               0x00000000   Number         0  stubs.o ABSOLUTE
    _printf_ll                               0x00000000   Number         0  stubs.o ABSOLUTE
    _printf_lld                              0x00000000   Number         0  stubs.o ABSOLUTE
    _printf_lli                              0x00000000   Number         0  stubs.o ABSOLUTE
    _printf_llo                              0x00000000   Number         0  stubs.o ABSOLUTE
    _printf_llu                              0x00000000   Number         0  stubs.o ABSOLUTE
    _printf_llx                              0x00000000   Number         0  stubs.o ABSOLUTE
    _printf_longlong_dec                     0x00000000   Number         0  stubs.o ABSOLUTE
    _printf_longlong_hex                     0x00000000   Number         0  stubs.o ABSOLUTE
    _printf_longlong_oct                     0x00000000   Number         0  stubs.o ABSOLUTE
    _printf_ls                               0x00000000   Number         0  stubs.o ABSOLUTE
    _printf_mbtowc                           0x00000000   Number         0  stubs.o ABSOLUTE
    _printf_n                                0x00000000   Number         0  stubs.o ABSOLUTE
    _printf_o                                0x00000000   Number         0  stubs.o ABSOLUTE
    _printf_p                                0x00000000   Number         0  stubs.o ABSOLUTE
    _printf_percent                          0x00000000   Number         0  stubs.o ABSOLUTE
    _printf_pre_padding                      0x00000000   Number         0  stubs.o ABSOLUTE
    _printf_return_value                     0x00000000   Number         0  stubs.o ABSOLUTE
    _printf_s                                0x00000000   Number         0  stubs.o ABSOLUTE
    _printf_sizespec                         0x00000000   Number         0  stubs.o ABSOLUTE
    _printf_str                              0x00000000   Number         0  stubs.o ABSOLUTE
    _printf_truncate_signed                  0x00000000   Number         0  stubs.o ABSOLUTE
    _printf_truncate_unsigned                0x00000000   Number         0  stubs.o ABSOLUTE
    _printf_u                                0x00000000   Number         0  stubs.o ABSOLUTE
    _printf_wc                               0x00000000   Number         0  stubs.o ABSOLUTE
    _printf_wctomb                           0x00000000   Number         0  stubs.o ABSOLUTE
    _printf_widthprec                        0x00000000   Number         0  stubs.o ABSOLUTE
    _printf_x                                0x00000000   Number         0  stubs.o ABSOLUTE
    __cpp_initialize__aeabi_                  - Undefined Weak Reference
    __cxa_finalize                            - Undefined Weak Reference
    __decompress                              - Undefined Weak Reference
    _clock_init                               - Undefined Weak Reference
    _microlib_exit                            - Undefined Weak Reference
    __Vectors_Size                           0x00000188   Number         0  startup_stm32f407xx.o ABSOLUTE
    __Vectors                                0x08000000   Data           4  startup_stm32f407xx.o(RESET)
    __Vectors_End                            0x08000188   Data           0  startup_stm32f407xx.o(RESET)
    __main                                   0x08000189   Thumb Code     0  entry.o(.ARM.Collect$$$$00000000)
    _main_stk                                0x08000189   Thumb Code     0  entry2.o(.ARM.Collect$$$$00000001)
    _main_scatterload                        0x0800018d   Thumb Code     0  entry5.o(.ARM.Collect$$$$00000004)
    __main_after_scatterload                 0x08000191   Thumb Code     0  entry5.o(.ARM.Collect$$$$00000004)
    _main_clock                              0x08000191   Thumb Code     0  entry7b.o(.ARM.Collect$$$$00000008)
    _main_cpp_init                           0x08000191   Thumb Code     0  entry8b.o(.ARM.Collect$$$$0000000A)
    _main_init                               0x08000191   Thumb Code     0  entry9a.o(.ARM.Collect$$$$0000000B)
    __rt_final_cpp                           0x08000199   Thumb Code     0  entry10a.o(.ARM.Collect$$$$0000000D)
    __rt_final_exit                          0x08000199   Thumb Code     0  entry11a.o(.ARM.Collect$$$$0000000F)
    Reset_Handler                            0x0800019d   Thumb Code     8  startup_stm32f407xx.o(.text)
    ADC_IRQHandler                           0x080001b7   Thumb Code     0  startup_stm32f407xx.o(.text)
    CAN1_RX0_IRQHandler                      0x080001b7   Thumb Code     0  startup_stm32f407xx.o(.text)
    CAN1_RX1_IRQHandler                      0x080001b7   Thumb Code     0  startup_stm32f407xx.o(.text)
    CAN1_SCE_IRQHandler                      0x080001b7   Thumb Code     0  startup_stm32f407xx.o(.text)
    CAN1_TX_IRQHandler                       0x080001b7   Thumb Code     0  startup_stm32f407xx.o(.text)
    CAN2_RX0_IRQHandler                      0x080001b7   Thumb Code     0  startup_stm32f407xx.o(.text)
    CAN2_RX1_IRQHandler                      0x080001b7   Thumb Code     0  startup_stm32f407xx.o(.text)
    CAN2_SCE_IRQHandler                      0x080001b7   Thumb Code     0  startup_stm32f407xx.o(.text)
    CAN2_TX_IRQHandler                       0x080001b7   Thumb Code     0  startup_stm32f407xx.o(.text)
    DCMI_IRQHandler                          0x080001b7   Thumb Code     0  startup_stm32f407xx.o(.text)
    DMA1_Stream0_IRQHandler                  0x080001b7   Thumb Code     0  startup_stm32f407xx.o(.text)
    DMA1_Stream1_IRQHandler                  0x080001b7   Thumb Code     0  startup_stm32f407xx.o(.text)
    DMA1_Stream2_IRQHandler                  0x080001b7   Thumb Code     0  startup_stm32f407xx.o(.text)
    DMA1_Stream3_IRQHandler                  0x080001b7   Thumb Code     0  startup_stm32f407xx.o(.text)
    DMA1_Stream4_IRQHandler                  0x080001b7   Thumb Code     0  startup_stm32f407xx.o(.text)
    DMA1_Stream5_IRQHandler                  0x080001b7   Thumb Code     0  startup_stm32f407xx.o(.text)
    DMA1_Stream6_IRQHandler                  0x080001b7   Thumb Code     0  startup_stm32f407xx.o(.text)
    DMA1_Stream7_IRQHandler                  0x080001b7   Thumb Code     0  startup_stm32f407xx.o(.text)
    DMA2_Stream1_IRQHandler                  0x080001b7   Thumb Code     0  startup_stm32f407xx.o(.text)
    DMA2_Stream2_IRQHandler                  0x080001b7   Thumb Code     0  startup_stm32f407xx.o(.text)
    DMA2_Stream3_IRQHandler                  0x080001b7   Thumb Code     0  startup_stm32f407xx.o(.text)
    DMA2_Stream4_IRQHandler                  0x080001b7   Thumb Code     0  startup_stm32f407xx.o(.text)
    DMA2_Stream5_IRQHandler                  0x080001b7   Thumb Code     0  startup_stm32f407xx.o(.text)
    DMA2_Stream6_IRQHandler                  0x080001b7   Thumb Code     0  startup_stm32f407xx.o(.text)
    DMA2_Stream7_IRQHandler                  0x080001b7   Thumb Code     0  startup_stm32f407xx.o(.text)
    ETH_IRQHandler                           0x080001b7   Thumb Code     0  startup_stm32f407xx.o(.text)
    ETH_WKUP_IRQHandler                      0x080001b7   Thumb Code     0  startup_stm32f407xx.o(.text)
    EXTI0_IRQHandler                         0x080001b7   Thumb Code     0  startup_stm32f407xx.o(.text)
    EXTI15_10_IRQHandler                     0x080001b7   Thumb Code     0  startup_stm32f407xx.o(.text)
    EXTI1_IRQHandler                         0x080001b7   Thumb Code     0  startup_stm32f407xx.o(.text)
    EXTI2_IRQHandler                         0x080001b7   Thumb Code     0  startup_stm32f407xx.o(.text)
    EXTI3_IRQHandler                         0x080001b7   Thumb Code     0  startup_stm32f407xx.o(.text)
    EXTI4_IRQHandler                         0x080001b7   Thumb Code     0  startup_stm32f407xx.o(.text)
    EXTI9_5_IRQHandler                       0x080001b7   Thumb Code     0  startup_stm32f407xx.o(.text)
    FLASH_IRQHandler                         0x080001b7   Thumb Code     0  startup_stm32f407xx.o(.text)
    FMC_IRQHandler                           0x080001b7   Thumb Code     0  startup_stm32f407xx.o(.text)
    FPU_IRQHandler                           0x080001b7   Thumb Code     0  startup_stm32f407xx.o(.text)
    HASH_RNG_IRQHandler                      0x080001b7   Thumb Code     0  startup_stm32f407xx.o(.text)
    I2C1_ER_IRQHandler                       0x080001b7   Thumb Code     0  startup_stm32f407xx.o(.text)
    I2C1_EV_IRQHandler                       0x080001b7   Thumb Code     0  startup_stm32f407xx.o(.text)
    I2C2_ER_IRQHandler                       0x080001b7   Thumb Code     0  startup_stm32f407xx.o(.text)
    I2C2_EV_IRQHandler                       0x080001b7   Thumb Code     0  startup_stm32f407xx.o(.text)
    I2C3_ER_IRQHandler                       0x080001b7   Thumb Code     0  startup_stm32f407xx.o(.text)
    I2C3_EV_IRQHandler                       0x080001b7   Thumb Code     0  startup_stm32f407xx.o(.text)
    OTG_FS_IRQHandler                        0x080001b7   Thumb Code     0  startup_stm32f407xx.o(.text)
    OTG_FS_WKUP_IRQHandler                   0x080001b7   Thumb Code     0  startup_stm32f407xx.o(.text)
    OTG_HS_EP1_IN_IRQHandler                 0x080001b7   Thumb Code     0  startup_stm32f407xx.o(.text)
    OTG_HS_EP1_OUT_IRQHandler                0x080001b7   Thumb Code     0  startup_stm32f407xx.o(.text)
    OTG_HS_IRQHandler                        0x080001b7   Thumb Code     0  startup_stm32f407xx.o(.text)
    OTG_HS_WKUP_IRQHandler                   0x080001b7   Thumb Code     0  startup_stm32f407xx.o(.text)
    PVD_IRQHandler                           0x080001b7   Thumb Code     0  startup_stm32f407xx.o(.text)
    RCC_IRQHandler                           0x080001b7   Thumb Code     0  startup_stm32f407xx.o(.text)
    RTC_Alarm_IRQHandler                     0x080001b7   Thumb Code     0  startup_stm32f407xx.o(.text)
    RTC_WKUP_IRQHandler                      0x080001b7   Thumb Code     0  startup_stm32f407xx.o(.text)
    SDIO_IRQHandler                          0x080001b7   Thumb Code     0  startup_stm32f407xx.o(.text)
    SPI1_IRQHandler                          0x080001b7   Thumb Code     0  startup_stm32f407xx.o(.text)
    SPI2_IRQHandler                          0x080001b7   Thumb Code     0  startup_stm32f407xx.o(.text)
    SPI3_IRQHandler                          0x080001b7   Thumb Code     0  startup_stm32f407xx.o(.text)
    TAMP_STAMP_IRQHandler                    0x080001b7   Thumb Code     0  startup_stm32f407xx.o(.text)
    TIM1_BRK_TIM9_IRQHandler                 0x080001b7   Thumb Code     0  startup_stm32f407xx.o(.text)
    TIM1_CC_IRQHandler                       0x080001b7   Thumb Code     0  startup_stm32f407xx.o(.text)
    TIM1_TRG_COM_TIM11_IRQHandler            0x080001b7   Thumb Code     0  startup_stm32f407xx.o(.text)
    TIM1_UP_TIM10_IRQHandler                 0x080001b7   Thumb Code     0  startup_stm32f407xx.o(.text)
    TIM2_IRQHandler                          0x080001b7   Thumb Code     0  startup_stm32f407xx.o(.text)
    TIM3_IRQHandler                          0x080001b7   Thumb Code     0  startup_stm32f407xx.o(.text)
    TIM4_IRQHandler                          0x080001b7   Thumb Code     0  startup_stm32f407xx.o(.text)
    TIM5_IRQHandler                          0x080001b7   Thumb Code     0  startup_stm32f407xx.o(.text)
    TIM6_DAC_IRQHandler                      0x080001b7   Thumb Code     0  startup_stm32f407xx.o(.text)
    TIM7_IRQHandler                          0x080001b7   Thumb Code     0  startup_stm32f407xx.o(.text)
    TIM8_BRK_TIM12_IRQHandler                0x080001b7   Thumb Code     0  startup_stm32f407xx.o(.text)
    TIM8_CC_IRQHandler                       0x080001b7   Thumb Code     0  startup_stm32f407xx.o(.text)
    TIM8_TRG_COM_TIM14_IRQHandler            0x080001b7   Thumb Code     0  startup_stm32f407xx.o(.text)
    TIM8_UP_TIM13_IRQHandler                 0x080001b7   Thumb Code     0  startup_stm32f407xx.o(.text)
    UART4_IRQHandler                         0x080001b7   Thumb Code     0  startup_stm32f407xx.o(.text)
    UART5_IRQHandler                         0x080001b7   Thumb Code     0  startup_stm32f407xx.o(.text)
    USART2_IRQHandler                        0x080001b7   Thumb Code     0  startup_stm32f407xx.o(.text)
    USART3_IRQHandler                        0x080001b7   Thumb Code     0  startup_stm32f407xx.o(.text)
    WWDG_IRQHandler                          0x080001b7   Thumb Code     0  startup_stm32f407xx.o(.text)
    __aeabi_uldivmod                         0x080001c1   Thumb Code    98  uldiv.o(.text)
    __aeabi_dadd                             0x08000223   Thumb Code   322  dadd.o(.text)
    __aeabi_dsub                             0x08000365   Thumb Code     6  dadd.o(.text)
    __aeabi_drsub                            0x0800036b   Thumb Code     6  dadd.o(.text)
    __aeabi_dmul                             0x08000371   Thumb Code   228  dmul.o(.text)
    __aeabi_i2d                              0x08000455   Thumb Code    34  dflti.o(.text)
    __aeabi_d2iz                             0x08000477   Thumb Code    62  dfixi.o(.text)
    __aeabi_llsl                             0x080004b5   Thumb Code    30  llshl.o(.text)
    _ll_shift_l                              0x080004b5   Thumb Code     0  llshl.o(.text)
    __aeabi_llsr                             0x080004d3   Thumb Code    32  llushr.o(.text)
    _ll_ushift_r                             0x080004d3   Thumb Code     0  llushr.o(.text)
    __aeabi_lasr                             0x080004f3   Thumb Code    36  llsshr.o(.text)
    _ll_sshift_r                             0x080004f3   Thumb Code     0  llsshr.o(.text)
    __I$use$fp                               0x08000517   Thumb Code     0  iusefp.o(.text)
    _double_round                            0x08000517   Thumb Code    30  depilogue.o(.text)
    _double_epilogue                         0x08000535   Thumb Code   156  depilogue.o(.text)
    __scatterload                            0x080005d1   Thumb Code    28  init.o(.text)
    __scatterload_rt2                        0x080005d1   Thumb Code     0  init.o(.text)
    BusFault_Handler                         0x0800079d   Thumb Code     2  stm32f4xx_it.o(i.BusFault_Handler)
    DMA2_Stream0_IRQHandler                  0x080007a1   Thumb Code     6  stm32f4xx_it.o(i.DMA2_Stream0_IRQHandler)
    DebugMon_Handler                         0x08000851   Thumb Code     2  stm32f4xx_it.o(i.DebugMon_Handler)
    HAL_ADC_ConfigChannel                    0x08000855   Thumb Code   316  stm32f4xx_hal_adc.o(i.HAL_ADC_ConfigChannel)
    HAL_ADC_ConvCpltCallback                 0x080009a1   Thumb Code     2  stm32f4xx_hal_adc.o(i.HAL_ADC_ConvCpltCallback)
    HAL_ADC_ConvHalfCpltCallback             0x080009a3   Thumb Code     2  stm32f4xx_hal_adc.o(i.HAL_ADC_ConvHalfCpltCallback)
    HAL_ADC_ErrorCallback                    0x080009a5   Thumb Code     2  stm32f4xx_hal_adc.o(i.HAL_ADC_ErrorCallback)
    HAL_ADC_Init                             0x080009a7   Thumb Code    84  stm32f4xx_hal_adc.o(i.HAL_ADC_Init)
    HAL_ADC_MspInit                          0x080009fd   Thumb Code   156  stm32f4xx_hal_msp.o(i.HAL_ADC_MspInit)
    HAL_ADC_Start_DMA                        0x08000ad1   Thumb Code   228  stm32f4xx_hal_adc.o(i.HAL_ADC_Start_DMA)
    HAL_CAN_ConfigFilter                     0x08000bd1   Thumb Code   244  stm32f4xx_hal_can.o(i.HAL_CAN_ConfigFilter)
    HAL_CAN_Init                             0x08000cc9   Thumb Code   328  stm32f4xx_hal_can.o(i.HAL_CAN_Init)
    HAL_CAN_MspInit                          0x08000e11   Thumb Code   132  stm32f4xx_hal_msp.o(i.HAL_CAN_MspInit)
    HAL_CAN_Receive                          0x08000ead   Thumb Code   470  stm32f4xx_hal_can.o(i.HAL_CAN_Receive)
    HAL_CAN_Transmit                         0x08001085   Thumb Code   446  stm32f4xx_hal_can.o(i.HAL_CAN_Transmit)
    HAL_DAC_ConfigChannel                    0x08001251   Thumb Code    66  stm32f4xx_hal_dac.o(i.HAL_DAC_ConfigChannel)
    HAL_DAC_Init                             0x08001293   Thumb Code    40  stm32f4xx_hal_dac.o(i.HAL_DAC_Init)
    HAL_DAC_MspInit                          0x080012bd   Thumb Code    54  stm32f4xx_hal_msp.o(i.HAL_DAC_MspInit)
    HAL_DMA_Abort_IT                         0x08001301   Thumb Code    36  stm32f4xx_hal_dma.o(i.HAL_DMA_Abort_IT)
    HAL_DMA_IRQHandler                       0x08001325   Thumb Code   412  stm32f4xx_hal_dma.o(i.HAL_DMA_IRQHandler)
    HAL_DMA_Init                             0x080014c5   Thumb Code   206  stm32f4xx_hal_dma.o(i.HAL_DMA_Init)
    HAL_DMA_Start_IT                         0x08001599   Thumb Code   120  stm32f4xx_hal_dma.o(i.HAL_DMA_Start_IT)
    HAL_Delay                                0x08001611   Thumb Code    28  stm32f4xx_hal.o(i.HAL_Delay)
    HAL_GPIO_Init                            0x0800162d   Thumb Code   388  stm32f4xx_hal_gpio.o(i.HAL_GPIO_Init)
    HAL_GPIO_ReadPin                         0x080017dd   Thumb Code    10  stm32f4xx_hal_gpio.o(i.HAL_GPIO_ReadPin)
    HAL_GetTick                              0x080017e9   Thumb Code     6  stm32f4xx_hal.o(i.HAL_GetTick)
    HAL_IncTick                              0x080017f5   Thumb Code    10  stm32f4xx_hal.o(i.HAL_IncTick)
    HAL_Init                                 0x08001805   Thumb Code    48  stm32f4xx_hal.o(i.HAL_Init)
    HAL_InitTick                             0x08001839   Thumb Code    34  stm32f4xx_hal.o(i.HAL_InitTick)
    HAL_MspInit                              0x08001861   Thumb Code    88  stm32f4xx_hal_msp.o(i.HAL_MspInit)
    HAL_NVIC_EnableIRQ                       0x080018b9   Thumb Code    22  stm32f4xx_hal_cortex.o(i.HAL_NVIC_EnableIRQ)
    HAL_NVIC_SetPriority                     0x080018d1   Thumb Code    60  stm32f4xx_hal_cortex.o(i.HAL_NVIC_SetPriority)
    HAL_NVIC_SetPriorityGrouping             0x08001911   Thumb Code    26  stm32f4xx_hal_cortex.o(i.HAL_NVIC_SetPriorityGrouping)
    HAL_RCC_ClockConfig                      0x08001935   Thumb Code   286  stm32f4xx_hal_rcc.o(i.HAL_RCC_ClockConfig)
    HAL_RCC_GetHCLKFreq                      0x08001a65   Thumb Code     6  stm32f4xx_hal_rcc.o(i.HAL_RCC_GetHCLKFreq)
    HAL_RCC_GetPCLK1Freq                     0x08001a71   Thumb Code    20  stm32f4xx_hal_rcc.o(i.HAL_RCC_GetPCLK1Freq)
    HAL_RCC_GetPCLK2Freq                     0x08001a91   Thumb Code    20  stm32f4xx_hal_rcc.o(i.HAL_RCC_GetPCLK2Freq)
    HAL_RCC_GetSysClockFreq                  0x08001ab1   Thumb Code    88  stm32f4xx_hal_rcc.o(i.HAL_RCC_GetSysClockFreq)
    HAL_RCC_MCOConfig                        0x08001b11   Thumb Code   126  stm32f4xx_hal_rcc.o(i.HAL_RCC_MCOConfig)
    HAL_RCC_OscConfig                        0x08001b9d   Thumb Code   730  stm32f4xx_hal_rcc.o(i.HAL_RCC_OscConfig)
    HAL_SYSTICK_CLKSourceConfig              0x08001e8d   Thumb Code    24  stm32f4xx_hal_cortex.o(i.HAL_SYSTICK_CLKSourceConfig)
    HAL_SYSTICK_Callback                     0x08001ea5   Thumb Code     2  stm32f4xx_hal_cortex.o(i.HAL_SYSTICK_Callback)
    HAL_SYSTICK_Config                       0x08001ea7   Thumb Code    40  stm32f4xx_hal_cortex.o(i.HAL_SYSTICK_Config)
    HAL_SYSTICK_IRQHandler                   0x08001ecf   Thumb Code     8  stm32f4xx_hal_cortex.o(i.HAL_SYSTICK_IRQHandler)
    HAL_TIMEx_ConfigBreakDeadTime            0x08001ed7   Thumb Code    90  stm32f4xx_hal_tim_ex.o(i.HAL_TIMEx_ConfigBreakDeadTime)
    HAL_TIMEx_MasterConfigSynchronization    0x08001f31   Thumb Code    80  stm32f4xx_hal_tim_ex.o(i.HAL_TIMEx_MasterConfigSynchronization)
    HAL_TIM_Base_Init                        0x08001f81   Thumb Code    54  stm32f4xx_hal_tim.o(i.HAL_TIM_Base_Init)
    HAL_TIM_Base_MspInit                     0x08001fb9   Thumb Code   184  stm32f4xx_hal_msp.o(i.HAL_TIM_Base_MspInit)
    HAL_TIM_Base_Start_IT                    0x08002091   Thumb Code    24  stm32f4xx_hal_tim.o(i.HAL_TIM_Base_Start_IT)
    HAL_TIM_ConfigClockSource                0x080020a9   Thumb Code   242  stm32f4xx_hal_tim.o(i.HAL_TIM_ConfigClockSource)
    HAL_TIM_MspPostInit                      0x0800219d   Thumb Code   120  stm32f4xx_hal_msp.o(i.HAL_TIM_MspPostInit)
    HAL_TIM_PWM_ConfigChannel                0x08002231   Thumb Code   208  stm32f4xx_hal_tim.o(i.HAL_TIM_PWM_ConfigChannel)
    HAL_TIM_PWM_Init                         0x08002301   Thumb Code    54  stm32f4xx_hal_tim.o(i.HAL_TIM_PWM_Init)
    HAL_TIM_PWM_MspInit                      0x08002337   Thumb Code     2  stm32f4xx_hal_tim.o(i.HAL_TIM_PWM_MspInit)
    HAL_TIM_PWM_Start                        0x08002339   Thumb Code    48  stm32f4xx_hal_tim.o(i.HAL_TIM_PWM_Start)
    HAL_UART_ErrorCallback                   0x08002371   Thumb Code     2  stm32f4xx_hal_uart.o(i.HAL_UART_ErrorCallback)
    HAL_UART_GetState                        0x08002373   Thumb Code    10  stm32f4xx_hal_uart.o(i.HAL_UART_GetState)
    HAL_UART_IRQHandler                      0x0800237d   Thumb Code   266  stm32f4xx_hal_uart.o(i.HAL_UART_IRQHandler)
    HAL_UART_Init                            0x0800248d   Thumb Code    98  stm32f4xx_hal_uart.o(i.HAL_UART_Init)
    HAL_UART_MspInit                         0x080024f1   Thumb Code   202  stm32f4xx_hal_msp.o(i.HAL_UART_MspInit)
    HAL_UART_Receive_IT                      0x080025dd   Thumb Code    72  stm32f4xx_hal_uart.o(i.HAL_UART_Receive_IT)
    HAL_UART_RxCpltCallback                  0x08002625   Thumb Code    40  main.o(i.HAL_UART_RxCpltCallback)
    HAL_UART_Transmit                        0x08002655   Thumb Code   186  stm32f4xx_hal_uart.o(i.HAL_UART_Transmit)
    HAL_UART_Transmit_IT                     0x0800270f   Thumb Code    62  stm32f4xx_hal_uart.o(i.HAL_UART_Transmit_IT)
    HAL_UART_TxCpltCallback                  0x0800274d   Thumb Code     2  stm32f4xx_hal_uart.o(i.HAL_UART_TxCpltCallback)
    HardFault_Handler                        0x0800274f   Thumb Code     2  stm32f4xx_it.o(i.HardFault_Handler)
    JoystickGet                              0x08002751   Thumb Code   182  main.o(i.JoystickGet)
    JoystickMapping                          0x08002819   Thumb Code   260  main.o(i.JoystickMapping)
    MemManage_Handler                        0x08002fad   Thumb Code     2  stm32f4xx_it.o(i.MemManage_Handler)
    MotorDriver                              0x08002fb1   Thumb Code   164  main.o(i.MotorDriver)
    MotorPidFunction                         0x08003059   Thumb Code   170  main.o(i.MotorPidFunction)
    Motor_CAN_Reveive                        0x08003111   Thumb Code   106  main.o(i.Motor_CAN_Reveive)
    NMI_Handler                              0x08003185   Thumb Code     2  stm32f4xx_it.o(i.NMI_Handler)
    PendSV_Handler                           0x080031a7   Thumb Code     2  stm32f4xx_it.o(i.PendSV_Handler)
    SVC_Handler                              0x080031a9   Thumb Code     2  stm32f4xx_it.o(i.SVC_Handler)
    SysTick_Handler                          0x080031ab   Thumb Code    14  stm32f4xx_it.o(i.SysTick_Handler)
    SystemClock_Config                       0x080031b9   Thumb Code   170  main.o(i.SystemClock_Config)
    SystemInit                               0x0800326d   Thumb Code    66  system_stm32f4xx.o(i.SystemInit)
    TIM_Base_SetConfig                       0x080032c1   Thumb Code   148  stm32f4xx_hal_tim.o(i.TIM_Base_SetConfig)
    TIM_CCxChannelCmd                        0x08003381   Thumb Code    22  stm32f4xx_hal_tim.o(i.TIM_CCxChannelCmd)
    TIM_OC2_SetConfig                        0x08003415   Thumb Code    90  stm32f4xx_hal_tim.o(i.TIM_OC2_SetConfig)
    USART1_IRQHandler                        0x0800399d   Thumb Code     6  stm32f4xx_it.o(i.USART1_IRQHandler)
    USART6_IRQHandler                        0x080039a9   Thumb Code     6  stm32f4xx_it.o(i.USART6_IRQHandler)
    UsageFault_Handler                       0x080039b5   Thumb Code     2  stm32f4xx_it.o(i.UsageFault_Handler)
    _Error_Handler                           0x080039b7   Thumb Code     2  main.o(i._Error_Handler)
    __0printf$5                              0x080039b9   Thumb Code    22  printf5.o(i.__0printf$5)
    __1printf$5                              0x080039b9   Thumb Code     0  printf5.o(i.__0printf$5)
    __2printf                                0x080039b9   Thumb Code     0  printf5.o(i.__0printf$5)
    __scatterload_copy                       0x080039d9   Thumb Code    14  handlers.o(i.__scatterload_copy)
    __scatterload_null                       0x080039e7   Thumb Code     2  handlers.o(i.__scatterload_null)
    __scatterload_zeroinit                   0x080039e9   Thumb Code    14  handlers.o(i.__scatterload_zeroinit)
    fputc                                    0x08003cb9   Thumb Code    20  main.o(i.fputc)
    main                                     0x08003cd1   Thumb Code  1370  main.o(i.main)
    AHBPrescTable                            0x08004232   Data          16  system_stm32f4xx.o(.constdata)
    APBPrescTable                            0x08004242   Data           8  system_stm32f4xx.o(.constdata)
    Region$$Table$$Base                      0x0800424c   Number         0  anon$$obj.o(Region$$Table)
    Region$$Table$$Limit                     0x0800426c   Number         0  anon$$obj.o(Region$$Table)
    uwTick                                   0x20000000   Data           4  stm32f4xx_hal.o(.data)
    PowerVoltage                             0x2000000c   Data           4  main.o(.data)
    SystemCoreClock                          0x20000018   Data           4  system_stm32f4xx.o(.data)
    __stdout                                 0x2000001c   Data           4  stdout.o(.data)
    TraceState                               0x20000030   Data          40  main.o(.bss)
    hadc1                                    0x200001f8   Data          72  main.o(.bss)
    hadc3                                    0x20000240   Data          72  main.o(.bss)
    hcan1                                    0x20000288   Data          68  main.o(.bss)
    hcan2                                    0x200002cc   Data          68  main.o(.bss)
    hdac                                     0x20000310   Data          20  main.o(.bss)
    htim1                                    0x20000324   Data          60  main.o(.bss)
    htim2                                    0x20000360   Data          60  main.o(.bss)
    htim3                                    0x2000039c   Data          60  main.o(.bss)
    htim4                                    0x200003d8   Data          60  main.o(.bss)
    htim5                                    0x20000414   Data          60  main.o(.bss)
    htim9                                    0x20000450   Data          60  main.o(.bss)
    htim10                                   0x2000048c   Data          60  main.o(.bss)
    htim11                                   0x200004c8   Data          60  main.o(.bss)
    huart1                                   0x20000504   Data          64  main.o(.bss)
    huart2                                   0x20000544   Data          64  main.o(.bss)
    huart3                                   0x20000584   Data          64  main.o(.bss)
    huart6                                   0x200005c4   Data          64  main.o(.bss)
    ADC_Value                                0x20000604   Data          24  main.o(.bss)
    RxBuffer1                                0x2000061c   Data          20  main.o(.bss)
    hdma_adc3                                0x200006c8   Data          96  main.o(.bss)
    __initial_sp                             0x20000b28   Data           0  startup_stm32f407xx.o(STACK)



==============================================================================

Memory Map of the image

  Image Entry point : 0x08000189

  Load Region LR_IROM1 (Base: 0x08000000, Size: 0x0000428c, Max: 0x00080000, ABSOLUTE)

    Execution Region ER_IROM1 (Exec base: 0x08000000, Load base: 0x08000000, Size: 0x0000426c, Max: 0x00080000, ABSOLUTE)

    Exec Addr    Load Addr    Size         Type   Attr      Idx    E Section Name        Object

    0x08000000   0x08000000   0x00000188   Data   RO         2950    RESET               startup_stm32f407xx.o
    0x08000188   0x08000188   0x00000000   Code   RO         3353  * .ARM.Collect$$$$00000000  mc_w.l(entry.o)
    0x08000188   0x08000188   0x00000004   Code   RO         3627    .ARM.Collect$$$$00000001  mc_w.l(entry2.o)
    0x0800018c   0x0800018c   0x00000004   Code   RO         3630    .ARM.Collect$$$$00000004  mc_w.l(entry5.o)
    0x08000190   0x08000190   0x00000000   Code   RO         3632    .ARM.Collect$$$$00000008  mc_w.l(entry7b.o)
    0x08000190   0x08000190   0x00000000   Code   RO         3634    .ARM.Collect$$$$0000000A  mc_w.l(entry8b.o)
    0x08000190   0x08000190   0x00000008   Code   RO         3635    .ARM.Collect$$$$0000000B  mc_w.l(entry9a.o)
    0x08000198   0x08000198   0x00000000   Code   RO         3637    .ARM.Collect$$$$0000000D  mc_w.l(entry10a.o)
    0x08000198   0x08000198   0x00000000   Code   RO         3639    .ARM.Collect$$$$0000000F  mc_w.l(entry11a.o)
    0x08000198   0x08000198   0x00000004   Code   RO         3628    .ARM.Collect$$$$00002712  mc_w.l(entry2.o)
    0x0800019c   0x0800019c   0x00000024   Code   RO         2951    .text               startup_stm32f407xx.o
    0x080001c0   0x080001c0   0x00000062   Code   RO         3356    .text               mc_w.l(uldiv.o)
    0x08000222   0x08000222   0x0000014e   Code   RO         3619    .text               mf_w.l(dadd.o)
    0x08000370   0x08000370   0x000000e4   Code   RO         3621    .text               mf_w.l(dmul.o)
    0x08000454   0x08000454   0x00000022   Code   RO         3623    .text               mf_w.l(dflti.o)
    0x08000476   0x08000476   0x0000003e   Code   RO         3625    .text               mf_w.l(dfixi.o)
    0x080004b4   0x080004b4   0x0000001e   Code   RO         3644    .text               mc_w.l(llshl.o)
    0x080004d2   0x080004d2   0x00000020   Code   RO         3646    .text               mc_w.l(llushr.o)
    0x080004f2   0x080004f2   0x00000024   Code   RO         3648    .text               mc_w.l(llsshr.o)
    0x08000516   0x08000516   0x00000000   Code   RO         3650    .text               mc_w.l(iusefp.o)
    0x08000516   0x08000516   0x000000ba   Code   RO         3651    .text               mf_w.l(depilogue.o)
    0x080005d0   0x080005d0   0x00000024   Code   RO         3659    .text               mc_w.l(init.o)
    0x080005f4   0x080005f4   0x00000062   Code   RO            4    i.ADC_DMAConvCplt   stm32f4xx_hal_adc.o
    0x08000656   0x08000656   0x00000016   Code   RO            5    i.ADC_DMAError      stm32f4xx_hal_adc.o
    0x0800066c   0x0800066c   0x0000000a   Code   RO            6    i.ADC_DMAHalfConvCplt  stm32f4xx_hal_adc.o
    0x08000676   0x08000676   0x00000002   PAD
    0x08000678   0x08000678   0x00000124   Code   RO            7    i.ADC_Init          stm32f4xx_hal_adc.o
    0x0800079c   0x0800079c   0x00000002   Code   RO         3224    i.BusFault_Handler  stm32f4xx_it.o
    0x0800079e   0x0800079e   0x00000002   PAD
    0x080007a0   0x080007a0   0x0000000c   Code   RO         3225    i.DMA2_Stream0_IRQHandler  stm32f4xx_it.o
    0x080007ac   0x080007ac   0x00000028   Code   RO         2590    i.DMA_CalcBaseAndBitshift  stm32f4xx_hal_dma.o
    0x080007d4   0x080007d4   0x00000054   Code   RO         2591    i.DMA_CheckFifoParam  stm32f4xx_hal_dma.o
    0x08000828   0x08000828   0x00000028   Code   RO         2592    i.DMA_SetConfig     stm32f4xx_hal_dma.o
    0x08000850   0x08000850   0x00000002   Code   RO         3226    i.DebugMon_Handler  stm32f4xx_it.o
    0x08000852   0x08000852   0x00000002   PAD
    0x08000854   0x08000854   0x0000014c   Code   RO            9    i.HAL_ADC_ConfigChannel  stm32f4xx_hal_adc.o
    0x080009a0   0x080009a0   0x00000002   Code   RO           10    i.HAL_ADC_ConvCpltCallback  stm32f4xx_hal_adc.o
    0x080009a2   0x080009a2   0x00000002   Code   RO           11    i.HAL_ADC_ConvHalfCpltCallback  stm32f4xx_hal_adc.o
    0x080009a4   0x080009a4   0x00000002   Code   RO           13    i.HAL_ADC_ErrorCallback  stm32f4xx_hal_adc.o
    0x080009a6   0x080009a6   0x00000054   Code   RO           18    i.HAL_ADC_Init      stm32f4xx_hal_adc.o
    0x080009fa   0x080009fa   0x00000002   PAD
    0x080009fc   0x080009fc   0x000000d4   Code   RO         2959    i.HAL_ADC_MspInit   stm32f4xx_hal_msp.o
    0x08000ad0   0x08000ad0   0x00000100   Code   RO           25    i.HAL_ADC_Start_DMA  stm32f4xx_hal_adc.o
    0x08000bd0   0x08000bd0   0x000000f8   Code   RO         2325    i.HAL_CAN_ConfigFilter  stm32f4xx_hal_can.o
    0x08000cc8   0x08000cc8   0x00000148   Code   RO         2331    i.HAL_CAN_Init      stm32f4xx_hal_can.o
    0x08000e10   0x08000e10   0x0000009c   Code   RO         2961    i.HAL_CAN_MspInit   stm32f4xx_hal_msp.o
    0x08000eac   0x08000eac   0x000001d6   Code   RO         2334    i.HAL_CAN_Receive   stm32f4xx_hal_can.o
    0x08001082   0x08001082   0x00000002   PAD
    0x08001084   0x08001084   0x000001cc   Code   RO         2338    i.HAL_CAN_Transmit  stm32f4xx_hal_can.o
    0x08001250   0x08001250   0x00000042   Code   RO         2452    i.HAL_DAC_ConfigChannel  stm32f4xx_hal_dac.o
    0x08001292   0x08001292   0x00000028   Code   RO         2462    i.HAL_DAC_Init      stm32f4xx_hal_dac.o
    0x080012ba   0x080012ba   0x00000002   PAD
    0x080012bc   0x080012bc   0x00000044   Code   RO         2963    i.HAL_DAC_MspInit   stm32f4xx_hal_msp.o
    0x08001300   0x08001300   0x00000024   Code   RO         2594    i.HAL_DMA_Abort_IT  stm32f4xx_hal_dma.o
    0x08001324   0x08001324   0x000001a0   Code   RO         2598    i.HAL_DMA_IRQHandler  stm32f4xx_hal_dma.o
    0x080014c4   0x080014c4   0x000000d4   Code   RO         2599    i.HAL_DMA_Init      stm32f4xx_hal_dma.o
    0x08001598   0x08001598   0x00000078   Code   RO         2603    i.HAL_DMA_Start_IT  stm32f4xx_hal_dma.o
    0x08001610   0x08001610   0x0000001c   Code   RO         2703    i.HAL_Delay         stm32f4xx_hal.o
    0x0800162c   0x0800162c   0x000001b0   Code   RO         1936    i.HAL_GPIO_Init     stm32f4xx_hal_gpio.o
    0x080017dc   0x080017dc   0x0000000a   Code   RO         1938    i.HAL_GPIO_ReadPin  stm32f4xx_hal_gpio.o
    0x080017e6   0x080017e6   0x00000002   PAD
    0x080017e8   0x080017e8   0x0000000c   Code   RO         2709    i.HAL_GetTick       stm32f4xx_hal.o
    0x080017f4   0x080017f4   0x00000010   Code   RO         2711    i.HAL_IncTick       stm32f4xx_hal.o
    0x08001804   0x08001804   0x00000034   Code   RO         2712    i.HAL_Init          stm32f4xx_hal.o
    0x08001838   0x08001838   0x00000028   Code   RO         2713    i.HAL_InitTick      stm32f4xx_hal.o
    0x08001860   0x08001860   0x00000058   Code   RO         2964    i.HAL_MspInit       stm32f4xx_hal_msp.o
    0x080018b8   0x080018b8   0x00000016   Code   RO          487    i.HAL_NVIC_EnableIRQ  stm32f4xx_hal_cortex.o
    0x080018ce   0x080018ce   0x00000002   PAD
    0x080018d0   0x080018d0   0x00000040   Code   RO          493    i.HAL_NVIC_SetPriority  stm32f4xx_hal_cortex.o
    0x08001910   0x08001910   0x00000024   Code   RO          494    i.HAL_NVIC_SetPriorityGrouping  stm32f4xx_hal_cortex.o
    0x08001934   0x08001934   0x00000130   Code   RO         2850    i.HAL_RCC_ClockConfig  stm32f4xx_hal_rcc.o
    0x08001a64   0x08001a64   0x0000000c   Code   RO         2855    i.HAL_RCC_GetHCLKFreq  stm32f4xx_hal_rcc.o
    0x08001a70   0x08001a70   0x00000020   Code   RO         2857    i.HAL_RCC_GetPCLK1Freq  stm32f4xx_hal_rcc.o
    0x08001a90   0x08001a90   0x00000020   Code   RO         2858    i.HAL_RCC_GetPCLK2Freq  stm32f4xx_hal_rcc.o
    0x08001ab0   0x08001ab0   0x00000060   Code   RO         2859    i.HAL_RCC_GetSysClockFreq  stm32f4xx_hal_rcc.o
    0x08001b10   0x08001b10   0x0000008c   Code   RO         2860    i.HAL_RCC_MCOConfig  stm32f4xx_hal_rcc.o
    0x08001b9c   0x08001b9c   0x000002f0   Code   RO         2862    i.HAL_RCC_OscConfig  stm32f4xx_hal_rcc.o
    0x08001e8c   0x08001e8c   0x00000018   Code   RO          496    i.HAL_SYSTICK_CLKSourceConfig  stm32f4xx_hal_cortex.o
    0x08001ea4   0x08001ea4   0x00000002   Code   RO          497    i.HAL_SYSTICK_Callback  stm32f4xx_hal_cortex.o
    0x08001ea6   0x08001ea6   0x00000028   Code   RO          498    i.HAL_SYSTICK_Config  stm32f4xx_hal_cortex.o
    0x08001ece   0x08001ece   0x00000008   Code   RO          499    i.HAL_SYSTICK_IRQHandler  stm32f4xx_hal_cortex.o
    0x08001ed6   0x08001ed6   0x0000005a   Code   RO         1370    i.HAL_TIMEx_ConfigBreakDeadTime  stm32f4xx_hal_tim_ex.o
    0x08001f30   0x08001f30   0x00000050   Code   RO         1385    i.HAL_TIMEx_MasterConfigSynchronization  stm32f4xx_hal_tim_ex.o
    0x08001f80   0x08001f80   0x00000036   Code   RO          739    i.HAL_TIM_Base_Init  stm32f4xx_hal_tim.o
    0x08001fb6   0x08001fb6   0x00000002   PAD
    0x08001fb8   0x08001fb8   0x000000d8   Code   RO         2966    i.HAL_TIM_Base_MspInit  stm32f4xx_hal_msp.o
    0x08002090   0x08002090   0x00000018   Code   RO          744    i.HAL_TIM_Base_Start_IT  stm32f4xx_hal_tim.o
    0x080020a8   0x080020a8   0x000000f2   Code   RO          748    i.HAL_TIM_ConfigClockSource  stm32f4xx_hal_tim.o
    0x0800219a   0x0800219a   0x00000002   PAD
    0x0800219c   0x0800219c   0x00000094   Code   RO         2967    i.HAL_TIM_MspPostInit  stm32f4xx_hal_msp.o
    0x08002230   0x08002230   0x000000d0   Code   RO          805    i.HAL_TIM_PWM_ConfigChannel  stm32f4xx_hal_tim.o
    0x08002300   0x08002300   0x00000036   Code   RO          808    i.HAL_TIM_PWM_Init  stm32f4xx_hal_tim.o
    0x08002336   0x08002336   0x00000002   Code   RO          810    i.HAL_TIM_PWM_MspInit  stm32f4xx_hal_tim.o
    0x08002338   0x08002338   0x00000038   Code   RO          812    i.HAL_TIM_PWM_Start  stm32f4xx_hal_tim.o
    0x08002370   0x08002370   0x00000002   Code   RO         1628    i.HAL_UART_ErrorCallback  stm32f4xx_hal_uart.o
    0x08002372   0x08002372   0x0000000a   Code   RO         1630    i.HAL_UART_GetState  stm32f4xx_hal_uart.o
    0x0800237c   0x0800237c   0x00000110   Code   RO         1631    i.HAL_UART_IRQHandler  stm32f4xx_hal_uart.o
    0x0800248c   0x0800248c   0x00000062   Code   RO         1632    i.HAL_UART_Init     stm32f4xx_hal_uart.o
    0x080024ee   0x080024ee   0x00000002   PAD
    0x080024f0   0x080024f0   0x000000ec   Code   RO         2969    i.HAL_UART_MspInit  stm32f4xx_hal_msp.o
    0x080025dc   0x080025dc   0x00000048   Code   RO         1637    i.HAL_UART_Receive_IT  stm32f4xx_hal_uart.o
    0x08002624   0x08002624   0x00000030   Code   RO         3053    i.HAL_UART_RxCpltCallback  main.o
    0x08002654   0x08002654   0x000000ba   Code   RO         1640    i.HAL_UART_Transmit  stm32f4xx_hal_uart.o
    0x0800270e   0x0800270e   0x0000003e   Code   RO         1642    i.HAL_UART_Transmit_IT  stm32f4xx_hal_uart.o
    0x0800274c   0x0800274c   0x00000002   Code   RO         1643    i.HAL_UART_TxCpltCallback  stm32f4xx_hal_uart.o
    0x0800274e   0x0800274e   0x00000002   Code   RO         3227    i.HardFault_Handler  stm32f4xx_it.o
    0x08002750   0x08002750   0x000000c8   Code   RO         3054    i.JoystickGet       main.o
    0x08002818   0x08002818   0x00000108   Code   RO         3055    i.JoystickMapping   main.o
    0x08002920   0x08002920   0x000000bc   Code   RO         3056    i.MX_ADC1_Init      main.o
    0x080029dc   0x080029dc   0x000000b4   Code   RO         3057    i.MX_ADC3_Init      main.o
    0x08002a90   0x08002a90   0x0000003c   Code   RO         3058    i.MX_CAN1_Init      main.o
    0x08002acc   0x08002acc   0x0000003c   Code   RO         3059    i.MX_CAN2_Init      main.o
    0x08002b08   0x08002b08   0x00000040   Code   RO         3060    i.MX_DAC_Init       main.o
    0x08002b48   0x08002b48   0x00000128   Code   RO         3061    i.MX_GPIO_Init      main.o
    0x08002c70   0x08002c70   0x000000c4   Code   RO         3062    i.MX_TIM1_Init      main.o
    0x08002d34   0x08002d34   0x000000a4   Code   RO         3063    i.MX_TIM2_Init      main.o
    0x08002dd8   0x08002dd8   0x000000a8   Code   RO         3064    i.MX_TIM3_Init      main.o
    0x08002e80   0x08002e80   0x0000009c   Code   RO         3065    i.MX_TIM4_Init      main.o
    0x08002f1c   0x08002f1c   0x00000050   Code   RO         3066    i.MX_TIM5_Init      main.o
    0x08002f6c   0x08002f6c   0x00000040   Code   RO         3067    i.MX_TIM9_Init      main.o
    0x08002fac   0x08002fac   0x00000002   Code   RO         3228    i.MemManage_Handler  stm32f4xx_it.o
    0x08002fae   0x08002fae   0x00000002   PAD
    0x08002fb0   0x08002fb0   0x000000a8   Code   RO         3069    i.MotorDriver       main.o
    0x08003058   0x08003058   0x000000b8   Code   RO         3071    i.MotorPidFunction  main.o
    0x08003110   0x08003110   0x00000074   Code   RO         3072    i.Motor_CAN_Reveive  main.o
    0x08003184   0x08003184   0x00000002   Code   RO         3229    i.NMI_Handler       stm32f4xx_it.o
    0x08003186   0x08003186   0x00000020   Code   RO          500    i.NVIC_SetPriority  stm32f4xx_hal_cortex.o
    0x080031a6   0x080031a6   0x00000002   Code   RO         3230    i.PendSV_Handler    stm32f4xx_it.o
    0x080031a8   0x080031a8   0x00000002   Code   RO         3231    i.SVC_Handler       stm32f4xx_it.o
    0x080031aa   0x080031aa   0x0000000e   Code   RO         3232    i.SysTick_Handler   stm32f4xx_it.o
    0x080031b8   0x080031b8   0x000000b4   Code   RO         3073    i.SystemClock_Config  main.o
    0x0800326c   0x0800326c   0x00000054   Code   RO         3319    i.SystemInit        system_stm32f4xx.o
    0x080032c0   0x080032c0   0x000000c0   Code   RO          823    i.TIM_Base_SetConfig  stm32f4xx_hal_tim.o
    0x08003380   0x08003380   0x00000016   Code   RO          824    i.TIM_CCxChannelCmd  stm32f4xx_hal_tim.o
    0x08003396   0x08003396   0x00000014   Code   RO          830    i.TIM_ETR_SetConfig  stm32f4xx_hal_tim.o
    0x080033aa   0x080033aa   0x00000010   Code   RO          831    i.TIM_ITRx_SetConfig  stm32f4xx_hal_tim.o
    0x080033ba   0x080033ba   0x00000002   PAD
    0x080033bc   0x080033bc   0x00000058   Code   RO          832    i.TIM_OC1_SetConfig  stm32f4xx_hal_tim.o
    0x08003414   0x08003414   0x00000064   Code   RO          833    i.TIM_OC2_SetConfig  stm32f4xx_hal_tim.o
    0x08003478   0x08003478   0x00000060   Code   RO          834    i.TIM_OC3_SetConfig  stm32f4xx_hal_tim.o
    0x080034d8   0x080034d8   0x00000050   Code   RO          835    i.TIM_OC4_SetConfig  stm32f4xx_hal_tim.o
    0x08003528   0x08003528   0x00000022   Code   RO          837    i.TIM_TI1_ConfigInputStage  stm32f4xx_hal_tim.o
    0x0800354a   0x0800354a   0x00000024   Code   RO          839    i.TIM_TI2_ConfigInputStage  stm32f4xx_hal_tim.o
    0x0800356e   0x0800356e   0x00000010   Code   RO         1645    i.UART_DMAAbortOnError  stm32f4xx_hal_uart.o
    0x0800357e   0x0800357e   0x0000001c   Code   RO         1655    i.UART_EndRxTransfer  stm32f4xx_hal_uart.o
    0x0800359a   0x0800359a   0x0000008c   Code   RO         1657    i.UART_Receive_IT   stm32f4xx_hal_uart.o
    0x08003626   0x08003626   0x00000002   PAD
    0x08003628   0x08003628   0x000002ac   Code   RO         1658    i.UART_SetConfig    stm32f4xx_hal_uart.o
    0x080038d4   0x080038d4   0x00000062   Code   RO         1659    i.UART_Transmit_IT  stm32f4xx_hal_uart.o
    0x08003936   0x08003936   0x00000064   Code   RO         1660    i.UART_WaitOnFlagUntilTimeout  stm32f4xx_hal_uart.o
    0x0800399a   0x0800399a   0x00000002   PAD
    0x0800399c   0x0800399c   0x0000000c   Code   RO         3233    i.USART1_IRQHandler  stm32f4xx_it.o
    0x080039a8   0x080039a8   0x0000000c   Code   RO         3234    i.USART6_IRQHandler  stm32f4xx_it.o
    0x080039b4   0x080039b4   0x00000002   Code   RO         3235    i.UsageFault_Handler  stm32f4xx_it.o
    0x080039b6   0x080039b6   0x00000002   Code   RO         3074    i._Error_Handler    main.o
    0x080039b8   0x080039b8   0x00000020   Code   RO         3491    i.__0printf$5       mc_w.l(printf5.o)
    0x080039d8   0x080039d8   0x0000000e   Code   RO         3663    i.__scatterload_copy  mc_w.l(handlers.o)
    0x080039e6   0x080039e6   0x00000002   Code   RO         3664    i.__scatterload_null  mc_w.l(handlers.o)
    0x080039e8   0x080039e8   0x0000000e   Code   RO         3665    i.__scatterload_zeroinit  mc_w.l(handlers.o)
    0x080039f6   0x080039f6   0x00000002   PAD
    0x080039f8   0x080039f8   0x000002c0   Code   RO         3498    i._printf_core      mc_w.l(printf5.o)
    0x08003cb8   0x08003cb8   0x00000018   Code   RO         3076    i.fputc             main.o
    0x08003cd0   0x08003cd0   0x0000055a   Code   RO         3077    i.main              main.o
    0x0800422a   0x0800422a   0x00000008   Data   RO         2605    .constdata          stm32f4xx_hal_dma.o
    0x08004232   0x08004232   0x00000010   Data   RO         3320    .constdata          system_stm32f4xx.o
    0x08004242   0x08004242   0x00000008   Data   RO         3321    .constdata          system_stm32f4xx.o
    0x0800424a   0x0800424a   0x00000002   PAD
    0x0800424c   0x0800424c   0x00000020   Data   RO         3661    Region$$Table       anon$$obj.o


    Execution Region RW_IRAM1 (Exec base: 0x20000000, Load base: 0x0800426c, Size: 0x00000b28, Max: 0x00020000, ABSOLUTE)

    Exec Addr    Load Addr    Size         Type   Attr      Idx    E Section Name        Object

    0x20000000   0x0800426c   0x00000004   Data   RW         2718    .data               stm32f4xx_hal.o
    0x20000004   0x08004270   0x00000004   Data   RW         2970    .data               stm32f4xx_hal_msp.o
    0x20000008   0x08004274   0x00000010   Data   RW         3080    .data               main.o
    0x20000018   0x08004284   0x00000004   Data   RW         3322    .data               system_stm32f4xx.o
    0x2000001c   0x08004288   0x00000004   Data   RW         3641    .data               mc_w.l(stdout.o)
    0x20000020        -       0x000006a8   Zero   RW         3078    .bss                main.o
    0x200006c8        -       0x00000060   Zero   RW         3079    .bss                main.o
    0x20000728        -       0x00000400   Zero   RW         2948    STACK               startup_stm32f407xx.o


==============================================================================

Image component sizes


      Code (inc. data)   RO Data    RW Data    ZI Data      Debug   Object Name

      4232        344          0         16       1800      19583   main.o
        36          8        392          0       1024        812   startup_stm32f407xx.o
       148         22          0          4          0       4883   stm32f4xx_hal.o
      1100         56          0          0          0     711277   stm32f4xx_hal_adc.o
      1506         18          0          0          0       5315   stm32f4xx_hal_can.o
       228         14          0          0          0      32993   stm32f4xx_hal_cortex.o
       106          0          0          0          0       2159   stm32f4xx_hal_dac.o
       948         16          8          0          0       7074   stm32f4xx_hal_dma.o
       442         44          0          0          0       2687   stm32f4xx_hal_gpio.o
      1124        188          0          4          0       6080   stm32f4xx_hal_msp.o
      1368         92          0          0          0       7064   stm32f4xx_hal_rcc.o
      1324         88          0          0          0      14390   stm32f4xx_hal_tim.o
       170          0          0          0          0       2376   stm32f4xx_hal_tim_ex.o
      1770         14          0          0          0      12282   stm32f4xx_hal_uart.o
        66         18          0          0          0       5636   stm32f4xx_it.o
        84         18         24          4          0       1239   system_stm32f4xx.o

    ----------------------------------------------------------------------
     14682        940        458         28       2824     835850   Object Totals
         0          0         32          0          0          0   (incl. Generated)
        30          0          2          0          0          0   (incl. Padding)

    ----------------------------------------------------------------------

      Code (inc. data)   RO Data    RW Data    ZI Data      Debug   Library Member Name

         0          0          0          0          0          0   entry.o
         0          0          0          0          0          0   entry10a.o
         0          0          0          0          0          0   entry11a.o
         8          4          0          0          0          0   entry2.o
         4          0          0          0          0          0   entry5.o
         0          0          0          0          0          0   entry7b.o
         0          0          0          0          0          0   entry8b.o
         8          4          0          0          0          0   entry9a.o
        30          0          0          0          0          0   handlers.o
        36          8          0          0          0         68   init.o
         0          0          0          0          0          0   iusefp.o
        30          0          0          0          0         68   llshl.o
        36          0          0          0          0         68   llsshr.o
        32          0          0          0          0         68   llushr.o
       736         56          0          0          0        184   printf5.o
         0          0          0          4          0          0   stdout.o
        98          0          0          0          0         92   uldiv.o
       334          0          0          0          0        148   dadd.o
       186          0          0          0          0        176   depilogue.o
        62          0          0          0          0         80   dfixi.o
        34          0          0          0          0         76   dflti.o
       228          0          0          0          0         96   dmul.o

    ----------------------------------------------------------------------
      1864         72          0          4          0       1124   Library Totals
         2          0          0          0          0          0   (incl. Padding)

    ----------------------------------------------------------------------

      Code (inc. data)   RO Data    RW Data    ZI Data      Debug   Library Name

      1018         72          0          4          0        548   mc_w.l
       844          0          0          0          0        576   mf_w.l

    ----------------------------------------------------------------------
      1864         72          0          4          0       1124   Library Totals

    ----------------------------------------------------------------------

==============================================================================


      Code (inc. data)   RO Data    RW Data    ZI Data      Debug   

     16546       1012        458         32       2824     825358   Grand Totals
     16546       1012        458         32       2824     825358   ELF Image Totals
     16546       1012        458         32          0          0   ROM Totals

==============================================================================

    Total RO  Size (Code + RO Data)                17004 (  16.61kB)
    Total RW  Size (RW Data + ZI Data)              2856 (   2.79kB)
    Total ROM Size (Code + RO Data + RW Data)      17036 (  16.64kB)

==============================================================================

